Archive member included to satisfy reference by file (symbol)

/home/silvia/Università/Magistrale/IoT/Assignment2_IoT/Fake_RIOT_devices/bin/native/application_emcute_mqttsn.a(main.o)
                              /usr/lib/gcc/x86_64-linux-gnu/7/../../../../lib32/Scrt1.o (main)
/home/silvia/Università/Magistrale/IoT/Assignment2_IoT/Fake_RIOT_devices/bin/native/board.a(board_init.o)
                              /home/silvia/Università/Magistrale/IoT/Assignment2_IoT/Fake_RIOT_devices/bin/native/cpu/startup.o (board_init)
/home/silvia/Università/Magistrale/IoT/Assignment2_IoT/Fake_RIOT_devices/bin/native/board.a(board.o)
                              /home/silvia/Università/Magistrale/IoT/Assignment2_IoT/Fake_RIOT_devices/bin/native/application_emcute_mqttsn.a(main.o) (native_motor_driver_qdec_simulation)
/home/silvia/Università/Magistrale/IoT/Assignment2_IoT/Fake_RIOT_devices/bin/native/core.a(kernel_init.o)
                              /home/silvia/Università/Magistrale/IoT/Assignment2_IoT/Fake_RIOT_devices/bin/native/cpu/startup.o (kernel_init)
/home/silvia/Università/Magistrale/IoT/Assignment2_IoT/Fake_RIOT_devices/bin/native/core.a(assert.o)
                              /home/silvia/Università/Magistrale/IoT/Assignment2_IoT/Fake_RIOT_devices/bin/native/cpu/startup.o (_assert_failure)
/home/silvia/Università/Magistrale/IoT/Assignment2_IoT/Fake_RIOT_devices/bin/native/core.a(thread.o)
                              /home/silvia/Università/Magistrale/IoT/Assignment2_IoT/Fake_RIOT_devices/bin/native/application_emcute_mqttsn.a(main.o) (thread_create)
/home/silvia/Università/Magistrale/IoT/Assignment2_IoT/Fake_RIOT_devices/bin/native/core.a(msg.o)
                              /home/silvia/Università/Magistrale/IoT/Assignment2_IoT/Fake_RIOT_devices/bin/native/application_emcute_mqttsn.a(main.o) (msg_init_queue)
/home/silvia/Università/Magistrale/IoT/Assignment2_IoT/Fake_RIOT_devices/bin/native/core.a(thread_flags.o)
                              /home/silvia/Università/Magistrale/IoT/Assignment2_IoT/Fake_RIOT_devices/bin/native/core.a(msg.o) (thread_flags_wake)
/home/silvia/Università/Magistrale/IoT/Assignment2_IoT/Fake_RIOT_devices/bin/native/core.a(panic.o)
                              /home/silvia/Università/Magistrale/IoT/Assignment2_IoT/Fake_RIOT_devices/bin/native/core.a(assert.o) (assert_crash_message)
/home/silvia/Università/Magistrale/IoT/Assignment2_IoT/Fake_RIOT_devices/bin/native/core.a(sched.o)
                              /home/silvia/Università/Magistrale/IoT/Assignment2_IoT/Fake_RIOT_devices/bin/native/core.a(thread.o) (sched_num_threads)
/home/silvia/Università/Magistrale/IoT/Assignment2_IoT/Fake_RIOT_devices/bin/native/cpu.a(syscalls.o)
                              /home/silvia/Università/Magistrale/IoT/Assignment2_IoT/Fake_RIOT_devices/bin/native/cpu/startup.o (real_exit)
/home/silvia/Università/Magistrale/IoT/Assignment2_IoT/Fake_RIOT_devices/bin/native/cpu.a(irq_cpu.o)
                              /home/silvia/Università/Magistrale/IoT/Assignment2_IoT/Fake_RIOT_devices/bin/native/cpu.a(syscalls.o) (native_interrupts_enabled)
/home/silvia/Università/Magistrale/IoT/Assignment2_IoT/Fake_RIOT_devices/bin/native/cpu.a(native_cpu.o)
                              /home/silvia/Università/Magistrale/IoT/Assignment2_IoT/Fake_RIOT_devices/bin/native/core.a(thread.o) (thread_stack_init)
/home/silvia/Università/Magistrale/IoT/Assignment2_IoT/Fake_RIOT_devices/bin/native/cpu.a(tramp.o)
                              /home/silvia/Università/Magistrale/IoT/Assignment2_IoT/Fake_RIOT_devices/bin/native/cpu.a(irq_cpu.o) (_native_sig_leave_tramp)
/home/silvia/Università/Magistrale/IoT/Assignment2_IoT/Fake_RIOT_devices/bin/native/emcute.a(emcute.o)
                              /home/silvia/Università/Magistrale/IoT/Assignment2_IoT/Fake_RIOT_devices/bin/native/application_emcute_mqttsn.a(main.o) (emcute_con)
/home/silvia/Università/Magistrale/IoT/Assignment2_IoT/Fake_RIOT_devices/bin/native/gnrc_sock_udp.a(gnrc_sock_udp.o)
                              /home/silvia/Università/Magistrale/IoT/Assignment2_IoT/Fake_RIOT_devices/bin/native/emcute.a(emcute.o) (sock_udp_create)
/home/silvia/Università/Magistrale/IoT/Assignment2_IoT/Fake_RIOT_devices/bin/native/gnrc_udp.a(gnrc_udp.o)
                              /home/silvia/Università/Magistrale/IoT/Assignment2_IoT/Fake_RIOT_devices/bin/native/gnrc_sock_udp.a(gnrc_sock_udp.o) (gnrc_udp_hdr_build)
/home/silvia/Università/Magistrale/IoT/Assignment2_IoT/Fake_RIOT_devices/bin/native/inet_csum.a(inet_csum.o)
                              /home/silvia/Università/Magistrale/IoT/Assignment2_IoT/Fake_RIOT_devices/bin/native/gnrc_udp.a(gnrc_udp.o) (inet_csum_slice)
/home/silvia/Università/Magistrale/IoT/Assignment2_IoT/Fake_RIOT_devices/bin/native/ipv6_addr.a(ipv6_addr.o)
                              /home/silvia/Università/Magistrale/IoT/Assignment2_IoT/Fake_RIOT_devices/bin/native/gnrc_sock_udp.a(gnrc_sock_udp.o) (ipv6_addr_unspecified)
[...]
Memory Configuration

Name             Origin             Length             Attributes
*default*        0x0000000000000000 0xffffffffffffffff

Linker script and memory map

LOAD /usr/lib/gcc/x86_64-linux-gnu/7/../../../../lib32/Scrt1.o
LOAD /usr/lib/gcc/x86_64-linux-gnu/7/../../../../lib32/crti.o
LOAD /usr/lib/gcc/x86_64-linux-gnu/7/32/crtbeginS.o
LOAD /home/silvia/Università/Magistrale/IoT/Assignment2_IoT/Fake_RIOT_devices/bin/native/cpu/startup.o
START GROUP
LOAD /home/silvia/Università/Magistrale/IoT/Assignment2_IoT/Fake_RIOT_devices/bin/native/application_emcute_mqttsn.a
LOAD /home/silvia/Università/Magistrale/IoT/Assignment2_IoT/Fake_RIOT_devices/bin/native/auto_init.a
LOAD /home/silvia/Università/Magistrale/IoT/Assignment2_IoT/Fake_RIOT_devices/bin/native/auto_init_gnrc_netif.a
LOAD /home/silvia/Università/Magistrale/IoT/Assignment2_IoT/Fake_RIOT_devices/bin/native/board.a
LOAD /home/silvia/Università/Magistrale/IoT/Assignment2_IoT/Fake_RIOT_devices/bin/native/core.a
LOAD /home/silvia/Università/Magistrale/IoT/Assignment2_IoT/Fake_RIOT_devices/bin/native/cpu.a
LOAD /home/silvia/Università/Magistrale/IoT/Assignment2_IoT/Fake_RIOT_devices/bin/native/div.a
LOAD /home/silvia/Università/Magistrale/IoT/Assignment2_IoT/Fake_RIOT_devices/bin/native/emcute.a
LOAD /home/silvia/Università/Magistrale/IoT/Assignment2_IoT/Fake_RIOT_devices/bin/native/evtimer.a
LOAD /home/silvia/Università/Magistrale/IoT/Assignment2_IoT/Fake_RIOT_devices/bin/native/fmt.a
LOAD /home/silvia/Università/Magistrale/IoT/Assignment2_IoT/Fake_RIOT_devices/bin/native/gnrc.a
LOAD /home/silvia/Università/Magistrale/IoT/Assignment2_IoT/Fake_RIOT_devices/bin/native/gnrc_icmpv6.a
LOAD /home/silvia/Università/Magistrale/IoT/Assignment2_IoT/Fake_RIOT_devices/bin/native/gnrc_icmpv6_echo.a
LOAD /home/silvia/Università/Magistrale/IoT/Assignment2_IoT/Fake_RIOT_devices/bin/native/gnrc_ipv6.a
LOAD /home/silvia/Università/Magistrale/IoT/Assignment2_IoT/Fake_RIOT_devices/bin/native/gnrc_ipv6_hdr.a
LOAD /home/silvia/Università/Magistrale/IoT/Assignment2_IoT/Fake_RIOT_devices/bin/native/gnrc_ipv6_nib.a
LOAD /home/silvia/Università/Magistrale/IoT/Assignment2_IoT/Fake_RIOT_devices/bin/native/gnrc_ndp.a
LOAD /home/silvia/Università/Magistrale/IoT/Assignment2_IoT/Fake_RIOT_devices/bin/native/gnrc_netapi.a
LOAD /home/silvia/Università/Magistrale/IoT/Assignment2_IoT/Fake_RIOT_devices/bin/native/gnrc_netif.a
LOAD /home/silvia/Università/Magistrale/IoT/Assignment2_IoT/Fake_RIOT_devices/bin/native/gnrc_netif_ethernet.a
LOAD /home/silvia/Università/Magistrale/IoT/Assignment2_IoT/Fake_RIOT_devices/bin/native/gnrc_netif_hdr.a
LOAD /home/silvia/Università/Magistrale/IoT/Assignment2_IoT/Fake_RIOT_devices/bin/native/gnrc_netreg.a
LOAD /home/silvia/Università/Magistrale/IoT/Assignment2_IoT/Fake_RIOT_devices/bin/native/gnrc_pkt.a
LOAD /home/silvia/Università/Magistrale/IoT/Assignment2_IoT/Fake_RIOT_devices/bin/native/gnrc_pktbuf.a
LOAD /home/silvia/Università/Magistrale/IoT/Assignment2_IoT/Fake_RIOT_devices/bin/native/gnrc_pktbuf_static.a
LOAD /home/silvia/Università/Magistrale/IoT/Assignment2_IoT/Fake_RIOT_devices/bin/native/gnrc_sock.a
LOAD /home/silvia/Università/Magistrale/IoT/Assignment2_IoT/Fake_RIOT_devices/bin/native/gnrc_sock_udp.a
LOAD /home/silvia/Università/Magistrale/IoT/Assignment2_IoT/Fake_RIOT_devices/bin/native/gnrc_udp.a
LOAD /home/silvia/Università/Magistrale/IoT/Assignment2_IoT/Fake_RIOT_devices/bin/native/icmpv6.a
LOAD /home/silvia/Università/Magistrale/IoT/Assignment2_IoT/Fake_RIOT_devices/bin/native/inet_csum.a
LOAD /home/silvia/Università/Magistrale/IoT/Assignment2_IoT/Fake_RIOT_devices/bin/native/iolist.a
LOAD /home/silvia/Università/Magistrale/IoT/Assignment2_IoT/Fake_RIOT_devices/bin/native/ipv6_addr.a
LOAD /home/silvia/Università/Magistrale/IoT/Assignment2_IoT/Fake_RIOT_devices/bin/native/ipv6_hdr.a
LOAD /home/silvia/Università/Magistrale/IoT/Assignment2_IoT/Fake_RIOT_devices/bin/native/l2util.a
LOAD /home/silvia/Università/Magistrale/IoT/Assignment2_IoT/Fake_RIOT_devices/bin/native/luid.a
LOAD /home/silvia/Università/Magistrale/IoT/Assignment2_IoT/Fake_RIOT_devices/bin/native/native-drivers.a
LOAD /home/silvia/Università/Magistrale/IoT/Assignment2_IoT/Fake_RIOT_devices/bin/native/netdev_eth.a
LOAD /home/silvia/Università/Magistrale/IoT/Assignment2_IoT/Fake_RIOT_devices/bin/native/netdev_tap.a
LOAD /home/silvia/Università/Magistrale/IoT/Assignment2_IoT/Fake_RIOT_devices/bin/native/periph.a
LOAD /home/silvia/Università/Magistrale/IoT/Assignment2_IoT/Fake_RIOT_devices/bin/native/ps.a
LOAD /home/silvia/Università/Magistrale/IoT/Assignment2_IoT/Fake_RIOT_devices/bin/native/random.a
LOAD /home/silvia/Università/Magistrale/IoT/Assignment2_IoT/Fake_RIOT_devices/bin/native/shell.a
LOAD /home/silvia/Università/Magistrale/IoT/Assignment2_IoT/Fake_RIOT_devices/bin/native/shell_commands.a
LOAD /home/silvia/Università/Magistrale/IoT/Assignment2_IoT/Fake_RIOT_devices/bin/native/sys.a
LOAD /home/silvia/Università/Magistrale/IoT/Assignment2_IoT/Fake_RIOT_devices/bin/native/tinymt32.a
LOAD /home/silvia/Università/Magistrale/IoT/Assignment2_IoT/Fake_RIOT_devices/bin/native/udp.a
LOAD /home/silvia/Università/Magistrale/IoT/Assignment2_IoT/Fake_RIOT_devices/bin/native/xtimer.a
LOAD /home/silvia/Università/Magistrale/IoT/Assignment2_IoT/Fake_RIOT_devices/bin/native/periph_common.a
LOAD /usr/lib/gcc/x86_64-linux-gnu/7/../../../../lib32/libm.so
END GROUP
LOAD /usr/lib/gcc/x86_64-linux-gnu/7/../../../../lib32/libdl.so
LOAD /usr/lib/gcc/x86_64-linux-gnu/7/32/libgcc.a
LOAD /usr/lib/gcc/x86_64-linux-gnu/7/32/libgcc_s.so
START GROUP
LOAD /usr/lib/gcc/x86_64-linux-gnu/7/32/libgcc_s.so.1
LOAD /usr/lib/gcc/x86_64-linux-gnu/7/32/libgcc.a
END GROUP
LOAD /usr/lib/gcc/x86_64-linux-gnu/7/../../../../lib32/libc.so
START GROUP
LOAD /lib32/libc.so.6
LOAD /usr/lib32/libc_nonshared.a
LOAD /lib32/ld-linux.so.2
END GROUP
LOAD /usr/lib/gcc/x86_64-linux-gnu/7/32/libgcc.a
LOAD /usr/lib/gcc/x86_64-linux-gnu/7/32/libgcc_s.so
START GROUP
LOAD /usr/lib/gcc/x86_64-linux-gnu/7/32/libgcc_s.so.1
LOAD /usr/lib/gcc/x86_64-linux-gnu/7/32/libgcc.a
END GROUP
LOAD /usr/lib/gcc/x86_64-linux-gnu/7/32/crtendS.o
LOAD /usr/lib/gcc/x86_64-linux-gnu/7/../../../../lib32/crtn.o
                [!provide]                        PROVIDE (__executable_start = SEGMENT_START ("text-segment", 0x0))
                0x0000000000000154                . = (SEGMENT_START ("text-segment", 0x0) + SIZEOF_HEADERS)

.interp         0x0000000000000154       0x13
 *(.interp)
 .interp        0x0000000000000154       0x13 /usr/lib/gcc/x86_64-linux-gnu/7/../../../../lib32/Scrt1.o

.note.ABI-tag   0x0000000000000168       0x20
 .note.ABI-tag  0x0000000000000168       0x20 /usr/lib/gcc/x86_64-linux-gnu/7/../../../../lib32/Scrt1.o

.note.gnu.build-id
                0x0000000000000188       0x24
 *(.note.gnu.build-id)
 .note.gnu.build-id
                0x0000000000000188       0x24 /usr/lib/gcc/x86_64-linux-gnu/7/../../../../lib32/Scrt1.o

.hash
 *(.hash)

.gnu.hash       0x00000000000001ac       0xb4
 *(.gnu.hash)
 .gnu.hash      0x00000000000001ac       0xb4 /usr/lib/gcc/x86_64-linux-gnu/7/../../../../lib32/Scrt1.o

.dynsym         0x0000000000000260      0x420
 *(.dynsym)
 .dynsym        0x0000000000000260      0x420 /usr/lib/gcc/x86_64-linux-gnu/7/../../../../lib32/Scrt1.o

.dynstr         0x0000000000000680      0x25f
 *(.dynstr)
 .dynstr        0x0000000000000680      0x25f /usr/lib/gcc/x86_64-linux-gnu/7/../../../../lib32/Scrt1.o

.gnu.version    0x00000000000008e0       0x84
 *(.gnu.version)
 .gnu.version   0x00000000000008e0       0x84 /usr/lib/gcc/x86_64-linux-gnu/7/../../../../lib32/Scrt1.o

.gnu.version_d  0x0000000000000964        0x0
 *(.gnu.version_d)
 .gnu.version_d
                0x0000000000000964        0x0 /usr/lib/gcc/x86_64-linux-gnu/7/../../../../lib32/Scrt1.o

.gnu.version_r  0x0000000000000964       0x70
 *(.gnu.version_r)
 .gnu.version_r
                0x0000000000000964       0x70 /usr/lib/gcc/x86_64-linux-gnu/7/../../../../lib32/Scrt1.o

.rel.dyn        0x00000000000009d4      0x420
 *(.rel.init)
 *(.rel.text .rel.text.* .rel.gnu.linkonce.t.*)
 .rel.text.core_panic
                0x00000000000009d4        0x0 /usr/lib/gcc/x86_64-linux-gnu/7/../../../../lib32/Scrt1.o
 .rel.text      0x00000000000009d4       0x38 /usr/lib/gcc/x86_64-linux-gnu/7/../../../../lib32/Scrt1.o
 *(.rel.fini)
 *(.rel.rodata .rel.rodata.* .rel.gnu.linkonce.r.*)
 *(.rel.data.rel.ro .rel.data.rel.ro.* .rel.gnu.linkonce.d.rel.ro.*)
 .rel.data.rel.ro
                0x0000000000000a0c        0x0 /usr/lib/gcc/x86_64-linux-gnu/7/../../../../lib32/Scrt1.o
 .rel.data.rel.ro.local.long_opts
                0x0000000000000a0c       0x40 /usr/lib/gcc/x86_64-linux-gnu/7/../../../../lib32/Scrt1.o
 .rel.data.rel.ro.local.shell_commands
                0x0000000000000a4c       0xa8 /usr/lib/gcc/x86_64-linux-gnu/7/../../../../lib32/Scrt1.o
 .rel.data.rel.ro._shell_command_list
                0x0000000000000af4       0xa8 /usr/lib/gcc/x86_64-linux-gnu/7/../../../../lib32/Scrt1.o
 .rel.data.rel.ro.local.flag_cmds
                0x0000000000000b9c       0x88 /usr/lib/gcc/x86_64-linux-gnu/7/../../../../lib32/Scrt1.o
 .rel.data.rel.ro.ethernet_ops
                0x0000000000000c24       0x20 /usr/lib/gcc/x86_64-linux-gnu/7/../../../../lib32/Scrt1.o
 .rel.data.rel.ro.local.netdev_driver_tap
                0x0000000000000c44       0x30 /usr/lib/gcc/x86_64-linux-gnu/7/../../../../lib32/Scrt1.o
 *(.rel.data .rel.data.* .rel.gnu.linkonce.d.*)
 .rel.data.rel.local
                0x0000000000000c74        0x8 /usr/lib/gcc/x86_64-linux-gnu/7/../../../../lib32/Scrt1.o
 .rel.data.rel.local.main_name
                0x0000000000000c7c        0x8 /usr/lib/gcc/x86_64-linux-gnu/7/../../../../lib32/Scrt1.o
 .rel.data.rel.local.idle_name
                0x0000000000000c84        0x8 /usr/lib/gcc/x86_64-linux-gnu/7/../../../../lib32/Scrt1.o
 .rel.data.rel.local.state_names
                0x0000000000000c8c       0x60 /usr/lib/gcc/x86_64-linux-gnu/7/../../../../lib32/Scrt1.o
 .rel.data.rel.local.INCORRECT_QUOTING.2624
                0x0000000000000cec        0x8 /usr/lib/gcc/x86_64-linux-gnu/7/../../../../lib32/Scrt1.o
 .rel.data.rel.local._netopt_state_str
                0x0000000000000cf4       0x38 /usr/lib/gcc/x86_64-linux-gnu/7/../../../../lib32/Scrt1.o
 .rel.data.rel.local._netopt_bandwidth_str
                0x0000000000000d2c       0x18 /usr/lib/gcc/x86_64-linux-gnu/7/../../../../lib32/Scrt1.o
 .rel.data.rel.local._netopt_coding_rate_str
                0x0000000000000d44       0x20 /usr/lib/gcc/x86_64-linux-gnu/7/../../../../lib32/Scrt1.o
 .rel.data.rel.local._nud_str
                0x0000000000000d64       0x38 /usr/lib/gcc/x86_64-linux-gnu/7/../../../../lib32/Scrt1.o
 *(.rel.tdata .rel.tdata.* .rel.gnu.linkonce.td.*)
 *(.rel.tbss .rel.tbss.* .rel.gnu.linkonce.tb.*)
 *(.rel.ctors)
 *(.rel.dtors)
 *(.rel.got)
 .rel.got       0x0000000000000d9c       0x40 /usr/lib/gcc/x86_64-linux-gnu/7/../../../../lib32/Scrt1.o
 *(.rel.bss .rel.bss.* .rel.gnu.linkonce.b.*)
 .rel.bss       0x0000000000000ddc        0x0 /usr/lib/gcc/x86_64-linux-gnu/7/../../../../lib32/Scrt1.o
 *(.rel.ifunc)
 .rel.ifunc     0x0000000000000ddc        0x0 /usr/lib/gcc/x86_64-linux-gnu/7/../../../../lib32/Scrt1.o
 .rel.fini_array
                0x0000000000000ddc        0x8 /usr/lib/gcc/x86_64-linux-gnu/7/../../../../lib32/Scrt1.o
 .rel.init_array
                0x0000000000000de4       0x10 /usr/lib/gcc/x86_64-linux-gnu/7/../../../../lib32/Scrt1.o

.rel.plt        0x0000000000000df4      0x130
 *(.rel.plt)
 .rel.plt       0x0000000000000df4      0x130 /usr/lib/gcc/x86_64-linux-gnu/7/../../../../lib32/Scrt1.o
                [!provide]                        PROVIDE (__rel_iplt_start = .)
 *(.rel.iplt)
                [!provide]                        PROVIDE (__rel_iplt_end = .)

.init           0x0000000000000f24       0x23
 *(SORT_NONE(.init))
 .init          0x0000000000000f24       0x1e /usr/lib/gcc/x86_64-linux-gnu/7/../../../../lib32/crti.o
                0x0000000000000f24                _init
 .init          0x0000000000000f42        0x5 /usr/lib/gcc/x86_64-linux-gnu/7/../../../../lib32/crtn.o

.plt            0x0000000000000f50      0x270
 *(.plt)
 .plt           0x0000000000000f50      0x270 /usr/lib/gcc/x86_64-linux-gnu/7/../../../../lib32/Scrt1.o
 *(.iplt)

.plt.got        0x00000000000011c0       0x10
 *(.plt.got)
 .plt.got       0x00000000000011c0       0x10 /usr/lib/gcc/x86_64-linux-gnu/7/../../../../lib32/Scrt1.o

.plt.sec
 *(.plt.sec)

.text           0x00000000000011d0    0x23c64
 *(.text.unlikely .text.*_unlikely .text.unlikely.*)
 *(.text.exit .text.exit.*)
 *(.text.startup .text.startup.*)
 .text.startup  0x00000000000011d0      0x38a /home/silvia/Università/Magistrale/IoT/Assignment2_IoT/Fake_RIOT_devices/bin/native/cpu/startup.o
 *(.text.hot .text.hot.*)
 *(.text .stub .text.* .gnu.linkonce.t.*)
 .text          0x000000000000155a       0x36 /usr/lib/gcc/x86_64-linux-gnu/7/../../../../lib32/Scrt1.o
                0x000000000000155a                _start
 .gnu.linkonce.t.__x86.get_pc_thunk.bx
                0x0000000000001590        0x4 /usr/lib/gcc/x86_64-linux-gnu/7/../../../../lib32/crti.o
                0x0000000000001590                __x86.get_pc_thunk.bx
 *fill*         0x0000000000001594        0xc 
 .text          0x00000000000015a0       0xe9 /usr/lib/gcc/x86_64-linux-gnu/7/32/crtbeginS.o
 .text.__x86.get_pc_thunk.dx
                0x0000000000001689        0x4 /usr/lib/gcc/x86_64-linux-gnu/7/32/crtbeginS.o
                0x0000000000001689                __x86.get_pc_thunk.dx
 .text._native_input
                0x000000000000168d       0x9c /home/silvia/Università/Magistrale/IoT/Assignment2_IoT/Fake_RIOT_devices/bin/native/cpu/startup.o
                0x000000000000168d                _native_input
 .text._native_log_output
                0x0000000000001729      0x162 /home/silvia/Università/Magistrale/IoT/Assignment2_IoT/Fake_RIOT_devices/bin/native/cpu/startup.o
                0x0000000000001729                _native_log_output
 .text.daemonize
                0x000000000000188b      0x106 /home/silvia/Università/Magistrale/IoT/Assignment2_IoT/Fake_RIOT_devices/bin/native/cpu/startup.o
                0x000000000000188b                daemonize
 .text.filter_daemonize_argv
                0x0000000000001991       0xba /home/silvia/Università/Magistrale/IoT/Assignment2_IoT/Fake_RIOT_devices/bin/native/cpu/startup.o
 .text.usage_exit
                0x0000000000001a4b       0xce /home/silvia/Università/Magistrale/IoT/Assignment2_IoT/Fake_RIOT_devices/bin/native/cpu/startup.o
                0x0000000000001a4b                usage_exit
 .text.emcute_thread
                0x0000000000001b19       0x57 /home/silvia/Università/Magistrale/IoT/Assignment2_IoT/Fake_RIOT_devices/bin/native/application_emcute_mqttsn.a(main.o)
 .text.on_pub   0x0000000000001b70       0xb0 /home/silvia/Università/Magistrale/IoT/Assignment2_IoT/Fake_RIOT_devices/bin/native/application_emcute_mqttsn.a(main.o)
 .text.get_qos  0x0000000000001c20       0x6e /home/silvia/Università/Magistrale/IoT/Assignment2_IoT/Fake_RIOT_devices/bin/native/application_emcute_mqttsn.a(main.o)
 .text.cmd_con  0x0000000000001c8e      0x19c /home/silvia/Università/Magistrale/IoT/Assignment2_IoT/Fake_RIOT_devices/bin/native/application_emcute_mqttsn.a(main.o)
 .text.cmd_discon
                0x0000000000001e2a       0x9c /home/silvia/Università/Magistrale/IoT/Assignment2_IoT/Fake_RIOT_devices/bin/native/application_emcute_mqttsn.a(main.o)
 .text.cmd_pub  0x0000000000001ec6      0x17a /home/silvia/Università/Magistrale/IoT/Assignment2_IoT/Fake_RIOT_devices/bin/native/application_emcute_mqttsn.a(main.o)
 .text.cmd_sub  0x0000000000002040      0x1ea /home/silvia/Università/Magistrale/IoT/Assignment2_IoT/Fake_RIOT_devices/bin/native/application_emcute_mqttsn.a(main.o)
 .text.cmd_unsub
                0x000000000000222a      0x180 /home/silvia/Università/Magistrale/IoT/Assignment2_IoT/Fake_RIOT_devices/bin/native/application_emcute_mqttsn.a(main.o)
 .text.cmd_will
                0x00000000000023aa       0xf9 /home/silvia/Università/Magistrale/IoT/Assignment2_IoT/Fake_RIOT_devices/bin/native/application_emcute_mqttsn.a(main.o)
 .text.get_next_value
                0x00000000000024a3       0x88 /home/silvia/Università/Magistrale/IoT/Assignment2_IoT/Fake_RIOT_devices/bin/native/application_emcute_mqttsn.a(main.o)
                0x00000000000024a3                get_next_value
 .text.publish_sensor_data
                0x000000000000252b       0xed /home/silvia/Università/Magistrale/IoT/Assignment2_IoT/Fake_RIOT_devices/bin/native/application_emcute_mqttsn.a(main.o)
                0x000000000000252b                publish_sensor_data
 .text.id_error_handler
                0x0000000000002618       0x70 /home/silvia/Università/Magistrale/IoT/Assignment2_IoT/Fake_RIOT_devices/bin/native/application_emcute_mqttsn.a(main.o)
                0x0000000000002618                id_error_handler
 .text.cmd_publish_environmental_station_data
                0x0000000000002688      0x52b /home/silvia/Università/Magistrale/IoT/Assignment2_IoT/Fake_RIOT_devices/bin/native/application_emcute_mqttsn.a(main.o)
 .text.main     0x0000000000002bb3       0xe5 /home/silvia/Università/Magistrale/IoT/Assignment2_IoT/Fake_RIOT_devices/bin/native/application_emcute_mqttsn.a(main.o)
                0x0000000000002bb3                main
 .text.__x86.get_pc_thunk.ax
                0x0000000000002c98        0x4 /home/silvia/Università/Magistrale/IoT/Assignment2_IoT/Fake_RIOT_devices/bin/native/application_emcute_mqttsn.a(main.o)
                0x0000000000002c98                __x86.get_pc_thunk.ax
 .text.board_init
                0x0000000000002c9c       0x50 /home/silvia/Università/Magistrale/IoT/Assignment2_IoT/Fake_RIOT_devices/bin/native/board.a(board_init.o)
                0x0000000000002c9c                board_init
 .text.main_trampoline
                0x0000000000002cec       0x5a /home/silvia/Università/Magistrale/IoT/Assignment2_IoT/Fake_RIOT_devices/bin/native/core.a(kernel_init.o)
 .text.idle_thread
                0x0000000000002d46       0x2a /home/silvia/Università/Magistrale/IoT/Assignment2_IoT/Fake_RIOT_devices/bin/native/core.a(kernel_init.o)
 .text.kernel_init
                0x0000000000002d70       0x7d /home/silvia/Università/Magistrale/IoT/Assignment2_IoT/Fake_RIOT_devices/bin/native/core.a(kernel_init.o)
                0x0000000000002d70                kernel_init
 .text._assert_failure
                0x0000000000002ded       0x52 /home/silvia/Università/Magistrale/IoT/Assignment2_IoT/Fake_RIOT_devices/bin/native/core.a(assert.o)
                0x0000000000002ded                _assert_failure
 .text.clist_lpoprpush
                0x0000000000002e3f       0x4a /home/silvia/Università/Magistrale/IoT/Assignment2_IoT/Fake_RIOT_devices/bin/native/core.a(thread.o)
 .text.cib_init
                0x0000000000002e89       0x8b /home/silvia/Università/Magistrale/IoT/Assignment2_IoT/Fake_RIOT_devices/bin/native/core.a(thread.o)
 .text.thread_yield
                0x0000000000002f14       0x8a /home/silvia/Università/Magistrale/IoT/Assignment2_IoT/Fake_RIOT_devices/bin/native/core.a(thread.o)
                0x0000000000002f14                thread_yield
 .text.thread_add_to_list
                0x0000000000002f9e       0xbe /home/silvia/Università/Magistrale/IoT/Assignment2_IoT/Fake_RIOT_devices/bin/native/core.a(thread.o)
                0x0000000000002f9e                thread_add_to_list
 .text.thread_measure_stack_free
                0x000000000000305c       0x5c /home/silvia/Università/Magistrale/IoT/Assignment2_IoT/Fake_RIOT_devices/bin/native/core.a(thread.o)
                0x000000000000305c                thread_measure_stack_free
 .text.thread_create
                0x00000000000030b8      0x277 /home/silvia/Università/Magistrale/IoT/Assignment2_IoT/Fake_RIOT_devices/bin/native/core.a(thread.o)
                0x00000000000030b8                thread_create
 .text.pid_is_valid
                0x000000000000332f       0x4f /home/silvia/Università/Magistrale/IoT/Assignment2_IoT/Fake_RIOT_devices/bin/native/core.a(msg.o)
 .text.list_remove_head
                0x000000000000337e       0x4f /home/silvia/Università/Magistrale/IoT/Assignment2_IoT/Fake_RIOT_devices/bin/native/core.a(msg.o)
 .text.cib_init
                0x00000000000033cd       0x8b /home/silvia/Università/Magistrale/IoT/Assignment2_IoT/Fake_RIOT_devices/bin/native/core.a(msg.o)
 .text.cib_avail
                0x0000000000003458       0x43 /home/silvia/Università/Magistrale/IoT/Assignment2_IoT/Fake_RIOT_devices/bin/native/core.a(msg.o)
 .text.cib_get  0x000000000000349b       0x62 /home/silvia/Università/Magistrale/IoT/Assignment2_IoT/Fake_RIOT_devices/bin/native/core.a(msg.o)
 .text.cib_put  0x00000000000034fd       0x72 /home/silvia/Università/Magistrale/IoT/Assignment2_IoT/Fake_RIOT_devices/bin/native/core.a(msg.o)
 .text.thread_has_msg_queue
                0x000000000000356f       0x42 /home/silvia/Università/Magistrale/IoT/Assignment2_IoT/Fake_RIOT_devices/bin/native/core.a(msg.o)
 .text.queue_msg
                0x00000000000035b1       0xa9 /home/silvia/Università/Magistrale/IoT/Assignment2_IoT/Fake_RIOT_devices/bin/native/core.a(msg.o)
 .text.msg_send
                0x000000000000365a       0x99 /home/silvia/Università/Magistrale/IoT/Assignment2_IoT/Fake_RIOT_devices/bin/native/core.a(msg.o)
                0x000000000000365a                msg_send
 .text.msg_try_send
                0x00000000000036f3       0x99 /home/silvia/Università/Magistrale/IoT/Assignment2_IoT/Fake_RIOT_devices/bin/native/core.a(msg.o)
                0x00000000000036f3                msg_try_send
 .text._msg_send
                0x000000000000378c      0x1da /home/silvia/Università/Magistrale/IoT/Assignment2_IoT/Fake_RIOT_devices/bin/native/core.a(msg.o)
 .text.msg_send_to_self
                0x0000000000003966       0x7b /home/silvia/Università/Magistrale/IoT/Assignment2_IoT/Fake_RIOT_devices/bin/native/core.a(msg.o)
                0x0000000000003966                msg_send_to_self
 .text.msg_send_int
                0x00000000000039e1       0xcf /home/silvia/Università/Magistrale/IoT/Assignment2_IoT/Fake_RIOT_devices/bin/native/core.a(msg.o)
                0x00000000000039e1                msg_send_int
 .text.msg_send_receive
                0x0000000000003ab0       0xc9 /home/silvia/Università/Magistrale/IoT/Assignment2_IoT/Fake_RIOT_devices/bin/native/core.a(msg.o)
                0x0000000000003ab0                msg_send_receive
 .text.msg_reply
                0x0000000000003b79       0xf0 /home/silvia/Università/Magistrale/IoT/Assignment2_IoT/Fake_RIOT_devices/bin/native/core.a(msg.o)
                0x0000000000003b79                msg_reply
 .text.msg_try_receive
                0x0000000000003c69       0x44 /home/silvia/Università/Magistrale/IoT/Assignment2_IoT/Fake_RIOT_devices/bin/native/core.a(msg.o)
                0x0000000000003c69                msg_try_receive
 .text.msg_receive
                0x0000000000003cad       0x44 /home/silvia/Università/Magistrale/IoT/Assignment2_IoT/Fake_RIOT_devices/bin/native/core.a(msg.o)
                0x0000000000003cad                msg_receive
 .text._msg_receive
                0x0000000000003cf1      0x21b /home/silvia/Università/Magistrale/IoT/Assignment2_IoT/Fake_RIOT_devices/bin/native/core.a(msg.o)
 .text.msg_init_queue
                0x0000000000003f0c       0x66 /home/silvia/Università/Magistrale/IoT/Assignment2_IoT/Fake_RIOT_devices/bin/native/core.a(msg.o)
                0x0000000000003f0c                msg_init_queue
 .text._thread_flags_clear_atomic
                0x0000000000003f72       0x81 /home/silvia/Università/Magistrale/IoT/Assignment2_IoT/Fake_RIOT_devices/bin/native/core.a(thread_flags.o)
 .text._thread_flags_wait
                0x0000000000003ff3       0x7d /home/silvia/Università/Magistrale/IoT/Assignment2_IoT/Fake_RIOT_devices/bin/native/core.a(thread_flags.o)
 .text.thread_flags_clear
                0x0000000000004070       0x5c /home/silvia/Università/Magistrale/IoT/Assignment2_IoT/Fake_RIOT_devices/bin/native/core.a(thread_flags.o)
                0x0000000000004070                thread_flags_clear
 .text._thread_flags_wait_any
                0x00000000000040cc       0x83 /home/silvia/Università/Magistrale/IoT/Assignment2_IoT/Fake_RIOT_devices/bin/native/core.a(thread_flags.o)
 .text.thread_flags_wait_any
                0x000000000000414f       0x64 /home/silvia/Università/Magistrale/IoT/Assignment2_IoT/Fake_RIOT_devices/bin/native/core.a(thread_flags.o)
                0x000000000000414f                thread_flags_wait_any
 .text.thread_flags_wake
                0x00000000000041b3       0xaf /home/silvia/Università/Magistrale/IoT/Assignment2_IoT/Fake_RIOT_devices/bin/native/core.a(thread_flags.o)
                0x00000000000041b3                thread_flags_wake
 .text.thread_flags_set
                0x0000000000004262      0x101 /home/silvia/Università/Magistrale/IoT/Assignment2_IoT/Fake_RIOT_devices/bin/native/core.a(thread_flags.o)
                0x0000000000004262                thread_flags_set
 .text.panic_arch
                0x0000000000004363       0x2f /home/silvia/Università/Magistrale/IoT/Assignment2_IoT/Fake_RIOT_devices/bin/native/core.a(panic.o)
                0x0000000000004363                panic_arch
 .text.core_panic
                0x0000000000004392       0xa1 /home/silvia/Università/Magistrale/IoT/Assignment2_IoT/Fake_RIOT_devices/bin/native/core.a(panic.o)
                0x0000000000004392                core_panic
 .text.bitarithm_lsb
                0x0000000000004433       0x51 /home/silvia/Università/Magistrale/IoT/Assignment2_IoT/Fake_RIOT_devices/bin/native/core.a(sched.o)
 .text.clist_rpush
                0x0000000000004484       0x6c /home/silvia/Università/Magistrale/IoT/Assignment2_IoT/Fake_RIOT_devices/bin/native/core.a(sched.o)
 .text.clist_lpop
                0x00000000000044f0       0x72 /home/silvia/Università/Magistrale/IoT/Assignment2_IoT/Fake_RIOT_devices/bin/native/core.a(sched.o)
 .text.sched_run
                0x0000000000004562       0xc3 /home/silvia/Università/Magistrale/IoT/Assignment2_IoT/Fake_RIOT_devices/bin/native/core.a(sched.o)
                0x0000000000004562                sched_run
 .text.sched_set_status
                0x0000000000004625      0x11d /home/silvia/Università/Magistrale/IoT/Assignment2_IoT/Fake_RIOT_devices/bin/native/core.a(sched.o)
                0x0000000000004625                sched_set_status
 .text.sched_switch
                0x0000000000004742       0x90 /home/silvia/Università/Magistrale/IoT/Assignment2_IoT/Fake_RIOT_devices/bin/native/core.a(sched.o)
                0x0000000000004742                sched_switch
 .text.sched_task_exit
                0x00000000000047d2       0x67 /home/silvia/Università/Magistrale/IoT/Assignment2_IoT/Fake_RIOT_devices/bin/native/core.a(sched.o)
                0x00000000000047d2                sched_task_exit
 .text._native_syscall_enter
                0x0000000000004839       0x43 /home/silvia/Università/Magistrale/IoT/Assignment2_IoT/Fake_RIOT_devices/bin/native/cpu.a(syscalls.o)
                0x0000000000004839                _native_syscall_enter
 .text._native_syscall_leave
                0x000000000000487c      0x137 /home/silvia/Università/Magistrale/IoT/Assignment2_IoT/Fake_RIOT_devices/bin/native/cpu.a(syscalls.o)
                0x000000000000487c                _native_syscall_leave
 .text.malloc   0x00000000000049b3       0xa8 /home/silvia/Università/Magistrale/IoT/Assignment2_IoT/Fake_RIOT_devices/bin/native/cpu.a(syscalls.o)
                0x00000000000049b3                malloc
 .text.free     0x0000000000004a5b       0x55 /home/silvia/Università/Magistrale/IoT/Assignment2_IoT/Fake_RIOT_devices/bin/native/cpu.a(syscalls.o)
                0x0000000000004a5b                free
 .text.calloc   0x0000000000004ab0       0xb1 /home/silvia/Università/Magistrale/IoT/Assignment2_IoT/Fake_RIOT_devices/bin/native/cpu.a(syscalls.o)
                0x0000000000004ab0                calloc
 .text.realloc  0x0000000000004b61       0x63 /home/silvia/Università/Magistrale/IoT/Assignment2_IoT/Fake_RIOT_devices/bin/native/cpu.a(syscalls.o)
                0x0000000000004b61                realloc
 .text._native_write
                0x0000000000004bc4       0x6c /home/silvia/Università/Magistrale/IoT/Assignment2_IoT/Fake_RIOT_devices/bin/native/cpu.a(syscalls.o)
                0x0000000000004bc4                _native_write
 .text._native_writev
                0x0000000000004c30       0x6c /home/silvia/Università/Magistrale/IoT/Assignment2_IoT/Fake_RIOT_devices/bin/native/cpu.a(syscalls.o)
                0x0000000000004c30                _native_writev
 .text.putchar  0x0000000000004c9c       0x4c /home/silvia/Università/Magistrale/IoT/Assignment2_IoT/Fake_RIOT_devices/bin/native/cpu.a(syscalls.o)
                0x0000000000004c9c                putchar
 .text.puts     0x0000000000004ce8       0x6d /home/silvia/Università/Magistrale/IoT/Assignment2_IoT/Fake_RIOT_devices/bin/native/cpu.a(syscalls.o)
                0x0000000000004ce8                puts
 .text.make_message
                0x0000000000004d55       0xd8 /home/silvia/Università/Magistrale/IoT/Assignment2_IoT/Fake_RIOT_devices/bin/native/cpu.a(syscalls.o)
                0x0000000000004d55                make_message
 .text.printf   0x0000000000004e2d       0x5c /home/silvia/Università/Magistrale/IoT/Assignment2_IoT/Fake_RIOT_devices/bin/native/cpu.a(syscalls.o)
                0x0000000000004e2d                printf
 .text.vprintf  0x0000000000004e89       0x55 /home/silvia/Università/Magistrale/IoT/Assignment2_IoT/Fake_RIOT_devices/bin/native/cpu.a(syscalls.o)
                0x0000000000004e89                vprintf
 .text.fprintf  0x0000000000004ede       0x5b /home/silvia/Università/Magistrale/IoT/Assignment2_IoT/Fake_RIOT_devices/bin/native/cpu.a(syscalls.o)
                0x0000000000004ede                fprintf
 .text.vfprintf
                0x0000000000004f39       0xb5 /home/silvia/Università/Magistrale/IoT/Assignment2_IoT/Fake_RIOT_devices/bin/native/cpu.a(syscalls.o)
                0x0000000000004f39                vfprintf
 .text.vwarn    0x0000000000004fee      0x14e /home/silvia/Università/Magistrale/IoT/Assignment2_IoT/Fake_RIOT_devices/bin/native/cpu.a(syscalls.o)
                0x0000000000004fee                vwarn
 .text.vwarnx   0x000000000000513c      0x103 /home/silvia/Università/Magistrale/IoT/Assignment2_IoT/Fake_RIOT_devices/bin/native/cpu.a(syscalls.o)
                0x000000000000513c                vwarnx
 .text.verr     0x000000000000523f       0x4e /home/silvia/Università/Magistrale/IoT/Assignment2_IoT/Fake_RIOT_devices/bin/native/cpu.a(syscalls.o)
                0x000000000000523f                verr
 .text.verrx    0x000000000000528d       0x4e /home/silvia/Università/Magistrale/IoT/Assignment2_IoT/Fake_RIOT_devices/bin/native/cpu.a(syscalls.o)
                0x000000000000528d                verrx
 .text.warn     0x00000000000052db       0x4d /home/silvia/Università/Magistrale/IoT/Assignment2_IoT/Fake_RIOT_devices/bin/native/cpu.a(syscalls.o)
                0x00000000000052db                warn
 .text.warnx    0x0000000000005328       0x4d /home/silvia/Università/Magistrale/IoT/Assignment2_IoT/Fake_RIOT_devices/bin/native/cpu.a(syscalls.o)
                0x0000000000005328                warnx
 .text.err      0x0000000000005375       0x3f /home/silvia/Università/Magistrale/IoT/Assignment2_IoT/Fake_RIOT_devices/bin/native/cpu.a(syscalls.o)
                0x0000000000005375                err
 .text.errx     0x00000000000053b4       0x3f /home/silvia/Università/Magistrale/IoT/Assignment2_IoT/Fake_RIOT_devices/bin/native/cpu.a(syscalls.o)
                0x00000000000053b4                errx
 .text.getpid   0x00000000000053f3       0x46 /home/silvia/Università/Magistrale/IoT/Assignment2_IoT/Fake_RIOT_devices/bin/native/cpu.a(syscalls.o)
                0x00000000000053f3                getpid
 .text._native_init_syscalls
                0x0000000000005439      0x5af /home/silvia/Università/Magistrale/IoT/Assignment2_IoT/Fake_RIOT_devices/bin/native/cpu.a(syscalls.o)
                0x0000000000005439                _native_init_syscalls
 .text.thread_isr_stack_pointer
                0x00000000000059e8       0x35 /home/silvia/Università/Magistrale/IoT/Assignment2_IoT/Fake_RIOT_devices/bin/native/cpu.a(irq_cpu.o)
                0x00000000000059e8                thread_isr_stack_pointer
 .text.thread_isr_stack_start
                0x0000000000005a1d       0x35 /home/silvia/Università/Magistrale/IoT/Assignment2_IoT/Fake_RIOT_devices/bin/native/cpu.a(irq_cpu.o)
                0x0000000000005a1d                thread_isr_stack_start
 .text.irq_disable
                0x0000000000005a52       0x85 /home/silvia/Università/Magistrale/IoT/Assignment2_IoT/Fake_RIOT_devices/bin/native/cpu.a(irq_cpu.o)
                0x0000000000005a52                irq_disable
 .text.irq_enable
                0x0000000000005ad7       0xa5 /home/silvia/Università/Magistrale/IoT/Assignment2_IoT/Fake_RIOT_devices/bin/native/cpu.a(irq_cpu.o)
                0x0000000000005ad7                irq_enable
 .text.irq_restore
                0x0000000000005b7c       0x47 /home/silvia/Università/Magistrale/IoT/Assignment2_IoT/Fake_RIOT_devices/bin/native/cpu.a(irq_cpu.o)
                0x0000000000005b7c                irq_restore
 .text.irq_is_in
                0x0000000000005bc3       0x35 /home/silvia/Università/Magistrale/IoT/Assignment2_IoT/Fake_RIOT_devices/bin/native/cpu.a(irq_cpu.o)
                0x0000000000005bc3                irq_is_in
 .text._native_popsig
                0x0000000000005bf8       0x9f /home/silvia/Università/Magistrale/IoT/Assignment2_IoT/Fake_RIOT_devices/bin/native/cpu.a(irq_cpu.o)
                0x0000000000005bf8                _native_popsig
 .text.native_irq_handler
                0x0000000000005c97       0x8f /home/silvia/Università/Magistrale/IoT/Assignment2_IoT/Fake_RIOT_devices/bin/native/cpu.a(irq_cpu.o)
                0x0000000000005c97                native_irq_handler
 .text.isr_set_sigmask
                0x0000000000005d26       0x60 /home/silvia/Università/Magistrale/IoT/Assignment2_IoT/Fake_RIOT_devices/bin/native/cpu.a(irq_cpu.o)
                0x0000000000005d26                isr_set_sigmask
 .text.native_isr_entry
                0x0000000000005d86      0x18f /home/silvia/Università/Magistrale/IoT/Assignment2_IoT/Fake_RIOT_devices/bin/native/cpu.a(irq_cpu.o)
                0x0000000000005d86                native_isr_entry
 .text.set_signal_handler
                0x0000000000005f15      0x15f /home/silvia/Università/Magistrale/IoT/Assignment2_IoT/Fake_RIOT_devices/bin/native/cpu.a(irq_cpu.o)
                0x0000000000005f15                set_signal_handler
 .text.register_interrupt
                0x0000000000006074       0x77 /home/silvia/Università/Magistrale/IoT/Assignment2_IoT/Fake_RIOT_devices/bin/native/cpu.a(irq_cpu.o)
                0x0000000000006074                register_interrupt
 .text.unregister_interrupt
                0x00000000000060eb       0x72 /home/silvia/Università/Magistrale/IoT/Assignment2_IoT/Fake_RIOT_devices/bin/native/cpu.a(irq_cpu.o)
                0x00000000000060eb                unregister_interrupt
 .text.native_shutdown
                0x000000000000615d       0x4e /home/silvia/Università/Magistrale/IoT/Assignment2_IoT/Fake_RIOT_devices/bin/native/cpu.a(irq_cpu.o)
 .text.native_interrupt_init
                0x00000000000061ab      0x3bc /home/silvia/Università/Magistrale/IoT/Assignment2_IoT/Fake_RIOT_devices/bin/native/cpu.a(irq_cpu.o)
                0x00000000000061ab                native_interrupt_init
 .text._native_mod_ctx_leave_sigh
                0x0000000000006567       0x54 /home/silvia/Università/Magistrale/IoT/Assignment2_IoT/Fake_RIOT_devices/bin/native/cpu.a(native_cpu.o)
 .text.thread_isr_stack_usage
                0x00000000000065bb       0x33 /home/silvia/Università/Magistrale/IoT/Assignment2_IoT/Fake_RIOT_devices/bin/native/cpu.a(native_cpu.o)
                0x00000000000065bb                thread_isr_stack_usage
 .text.thread_stack_init
                0x00000000000065ee      0x106 /home/silvia/Università/Magistrale/IoT/Assignment2_IoT/Fake_RIOT_devices/bin/native/cpu.a(native_cpu.o)
                0x00000000000065ee                thread_stack_init
 .text.isr_cpu_switch_context_exit
                0x00000000000066f4       0x97 /home/silvia/Università/Magistrale/IoT/Assignment2_IoT/Fake_RIOT_devices/bin/native/cpu.a(native_cpu.o)
                0x00000000000066f4                isr_cpu_switch_context_exit
 .text.cpu_switch_context_exit
                0x000000000000678b       0xd1 /home/silvia/Università/Magistrale/IoT/Assignment2_IoT/Fake_RIOT_devices/bin/native/cpu.a(native_cpu.o)
                0x000000000000678b                cpu_switch_context_exit
 .text.isr_thread_yield
                0x000000000000685c       0x95 /home/silvia/Università/Magistrale/IoT/Assignment2_IoT/Fake_RIOT_devices/bin/native/cpu.a(native_cpu.o)
                0x000000000000685c                isr_thread_yield
 .text.thread_yield_higher
                0x00000000000068f1      0x100 /home/silvia/Università/Magistrale/IoT/Assignment2_IoT/Fake_RIOT_devices/bin/native/cpu.a(native_cpu.o)
                0x00000000000068f1                thread_yield_higher
 .text.native_cpu_init
                0x00000000000069f1       0xa2 /home/silvia/Università/Magistrale/IoT/Assignment2_IoT/Fake_RIOT_devices/bin/native/cpu.a(native_cpu.o)
                0x00000000000069f1                native_cpu_init
 .text          0x0000000000006a93       0x3f /home/silvia/Università/Magistrale/IoT/Assignment2_IoT/Fake_RIOT_devices/bin/native/cpu.a(tramp.o)
                0x0000000000006a93                _native_sig_leave_tramp
                0x0000000000006ac1                _native_sig_leave_handler
 .text.mutex_init
                0x0000000000006ad2       0x3e /home/silvia/Università/Magistrale/IoT/Assignment2_IoT/Fake_RIOT_devices/bin/native/emcute.a(emcute.o)
 .text.mutex_lock
                0x0000000000006b10       0x4c /home/silvia/Università/Magistrale/IoT/Assignment2_IoT/Fake_RIOT_devices/bin/native/emcute.a(emcute.o)
 .text._xtimer_usec_from_ticks
                0x0000000000006b5c       0x37 /home/silvia/Università/Magistrale/IoT/Assignment2_IoT/Fake_RIOT_devices/bin/native/emcute.a(emcute.o)
 .text._xtimer_ticks_from_usec
                0x0000000000006b93       0x37 /home/silvia/Università/Magistrale/IoT/Assignment2_IoT/Fake_RIOT_devices/bin/native/emcute.a(emcute.o)
 .text._xtimer_lltimer_now
                0x0000000000006bca       0x42 /home/silvia/Università/Magistrale/IoT/Assignment2_IoT/Fake_RIOT_devices/bin/native/emcute.a(emcute.o)
 .text._xtimer_now
                0x0000000000006c0c       0x33 /home/silvia/Università/Magistrale/IoT/Assignment2_IoT/Fake_RIOT_devices/bin/native/emcute.a(emcute.o)
 .text.xtimer_now
                0x0000000000006c3f       0x49 /home/silvia/Università/Magistrale/IoT/Assignment2_IoT/Fake_RIOT_devices/bin/native/emcute.a(emcute.o)
 .text.xtimer_now_usec
                0x0000000000006c88       0x4b /home/silvia/Università/Magistrale/IoT/Assignment2_IoT/Fake_RIOT_devices/bin/native/emcute.a(emcute.o)
 .text.xtimer_set
                0x0000000000006cd3       0x5d /home/silvia/Università/Magistrale/IoT/Assignment2_IoT/Fake_RIOT_devices/bin/native/emcute.a(emcute.o)
 .text.xtimer_usec_from_ticks
                0x0000000000006d30       0x43 /home/silvia/Università/Magistrale/IoT/Assignment2_IoT/Fake_RIOT_devices/bin/native/emcute.a(emcute.o)
 .text.byteorder_bebuftohs
                0x0000000000006d73       0x50 /home/silvia/Università/Magistrale/IoT/Assignment2_IoT/Fake_RIOT_devices/bin/native/emcute.a(emcute.o)
 .text.byteorder_htobebufs
                0x0000000000006dc3       0x59 /home/silvia/Università/Magistrale/IoT/Assignment2_IoT/Fake_RIOT_devices/bin/native/emcute.a(emcute.o)
 .text.set_len  0x0000000000006e1c       0x7d /home/silvia/Università/Magistrale/IoT/Assignment2_IoT/Fake_RIOT_devices/bin/native/emcute.a(emcute.o)
 .text.get_len  0x0000000000006e99       0x79 /home/silvia/Università/Magistrale/IoT/Assignment2_IoT/Fake_RIOT_devices/bin/native/emcute.a(emcute.o)
 .text.time_evt
                0x0000000000006f12       0x4c /home/silvia/Università/Magistrale/IoT/Assignment2_IoT/Fake_RIOT_devices/bin/native/emcute.a(emcute.o)
 .text.syncsend
                0x0000000000006f5e      0x118 /home/silvia/Università/Magistrale/IoT/Assignment2_IoT/Fake_RIOT_devices/bin/native/emcute.a(emcute.o)
 .text.on_disconnect
                0x0000000000007076       0x69 /home/silvia/Università/Magistrale/IoT/Assignment2_IoT/Fake_RIOT_devices/bin/native/emcute.a(emcute.o)
 .text.on_ack   0x00000000000070df       0xf1 /home/silvia/Università/Magistrale/IoT/Assignment2_IoT/Fake_RIOT_devices/bin/native/emcute.a(emcute.o)
 .text.on_publish
                0x00000000000071d0      0x1a2 /home/silvia/Università/Magistrale/IoT/Assignment2_IoT/Fake_RIOT_devices/bin/native/emcute.a(emcute.o)
 .text.on_pingreq
                0x0000000000007372       0x5c /home/silvia/Università/Magistrale/IoT/Assignment2_IoT/Fake_RIOT_devices/bin/native/emcute.a(emcute.o)
 .text.on_pingresp
                0x00000000000073ce       0x2f /home/silvia/Università/Magistrale/IoT/Assignment2_IoT/Fake_RIOT_devices/bin/native/emcute.a(emcute.o)
 .text.send_ping
                0x00000000000073fd       0x66 /home/silvia/Università/Magistrale/IoT/Assignment2_IoT/Fake_RIOT_devices/bin/native/emcute.a(emcute.o)
 .text.emcute_con
                0x0000000000007463      0x2f6 /home/silvia/Università/Magistrale/IoT/Assignment2_IoT/Fake_RIOT_devices/bin/native/emcute.a(emcute.o)
                0x0000000000007463                emcute_con
 .text.emcute_discon
                0x0000000000007759       0x77 /home/silvia/Università/Magistrale/IoT/Assignment2_IoT/Fake_RIOT_devices/bin/native/emcute.a(emcute.o)
                0x0000000000007759                emcute_discon
 .text.emcute_reg
                0x00000000000077d0      0x175 /home/silvia/Università/Magistrale/IoT/Assignment2_IoT/Fake_RIOT_devices/bin/native/emcute.a(emcute.o)
                0x00000000000077d0                emcute_reg
 .text.emcute_pub
                0x0000000000007945      0x1fc /home/silvia/Università/Magistrale/IoT/Assignment2_IoT/Fake_RIOT_devices/bin/native/emcute.a(emcute.o)
                0x0000000000007945                emcute_pub
 .text.emcute_sub
                0x0000000000007b41      0x1d5 /home/silvia/Università/Magistrale/IoT/Assignment2_IoT/Fake_RIOT_devices/bin/native/emcute.a(emcute.o)
                0x0000000000007b41                emcute_sub
 .text.emcute_unsub
                0x0000000000007d16      0x190 /home/silvia/Università/Magistrale/IoT/Assignment2_IoT/Fake_RIOT_devices/bin/native/emcute.a(emcute.o)
                0x0000000000007d16                emcute_unsub
 .text.emcute_willupd_topic
                0x0000000000007ea6      0x11e /home/silvia/Università/Magistrale/IoT/Assignment2_IoT/Fake_RIOT_devices/bin/native/emcute.a(emcute.o)
                0x0000000000007ea6                emcute_willupd_topic
 .text.emcute_willupd_msg
                0x0000000000007fc4      0x101 /home/silvia/Università/Magistrale/IoT/Assignment2_IoT/Fake_RIOT_devices/bin/native/emcute.a(emcute.o)
                0x0000000000007fc4                emcute_willupd_msg
 .text.emcute_run
                0x00000000000080c5      0x32b /home/silvia/Università/Magistrale/IoT/Assignment2_IoT/Fake_RIOT_devices/bin/native/emcute.a(emcute.o)
                0x00000000000080c5                emcute_run
 .text.byteorder_swaps
                0x00000000000083f0       0x3d /home/silvia/Università/Magistrale/IoT/Assignment2_IoT/Fake_RIOT_devices/bin/native/gnrc_sock_udp.a(gnrc_sock_udp.o)
 .text.byteorder_ntohs
                0x000000000000842d       0x49 /home/silvia/Università/Magistrale/IoT/Assignment2_IoT/Fake_RIOT_devices/bin/native/gnrc_sock_udp.a(gnrc_sock_udp.o)
 .text.gnrc_pktbuf_release
                0x0000000000008476       0x4c /home/silvia/Università/Magistrale/IoT/Assignment2_IoT/Fake_RIOT_devices/bin/native/gnrc_sock_udp.a(gnrc_sock_udp.o)
 .text.gnrc_af_not_supported
                0x00000000000084c2       0x3b /home/silvia/Università/Magistrale/IoT/Assignment2_IoT/Fake_RIOT_devices/bin/native/gnrc_sock_udp.a(gnrc_sock_udp.o)
 .text.gnrc_ep_addr_any
                0x00000000000084fd       0x8d /home/silvia/Università/Magistrale/IoT/Assignment2_IoT/Fake_RIOT_devices/bin/native/gnrc_sock_udp.a(gnrc_sock_udp.o)
 .text.gnrc_ep_set
                0x000000000000858a       0x83 /home/silvia/Università/Magistrale/IoT/Assignment2_IoT/Fake_RIOT_devices/bin/native/gnrc_sock_udp.a(gnrc_sock_udp.o)
 .text._dyn_port_used
                0x000000000000860d       0x3a /home/silvia/Università/Magistrale/IoT/Assignment2_IoT/Fake_RIOT_devices/bin/native/gnrc_sock_udp.a(gnrc_sock_udp.o)
 .text._get_dyn_port
                0x0000000000008647       0xb1 /home/silvia/Università/Magistrale/IoT/Assignment2_IoT/Fake_RIOT_devices/bin/native/gnrc_sock_udp.a(gnrc_sock_udp.o)
 .text.sock_udp_create
                0x00000000000086f8      0x1f8 /home/silvia/Università/Magistrale/IoT/Assignment2_IoT/Fake_RIOT_devices/bin/native/gnrc_sock_udp.a(gnrc_sock_udp.o)
                0x00000000000086f8                sock_udp_create
 .text.sock_udp_recv
                0x00000000000088f0      0x20b /home/silvia/Università/Magistrale/IoT/Assignment2_IoT/Fake_RIOT_devices/bin/native/gnrc_sock_udp.a(gnrc_sock_udp.o)
                0x00000000000088f0                sock_udp_recv
 .text.sock_udp_send
                0x0000000000008afb      0x2e1 /home/silvia/Università/Magistrale/IoT/Assignment2_IoT/Fake_RIOT_devices/bin/native/gnrc_sock_udp.a(gnrc_sock_udp.o)
                0x0000000000008afb                sock_udp_send
 .text.byteorder_swaps
                0x0000000000008ddc       0x3d /home/silvia/Università/Magistrale/IoT/Assignment2_IoT/Fake_RIOT_devices/bin/native/gnrc_udp.a(gnrc_udp.o)
 .text.byteorder_htons
                0x0000000000008e19       0x60 /home/silvia/Università/Magistrale/IoT/Assignment2_IoT/Fake_RIOT_devices/bin/native/gnrc_udp.a(gnrc_udp.o)
 .text.byteorder_ntohs
                0x0000000000008e79       0x49 /home/silvia/Università/Magistrale/IoT/Assignment2_IoT/Fake_RIOT_devices/bin/native/gnrc_udp.a(gnrc_udp.o)
 .text.inet_csum
                0x0000000000008ec2       0x62 /home/silvia/Università/Magistrale/IoT/Assignment2_IoT/Fake_RIOT_devices/bin/native/gnrc_udp.a(gnrc_udp.o)
 .text.ipv6_hdr_inet_csum
                0x0000000000008f24       0x96 /home/silvia/Università/Magistrale/IoT/Assignment2_IoT/Fake_RIOT_devices/bin/native/gnrc_udp.a(gnrc_udp.o)
 .text.gnrc_pkt_len
                0x0000000000008fba       0x57 /home/silvia/Università/Magistrale/IoT/Assignment2_IoT/Fake_RIOT_devices/bin/native/gnrc_udp.a(gnrc_udp.o)
 .text.gnrc_netapi_dispatch_send
                0x0000000000009011       0x5d /home/silvia/Università/Magistrale/IoT/Assignment2_IoT/Fake_RIOT_devices/bin/native/gnrc_udp.a(gnrc_udp.o)
 .text.gnrc_netapi_dispatch_receive
                0x000000000000906e       0x5d /home/silvia/Università/Magistrale/IoT/Assignment2_IoT/Fake_RIOT_devices/bin/native/gnrc_udp.a(gnrc_udp.o)
 .text.gnrc_pktbuf_release
                0x00000000000090cb       0x4c /home/silvia/Università/Magistrale/IoT/Assignment2_IoT/Fake_RIOT_devices/bin/native/gnrc_udp.a(gnrc_udp.o)
 .text._calc_csum
                0x0000000000009117      0x110 /home/silvia/Università/Magistrale/IoT/Assignment2_IoT/Fake_RIOT_devices/bin/native/gnrc_udp.a(gnrc_udp.o)
 .text._receive
                0x0000000000009227      0x191 /home/silvia/Università/Magistrale/IoT/Assignment2_IoT/Fake_RIOT_devices/bin/native/gnrc_udp.a(gnrc_udp.o)
 .text._send    0x00000000000093b8      0x184 /home/silvia/Università/Magistrale/IoT/Assignment2_IoT/Fake_RIOT_devices/bin/native/gnrc_udp.a(gnrc_udp.o)
 .text._event_loop
                0x000000000000953c       0xf5 /home/silvia/Università/Magistrale/IoT/Assignment2_IoT/Fake_RIOT_devices/bin/native/gnrc_udp.a(gnrc_udp.o)
 .text.gnrc_udp_calc_csum
                0x0000000000009631       0xb3 /home/silvia/Università/Magistrale/IoT/Assignment2_IoT/Fake_RIOT_devices/bin/native/gnrc_udp.a(gnrc_udp.o)
                0x0000000000009631                gnrc_udp_calc_csum
 .text.gnrc_udp_hdr_build
                0x00000000000096e4       0xf7 /home/silvia/Università/Magistrale/IoT/Assignment2_IoT/Fake_RIOT_devices/bin/native/gnrc_udp.a(gnrc_udp.o)
                0x00000000000096e4                gnrc_udp_hdr_build
 .text.gnrc_udp_init
                0x00000000000097db       0x79 /home/silvia/Università/Magistrale/IoT/Assignment2_IoT/Fake_RIOT_devices/bin/native/gnrc_udp.a(gnrc_udp.o)
                0x00000000000097db                gnrc_udp_init
 .text.__x86.get_pc_thunk.si
                0x0000000000009854        0x4 /home/silvia/Università/Magistrale/IoT/Assignment2_IoT/Fake_RIOT_devices/bin/native/gnrc_udp.a(gnrc_udp.o)
                0x0000000000009854                __x86.get_pc_thunk.si
 .text.inet_csum_slice
                0x0000000000009858      0x113 /home/silvia/Università/Magistrale/IoT/Assignment2_IoT/Fake_RIOT_devices/bin/native/inet_csum.a(inet_csum.o)
                0x0000000000009858                inet_csum_slice
 .text.ipv6_addr_equal
                0x000000000000996b       0xa9 /home/silvia/Università/Magistrale/IoT/Assignment2_IoT/Fake_RIOT_devices/bin/native/ipv6_addr.a(ipv6_addr.o)
                0x000000000000996b                ipv6_addr_equal
 .text.ipv6_addr_match_prefix
                0x0000000000009a14       0xe2 /home/silvia/Università/Magistrale/IoT/Assignment2_IoT/Fake_RIOT_devices/bin/native/ipv6_addr.a(ipv6_addr.o)
                0x0000000000009a14                ipv6_addr_match_prefix
 .text.ipv6_addr_init_prefix
                0x0000000000009af6       0xeb /home/silvia/Università/Magistrale/IoT/Assignment2_IoT/Fake_RIOT_devices/bin/native/ipv6_addr.a(ipv6_addr.o)
                0x0000000000009af6                ipv6_addr_init_prefix
 .text.ipv6_addr_split
                0x0000000000009be1       0x99 /home/silvia/Università/Magistrale/IoT/Assignment2_IoT/Fake_RIOT_devices/bin/native/ipv6_addr.a(ipv6_addr.o)
                0x0000000000009be1                ipv6_addr_split
 .text.ipv6_addr_to_str
                0x0000000000009c7a      0x33b /home/silvia/Università/Magistrale/IoT/Assignment2_IoT/Fake_RIOT_devices/bin/native/ipv6_addr.a(ipv6_addr_to_str.o)
                0x0000000000009c7a                ipv6_addr_to_str
 .text.ipv6_addr_set_unspecified
                0x0000000000009fb5       0x4e /home/silvia/Università/Magistrale/IoT/Assignment2_IoT/Fake_RIOT_devices/bin/native/ipv6_addr.a(ipv6_addr_from_str.o)
 .text.ipv6_addr_from_str
                0x000000000000a003      0x289 /home/silvia/Università/Magistrale/IoT/Assignment2_IoT/Fake_RIOT_devices/bin/native/ipv6_addr.a(ipv6_addr_from_str.o)
                0x000000000000a003                ipv6_addr_from_str
 .text._native_LED_GREEN_ON
                0x000000000000a28c       0x48 /home/silvia/Università/Magistrale/IoT/Assignment2_IoT/Fake_RIOT_devices/bin/native/native-drivers.a(native-led.o)
                0x000000000000a28c                _native_LED_GREEN_ON
 .text._native_LED_RED_OFF
                0x000000000000a2d4       0x48 /home/silvia/Università/Magistrale/IoT/Assignment2_IoT/Fake_RIOT_devices/bin/native/native-drivers.a(native-led.o)
                0x000000000000a2d4                _native_LED_RED_OFF
 .text.pm_set_lowest
                0x000000000000a31c       0x89 /home/silvia/Università/Magistrale/IoT/Assignment2_IoT/Fake_RIOT_devices/bin/native/periph.a(pm.o)
                0x000000000000a31c                pm_set_lowest
 .text.pm_off   0x000000000000a3a5       0x3e /home/silvia/Università/Magistrale/IoT/Assignment2_IoT/Fake_RIOT_devices/bin/native/periph.a(pm.o)
                0x000000000000a3a5                pm_off
 .text.pm_reboot
                0x000000000000a3e3       0x81 /home/silvia/Università/Magistrale/IoT/Assignment2_IoT/Fake_RIOT_devices/bin/native/periph.a(pm.o)
                0x000000000000a3e3                pm_reboot
 .text.tty_uart_setup
                0x000000000000a464       0x5f /home/silvia/Università/Magistrale/IoT/Assignment2_IoT/Fake_RIOT_devices/bin/native/periph.a(uart.o)
                0x000000000000a464                tty_uart_setup
 .text.ts2ticks
                0x000000000000a4c3       0x61 /home/silvia/Università/Magistrale/IoT/Assignment2_IoT/Fake_RIOT_devices/bin/native/periph.a(timer.o)
 .text.native_isr_timer
                0x000000000000a524       0x47 /home/silvia/Università/Magistrale/IoT/Assignment2_IoT/Fake_RIOT_devices/bin/native/periph.a(timer.o)
                0x000000000000a524                native_isr_timer
 .text.timer_init
                0x000000000000a56b       0xb0 /home/silvia/Università/Magistrale/IoT/Assignment2_IoT/Fake_RIOT_devices/bin/native/periph.a(timer.o)
                0x000000000000a56b                timer_init
 .text.do_timer_set
                0x000000000000a61b       0xd7 /home/silvia/Università/Magistrale/IoT/Assignment2_IoT/Fake_RIOT_devices/bin/native/periph.a(timer.o)
 .text.timer_set
                0x000000000000a6f2       0x6d /home/silvia/Università/Magistrale/IoT/Assignment2_IoT/Fake_RIOT_devices/bin/native/periph.a(timer.o)
                0x000000000000a6f2                timer_set
 .text.timer_set_absolute
                0x000000000000a75f       0x69 /home/silvia/Università/Magistrale/IoT/Assignment2_IoT/Fake_RIOT_devices/bin/native/periph.a(timer.o)
                0x000000000000a75f                timer_set_absolute
 .text.timer_read
                0x000000000000a7c8       0x97 /home/silvia/Università/Magistrale/IoT/Assignment2_IoT/Fake_RIOT_devices/bin/native/periph.a(timer.o)
                0x000000000000a7c8                timer_read
 .text.ps       0x000000000000a85f      0x1d1 /home/silvia/Università/Magistrale/IoT/Assignment2_IoT/Fake_RIOT_devices/bin/native/ps.a(ps.o)
                0x000000000000a85f                ps
 .text.flush_if_needed
                0x000000000000aa30       0x2f /home/silvia/Università/Magistrale/IoT/Assignment2_IoT/Fake_RIOT_devices/bin/native/shell.a(shell.o)
 .text.find_handler
                0x000000000000aa5f       0xa5 /home/silvia/Università/Magistrale/IoT/Assignment2_IoT/Fake_RIOT_devices/bin/native/shell.a(shell.o)
 .text.print_help
                0x000000000000ab04       0xcc /home/silvia/Università/Magistrale/IoT/Assignment2_IoT/Fake_RIOT_devices/bin/native/shell.a(shell.o)
 .text.handle_input_line
                0x000000000000abd0      0x32f /home/silvia/Università/Magistrale/IoT/Assignment2_IoT/Fake_RIOT_devices/bin/native/shell.a(shell.o)
 .text.readline
                0x000000000000aeff      0x126 /home/silvia/Università/Magistrale/IoT/Assignment2_IoT/Fake_RIOT_devices/bin/native/shell.a(shell.o)
 .text.print_prompt
                0x000000000000b025       0x53 /home/silvia/Università/Magistrale/IoT/Assignment2_IoT/Fake_RIOT_devices/bin/native/shell.a(shell.o)
 .text.shell_run
                0x000000000000b078       0x80 /home/silvia/Università/Magistrale/IoT/Assignment2_IoT/Fake_RIOT_devices/bin/native/shell.a(shell.o)
                0x000000000000b078                shell_run
 .text._reboot_handler
                0x000000000000b0f8       0x4c /home/silvia/Università/Magistrale/IoT/Assignment2_IoT/Fake_RIOT_devices/bin/native/shell_commands.a(sc_sys.o)
                0x000000000000b0f8                _reboot_handler
 .text._ps_handler
                0x000000000000b144       0x4c /home/silvia/Università/Magistrale/IoT/Assignment2_IoT/Fake_RIOT_devices/bin/native/shell_commands.a(sc_ps.o)
                0x000000000000b144                _ps_handler
 .text._xtimer_lltimer_now
                0x000000000000b190       0x42 /home/silvia/Università/Magistrale/IoT/Assignment2_IoT/Fake_RIOT_devices/bin/native/shell_commands.a(sc_random.o)
 .text._xtimer_now
                0x000000000000b1d2       0x33 /home/silvia/Università/Magistrale/IoT/Assignment2_IoT/Fake_RIOT_devices/bin/native/shell_commands.a(sc_random.o)
 .text._random_init
                0x000000000000b205       0xa4 /home/silvia/Università/Magistrale/IoT/Assignment2_IoT/Fake_RIOT_devices/bin/native/shell_commands.a(sc_random.o)
                0x000000000000b205                _random_init
 .text._random_get
                0x000000000000b2a9       0x5c /home/silvia/Università/Magistrale/IoT/Assignment2_IoT/Fake_RIOT_devices/bin/native/shell_commands.a(sc_random.o)
                0x000000000000b2a9                _random_get
 .text.ipv6_addr_is_multicast
                0x000000000000b305       0x3f /home/silvia/Università/Magistrale/IoT/Assignment2_IoT/Fake_RIOT_devices/bin/native/shell_commands.a(sc_gnrc_netif.o)
 .text.ipv6_addr_is_link_local
                0x000000000000b344       0x89 /home/silvia/Università/Magistrale/IoT/Assignment2_IoT/Fake_RIOT_devices/bin/native/shell_commands.a(sc_gnrc_netif.o)
 .text.gnrc_netapi_get
                0x000000000000b3cd       0x7a /home/silvia/Università/Magistrale/IoT/Assignment2_IoT/Fake_RIOT_devices/bin/native/shell_commands.a(sc_gnrc_netif.o)
 .text.gnrc_netapi_set
                0x000000000000b447       0x7a /home/silvia/Università/Magistrale/IoT/Assignment2_IoT/Fake_RIOT_devices/bin/native/shell_commands.a(sc_gnrc_netif.o)
 .text._is_number
                0x000000000000b4c1       0x64 /home/silvia/Università/Magistrale/IoT/Assignment2_IoT/Fake_RIOT_devices/bin/native/shell_commands.a(sc_gnrc_netif.o)
 .text._is_iface
                0x000000000000b525       0x51 /home/silvia/Università/Magistrale/IoT/Assignment2_IoT/Fake_RIOT_devices/bin/native/shell_commands.a(sc_gnrc_netif.o)
 .text._set_usage
                0x000000000000b576       0x61 /home/silvia/Università/Magistrale/IoT/Assignment2_IoT/Fake_RIOT_devices/bin/native/shell_commands.a(sc_gnrc_netif.o)
 .text._flag_usage
                0x000000000000b5d7       0xa4 /home/silvia/Università/Magistrale/IoT/Assignment2_IoT/Fake_RIOT_devices/bin/native/shell_commands.a(sc_gnrc_netif.o)
 .text._add_usage
                0x000000000000b67b       0x51 /home/silvia/Università/Magistrale/IoT/Assignment2_IoT/Fake_RIOT_devices/bin/native/shell_commands.a(sc_gnrc_netif.o)
 .text._del_usage
                0x000000000000b6cc       0x51 /home/silvia/Università/Magistrale/IoT/Assignment2_IoT/Fake_RIOT_devices/bin/native/shell_commands.a(sc_gnrc_netif.o)
 .text._print_netopt
                0x000000000000b71d      0x238 /home/silvia/Università/Magistrale/IoT/Assignment2_IoT/Fake_RIOT_devices/bin/native/shell_commands.a(sc_gnrc_netif.o)
 .text._newline
                0x000000000000b955       0x65 /home/silvia/Università/Magistrale/IoT/Assignment2_IoT/Fake_RIOT_devices/bin/native/shell_commands.a(sc_gnrc_netif.o)
 .text._netif_list_flag
                0x000000000000b9ba       0xae /home/silvia/Università/Magistrale/IoT/Assignment2_IoT/Fake_RIOT_devices/bin/native/shell_commands.a(sc_gnrc_netif.o)
 .text._netif_list_ipv6
                0x000000000000ba68      0x162 /home/silvia/Università/Magistrale/IoT/Assignment2_IoT/Fake_RIOT_devices/bin/native/shell_commands.a(sc_gnrc_netif.o)
 .text._netif_list_groups
                0x000000000000bbca       0x90 /home/silvia/Università/Magistrale/IoT/Assignment2_IoT/Fake_RIOT_devices/bin/native/shell_commands.a(sc_gnrc_netif.o)
 .text._netif_list
                0x000000000000bc5a      0x9ad /home/silvia/Università/Magistrale/IoT/Assignment2_IoT/Fake_RIOT_devices/bin/native/shell_commands.a(sc_gnrc_netif.o)
 .text._netif_set_u32
                0x000000000000c607      0x1a5 /home/silvia/Università/Magistrale/IoT/Assignment2_IoT/Fake_RIOT_devices/bin/native/shell_commands.a(sc_gnrc_netif.o)
 .text._netif_set_bandwidth
                0x000000000000c7ac      0x10f /home/silvia/Università/Magistrale/IoT/Assignment2_IoT/Fake_RIOT_devices/bin/native/shell_commands.a(sc_gnrc_netif.o)
 .text._netif_set_coding_rate
                0x000000000000c8bb      0x12e /home/silvia/Università/Magistrale/IoT/Assignment2_IoT/Fake_RIOT_devices/bin/native/shell_commands.a(sc_gnrc_netif.o)
 .text._netif_set_u16
                0x000000000000c9e9      0x1cc /home/silvia/Università/Magistrale/IoT/Assignment2_IoT/Fake_RIOT_devices/bin/native/shell_commands.a(sc_gnrc_netif.o)
 .text._netif_set_i16
                0x000000000000cbb5       0xf4 /home/silvia/Università/Magistrale/IoT/Assignment2_IoT/Fake_RIOT_devices/bin/native/shell_commands.a(sc_gnrc_netif.o)
 .text._netif_set_u8
                0x000000000000cca9       0xff /home/silvia/Università/Magistrale/IoT/Assignment2_IoT/Fake_RIOT_devices/bin/native/shell_commands.a(sc_gnrc_netif.o)
 .text._netif_set_flag
                0x000000000000cda8       0xab /home/silvia/Università/Magistrale/IoT/Assignment2_IoT/Fake_RIOT_devices/bin/native/shell_commands.a(sc_gnrc_netif.o)
 .text._netif_set_addr
                0x000000000000ce53      0x115 /home/silvia/Università/Magistrale/IoT/Assignment2_IoT/Fake_RIOT_devices/bin/native/shell_commands.a(sc_gnrc_netif.o)
 .text._netif_set_state
                0x000000000000cf68      0x26e /home/silvia/Università/Magistrale/IoT/Assignment2_IoT/Fake_RIOT_devices/bin/native/shell_commands.a(sc_gnrc_netif.o)
 .text._hex_to_int
                0x000000000000d1d6       0x78 /home/silvia/Università/Magistrale/IoT/Assignment2_IoT/Fake_RIOT_devices/bin/native/shell_commands.a(sc_gnrc_netif.o)
 .text._netif_set_encrypt_key
                0x000000000000d24e      0x293 /home/silvia/Università/Magistrale/IoT/Assignment2_IoT/Fake_RIOT_devices/bin/native/shell_commands.a(sc_gnrc_netif.o)
 .text._usage   0x000000000000d4e1       0x89 /home/silvia/Università/Magistrale/IoT/Assignment2_IoT/Fake_RIOT_devices/bin/native/shell_commands.a(sc_gnrc_netif.o)
 .text._netif_set
                0x000000000000d56a      0x4be /home/silvia/Università/Magistrale/IoT/Assignment2_IoT/Fake_RIOT_devices/bin/native/shell_commands.a(sc_gnrc_netif.o)
 .text._netif_flag
                0x000000000000da28       0xc7 /home/silvia/Università/Magistrale/IoT/Assignment2_IoT/Fake_RIOT_devices/bin/native/shell_commands.a(sc_gnrc_netif.o)
 .text._get_prefix_len
                0x000000000000daef       0x60 /home/silvia/Università/Magistrale/IoT/Assignment2_IoT/Fake_RIOT_devices/bin/native/shell_commands.a(sc_gnrc_netif.o)
 .text._netif_add
                0x000000000000db4f      0x1dc /home/silvia/Università/Magistrale/IoT/Assignment2_IoT/Fake_RIOT_devices/bin/native/shell_commands.a(sc_gnrc_netif.o)
 .text._netif_del
                0x000000000000dd2b      0x112 /home/silvia/Università/Magistrale/IoT/Assignment2_IoT/Fake_RIOT_devices/bin/native/shell_commands.a(sc_gnrc_netif.o)
 .text._gnrc_netif_config
                0x000000000000de3d      0x2a7 /home/silvia/Università/Magistrale/IoT/Assignment2_IoT/Fake_RIOT_devices/bin/native/shell_commands.a(sc_gnrc_netif.o)
                0x000000000000de3d                _gnrc_netif_config
 .text.ipv6_addr_split_prefix
                0x000000000000e0e4       0x50 /home/silvia/Università/Magistrale/IoT/Assignment2_IoT/Fake_RIOT_devices/bin/native/shell_commands.a(sc_gnrc_ipv6_nib.o)
 .text._gnrc_ipv6_nib
                0x000000000000e134      0x135 /home/silvia/Università/Magistrale/IoT/Assignment2_IoT/Fake_RIOT_devices/bin/native/shell_commands.a(sc_gnrc_ipv6_nib.o)
                0x000000000000e134                _gnrc_ipv6_nib
 .text._usage   0x000000000000e269       0x54 /home/silvia/Università/Magistrale/IoT/Assignment2_IoT/Fake_RIOT_devices/bin/native/shell_commands.a(sc_gnrc_ipv6_nib.o)
 .text._usage_nib_neigh
                0x000000000000e2bd       0xbe /home/silvia/Università/Magistrale/IoT/Assignment2_IoT/Fake_RIOT_devices/bin/native/shell_commands.a(sc_gnrc_ipv6_nib.o)
 .text._usage_nib_prefix
                0x000000000000e37b       0xbe /home/silvia/Università/Magistrale/IoT/Assignment2_IoT/Fake_RIOT_devices/bin/native/shell_commands.a(sc_gnrc_ipv6_nib.o)
 .text._usage_nib_route
                0x000000000000e439       0xbe /home/silvia/Università/Magistrale/IoT/Assignment2_IoT/Fake_RIOT_devices/bin/native/shell_commands.a(sc_gnrc_ipv6_nib.o)
 .text._get_iface
                0x000000000000e4f7       0x5a /home/silvia/Università/Magistrale/IoT/Assignment2_IoT/Fake_RIOT_devices/bin/native/shell_commands.a(sc_gnrc_ipv6_nib.o)
 .text._nib_neigh
                0x000000000000e551      0x2d2 /home/silvia/Università/Magistrale/IoT/Assignment2_IoT/Fake_RIOT_devices/bin/native/shell_commands.a(sc_gnrc_ipv6_nib.o)
 .text._nib_prefix
                0x000000000000e823      0x375 /home/silvia/Università/Magistrale/IoT/Assignment2_IoT/Fake_RIOT_devices/bin/native/shell_commands.a(sc_gnrc_ipv6_nib.o)
 .text._nib_route
                0x000000000000eb98      0x33a /home/silvia/Università/Magistrale/IoT/Assignment2_IoT/Fake_RIOT_devices/bin/native/shell_commands.a(sc_gnrc_ipv6_nib.o)
 .text.bf_set   0x000000000000eed2       0x6e /home/silvia/Università/Magistrale/IoT/Assignment2_IoT/Fake_RIOT_devices/bin/native/shell_commands.a(sc_gnrc_icmpv6_echo.o)
 .text.bf_unset
                0x000000000000ef40       0x6a /home/silvia/Università/Magistrale/IoT/Assignment2_IoT/Fake_RIOT_devices/bin/native/shell_commands.a(sc_gnrc_icmpv6_echo.o)
 .text.bf_isset
                0x000000000000efaa       0x6a /home/silvia/Università/Magistrale/IoT/Assignment2_IoT/Fake_RIOT_devices/bin/native/shell_commands.a(sc_gnrc_icmpv6_echo.o)
 .text.byteorder_swaps
                0x000000000000f014       0x3d /home/silvia/Università/Magistrale/IoT/Assignment2_IoT/Fake_RIOT_devices/bin/native/shell_commands.a(sc_gnrc_icmpv6_echo.o)
 .text.byteorder_ntohs
                0x000000000000f051       0x49 /home/silvia/Università/Magistrale/IoT/Assignment2_IoT/Fake_RIOT_devices/bin/native/shell_commands.a(sc_gnrc_icmpv6_echo.o)
 .text.cib_avail
                0x000000000000f09a       0x43 /home/silvia/Università/Magistrale/IoT/Assignment2_IoT/Fake_RIOT_devices/bin/native/shell_commands.a(sc_gnrc_icmpv6_echo.o)
 .text.gnrc_netapi_dispatch_send
                0x000000000000f0dd       0x5d /home/silvia/Università/Magistrale/IoT/Assignment2_IoT/Fake_RIOT_devices/bin/native/shell_commands.a(sc_gnrc_icmpv6_echo.o)
 .text.ipv6_addr_split_iface
                0x000000000000f13a       0x4d /home/silvia/Università/Magistrale/IoT/Assignment2_IoT/Fake_RIOT_devices/bin/native/shell_commands.a(sc_gnrc_icmpv6_echo.o)
 .text._xtimer_usec_from_ticks
                0x000000000000f187       0x37 /home/silvia/Università/Magistrale/IoT/Assignment2_IoT/Fake_RIOT_devices/bin/native/shell_commands.a(sc_gnrc_icmpv6_echo.o)
 .text._xtimer_ticks_from_usec
                0x000000000000f1be       0x37 /home/silvia/Università/Magistrale/IoT/Assignment2_IoT/Fake_RIOT_devices/bin/native/shell_commands.a(sc_gnrc_icmpv6_echo.o)
 .text._xtimer_lltimer_now
                0x000000000000f1f5       0x42 /home/silvia/Università/Magistrale/IoT/Assignment2_IoT/Fake_RIOT_devices/bin/native/shell_commands.a(sc_gnrc_icmpv6_echo.o)
 .text._xtimer_now
                0x000000000000f237       0x33 /home/silvia/Università/Magistrale/IoT/Assignment2_IoT/Fake_RIOT_devices/bin/native/shell_commands.a(sc_gnrc_icmpv6_echo.o)
 .text.xtimer_now
                0x000000000000f26a       0x49 /home/silvia/Università/Magistrale/IoT/Assignment2_IoT/Fake_RIOT_devices/bin/native/shell_commands.a(sc_gnrc_icmpv6_echo.o)
 .text.xtimer_now_usec
                0x000000000000f2b3       0x4b /home/silvia/Università/Magistrale/IoT/Assignment2_IoT/Fake_RIOT_devices/bin/native/shell_commands.a(sc_gnrc_icmpv6_echo.o)
 .text.xtimer_set_msg
                0x000000000000f2fe       0x74 /home/silvia/Università/Magistrale/IoT/Assignment2_IoT/Fake_RIOT_devices/bin/native/shell_commands.a(sc_gnrc_icmpv6_echo.o)
 .text.xtimer_usec_from_ticks
                0x000000000000f372       0x43 /home/silvia/Università/Magistrale/IoT/Assignment2_IoT/Fake_RIOT_devices/bin/native/shell_commands.a(sc_gnrc_icmpv6_echo.o)
 .text.gnrc_pktbuf_release
                0x000000000000f3b5       0x4c /home/silvia/Università/Magistrale/IoT/Assignment2_IoT/Fake_RIOT_devices/bin/native/shell_commands.a(sc_gnrc_icmpv6_echo.o)
 .text._gnrc_icmpv6_ping
                0x000000000000f401      0x284 /home/silvia/Università/Magistrale/IoT/Assignment2_IoT/Fake_RIOT_devices/bin/native/shell_commands.a(sc_gnrc_icmpv6_echo.o)
                0x000000000000f401                _gnrc_icmpv6_ping
 .text._usage   0x000000000000f685       0xbb /home/silvia/Università/Magistrale/IoT/Assignment2_IoT/Fake_RIOT_devices/bin/native/shell_commands.a(sc_gnrc_icmpv6_echo.o)
 .text._configure
                0x000000000000f740      0x2c2 /home/silvia/Università/Magistrale/IoT/Assignment2_IoT/Fake_RIOT_devices/bin/native/shell_commands.a(sc_gnrc_icmpv6_echo.o)
 .text._pinger  0x000000000000fa02      0x27f /home/silvia/Università/Magistrale/IoT/Assignment2_IoT/Fake_RIOT_devices/bin/native/shell_commands.a(sc_gnrc_icmpv6_echo.o)
 .text._print_reply
                0x000000000000fc81      0x255 /home/silvia/Università/Magistrale/IoT/Assignment2_IoT/Fake_RIOT_devices/bin/native/shell_commands.a(sc_gnrc_icmpv6_echo.o)
 .text._handle_reply
                0x000000000000fed6      0x102 /home/silvia/Università/Magistrale/IoT/Assignment2_IoT/Fake_RIOT_devices/bin/native/shell_commands.a(sc_gnrc_icmpv6_echo.o)
 .text._finish  0x000000000000ffd8      0x1b2 /home/silvia/Università/Magistrale/IoT/Assignment2_IoT/Fake_RIOT_devices/bin/native/shell_commands.a(sc_gnrc_icmpv6_echo.o)
 .text._xtimer_lltimer_now
                0x000000000001018a       0x42 /home/silvia/Università/Magistrale/IoT/Assignment2_IoT/Fake_RIOT_devices/bin/native/xtimer.a(xtimer_core.o)
 .text._xtimer_lltimer_mask
                0x00000000000101cc       0x37 /home/silvia/Università/Magistrale/IoT/Assignment2_IoT/Fake_RIOT_devices/bin/native/xtimer.a(xtimer_core.o)
 .text._xtimer_now
                0x0000000000010203       0x33 /home/silvia/Università/Magistrale/IoT/Assignment2_IoT/Fake_RIOT_devices/bin/native/xtimer.a(xtimer_core.o)
 .text._xtimer_spin
                0x0000000000010236       0x4b /home/silvia/Università/Magistrale/IoT/Assignment2_IoT/Fake_RIOT_devices/bin/native/xtimer.a(xtimer_core.o)
 .text._is_set  0x0000000000010281       0x54 /home/silvia/Università/Magistrale/IoT/Assignment2_IoT/Fake_RIOT_devices/bin/native/xtimer.a(xtimer_core.o)
 .text.xtimer_spin_until
                0x00000000000102d5       0x4b /home/silvia/Università/Magistrale/IoT/Assignment2_IoT/Fake_RIOT_devices/bin/native/xtimer.a(xtimer_core.o)
 .text.xtimer_init
                0x0000000000010320       0x5b /home/silvia/Università/Magistrale/IoT/Assignment2_IoT/Fake_RIOT_devices/bin/native/xtimer.a(xtimer_core.o)
                0x0000000000010320                xtimer_init
 .text._xtimer_now_internal
                0x000000000001037b       0x72 /home/silvia/Università/Magistrale/IoT/Assignment2_IoT/Fake_RIOT_devices/bin/native/xtimer.a(xtimer_core.o)
 .text._xtimer_now64
                0x00000000000103ed       0x66 /home/silvia/Università/Magistrale/IoT/Assignment2_IoT/Fake_RIOT_devices/bin/native/xtimer.a(xtimer_core.o)
                0x00000000000103ed                _xtimer_now64
 .text._xtimer_set64
                0x0000000000010453      0x103 /home/silvia/Università/Magistrale/IoT/Assignment2_IoT/Fake_RIOT_devices/bin/native/xtimer.a(xtimer_core.o)
                0x0000000000010453                _xtimer_set64
 .text._xtimer_set
                0x0000000000010556       0x9c /home/silvia/Università/Magistrale/IoT/Assignment2_IoT/Fake_RIOT_devices/bin/native/xtimer.a(xtimer_core.o)
                0x0000000000010556                _xtimer_set
 .text._periph_timer_callback
                0x00000000000105f2       0x40 /home/silvia/Università/Magistrale/IoT/Assignment2_IoT/Fake_RIOT_devices/bin/native/xtimer.a(xtimer_core.o)
 .text._shoot   0x0000000000010632       0x4a /home/silvia/Università/Magistrale/IoT/Assignment2_IoT/Fake_RIOT_devices/bin/native/xtimer.a(xtimer_core.o)
 .text._lltimer_set
                0x000000000001067c       0x64 /home/silvia/Università/Magistrale/IoT/Assignment2_IoT/Fake_RIOT_devices/bin/native/xtimer.a(xtimer_core.o)
 .text._xtimer_set_absolute
                0x00000000000106e0      0x189 /home/silvia/Università/Magistrale/IoT/Assignment2_IoT/Fake_RIOT_devices/bin/native/xtimer.a(xtimer_core.o)
                0x00000000000106e0                _xtimer_set_absolute
 .text._add_timer_to_list
                0x0000000000010869       0x72 /home/silvia/Università/Magistrale/IoT/Assignment2_IoT/Fake_RIOT_devices/bin/native/xtimer.a(xtimer_core.o)
 .text._add_timer_to_long_list
                0x00000000000108db       0x96 /home/silvia/Università/Magistrale/IoT/Assignment2_IoT/Fake_RIOT_devices/bin/native/xtimer.a(xtimer_core.o)
 .text._remove_timer_from_list
                0x0000000000010971       0x6d /home/silvia/Università/Magistrale/IoT/Assignment2_IoT/Fake_RIOT_devices/bin/native/xtimer.a(xtimer_core.o)
 .text._remove  0x00000000000109de       0xd2 /home/silvia/Università/Magistrale/IoT/Assignment2_IoT/Fake_RIOT_devices/bin/native/xtimer.a(xtimer_core.o)
 .text.xtimer_remove
                0x0000000000010ab0       0x71 /home/silvia/Università/Magistrale/IoT/Assignment2_IoT/Fake_RIOT_devices/bin/native/xtimer.a(xtimer_core.o)
                0x0000000000010ab0                xtimer_remove
 .text._time_left
                0x0000000000010b21       0x66 /home/silvia/Università/Magistrale/IoT/Assignment2_IoT/Fake_RIOT_devices/bin/native/xtimer.a(xtimer_core.o)
 .text._this_high_period
                0x0000000000010b87       0x39 /home/silvia/Università/Magistrale/IoT/Assignment2_IoT/Fake_RIOT_devices/bin/native/xtimer.a(xtimer_core.o)
 .text._compare
                0x0000000000010bc0       0x6e /home/silvia/Università/Magistrale/IoT/Assignment2_IoT/Fake_RIOT_devices/bin/native/xtimer.a(xtimer_core.o)
 .text._merge_lists
                0x0000000000010c2e       0xa9 /home/silvia/Università/Magistrale/IoT/Assignment2_IoT/Fake_RIOT_devices/bin/native/xtimer.a(xtimer_core.o)
 .text._select_long_timers
                0x0000000000010cd7       0xde /home/silvia/Università/Magistrale/IoT/Assignment2_IoT/Fake_RIOT_devices/bin/native/xtimer.a(xtimer_core.o)
 .text._next_period
                0x0000000000010db5       0x5a /home/silvia/Università/Magistrale/IoT/Assignment2_IoT/Fake_RIOT_devices/bin/native/xtimer.a(xtimer_core.o)
 .text._timer_callback
                0x0000000000010e0f      0x1f0 /home/silvia/Università/Magistrale/IoT/Assignment2_IoT/Fake_RIOT_devices/bin/native/xtimer.a(xtimer_core.o)
 .text._callback_msg
                0x0000000000010fff       0x5a /home/silvia/Università/Magistrale/IoT/Assignment2_IoT/Fake_RIOT_devices/bin/native/xtimer.a(xtimer.o)
 .text._setup_msg
                0x0000000000011059       0x64 /home/silvia/Università/Magistrale/IoT/Assignment2_IoT/Fake_RIOT_devices/bin/native/xtimer.a(xtimer.o)
 .text._xtimer_set_msg
                0x00000000000110bd       0x76 /home/silvia/Università/Magistrale/IoT/Assignment2_IoT/Fake_RIOT_devices/bin/native/xtimer.a(xtimer.o)
                0x00000000000110bd                _xtimer_set_msg
 .text.periph_init
                0x0000000000011133       0x3c /home/silvia/Università/Magistrale/IoT/Assignment2_IoT/Fake_RIOT_devices/bin/native/periph_common.a(init.o)
                0x0000000000011133                periph_init
 .text.auto_init
                0x000000000001116f       0x58 /home/silvia/Università/Magistrale/IoT/Assignment2_IoT/Fake_RIOT_devices/bin/native/auto_init.a(auto_init.o)
                0x000000000001116f                auto_init
 .text.auto_init_netdev_tap
                0x00000000000111c7       0xc4 /home/silvia/Università/Magistrale/IoT/Assignment2_IoT/Fake_RIOT_devices/bin/native/auto_init_gnrc_netif.a(auto_init_netdev_tap.o)
                0x00000000000111c7                auto_init_netdev_tap
 .text.list_remove_head
                0x000000000001128b       0x4f /home/silvia/Università/Magistrale/IoT/Assignment2_IoT/Fake_RIOT_devices/bin/native/core.a(mutex.o)
 .text._mutex_lock
                0x00000000000112da       0xf3 /home/silvia/Università/Magistrale/IoT/Assignment2_IoT/Fake_RIOT_devices/bin/native/core.a(mutex.o)
                0x00000000000112da                _mutex_lock
 .text.mutex_unlock
                0x00000000000113cd       0xef /home/silvia/Università/Magistrale/IoT/Assignment2_IoT/Fake_RIOT_devices/bin/native/core.a(mutex.o)
                0x00000000000113cd                mutex_unlock
 .text._async_io_isr
                0x00000000000114bc      0x1f9 /home/silvia/Università/Magistrale/IoT/Assignment2_IoT/Fake_RIOT_devices/bin/native/cpu.a(async_read.o)
 .text.native_async_read_setup
                0x00000000000116b5       0x4a /home/silvia/Università/Magistrale/IoT/Assignment2_IoT/Fake_RIOT_devices/bin/native/cpu.a(async_read.o)
                0x00000000000116b5                native_async_read_setup
 .text.native_async_read_cleanup
                0x00000000000116ff       0x74 /home/silvia/Università/Magistrale/IoT/Assignment2_IoT/Fake_RIOT_devices/bin/native/cpu.a(async_read.o)
                0x00000000000116ff                native_async_read_cleanup
 .text.native_async_read_continue
                0x0000000000011773       0x35 /home/silvia/Università/Magistrale/IoT/Assignment2_IoT/Fake_RIOT_devices/bin/native/cpu.a(async_read.o)
                0x0000000000011773                native_async_read_continue
 .text.native_async_read_add_handler
                0x00000000000117a8      0x105 /home/silvia/Università/Magistrale/IoT/Assignment2_IoT/Fake_RIOT_devices/bin/native/cpu.a(async_read.o)
                0x00000000000117a8                native_async_read_add_handler
 .text.fmt_byte_hex
                0x00000000000118ad       0x7e /home/silvia/Università/Magistrale/IoT/Assignment2_IoT/Fake_RIOT_devices/bin/native/fmt.a(fmt.o)
                0x00000000000118ad                fmt_byte_hex
 .text.gnrc_netapi_dispatch_send
                0x000000000001192b       0x5d /home/silvia/Università/Magistrale/IoT/Assignment2_IoT/Fake_RIOT_devices/bin/native/gnrc_icmpv6_echo.a(gnrc_icmpv6_echo.o)
 .text.byteorder_swaps
                0x0000000000011988       0x3d /home/silvia/Università/Magistrale/IoT/Assignment2_IoT/Fake_RIOT_devices/bin/native/gnrc_icmpv6_echo.a(gnrc_icmpv6_echo.o)
 .text.byteorder_htons
                0x00000000000119c5       0x60 /home/silvia/Università/Magistrale/IoT/Assignment2_IoT/Fake_RIOT_devices/bin/native/gnrc_icmpv6_echo.a(gnrc_icmpv6_echo.o)
 .text.byteorder_ntohs
                0x0000000000011a25       0x49 /home/silvia/Università/Magistrale/IoT/Assignment2_IoT/Fake_RIOT_devices/bin/native/gnrc_icmpv6_echo.a(gnrc_icmpv6_echo.o)
 .text.ipv6_addr_is_multicast
                0x0000000000011a6e       0x3f /home/silvia/Università/Magistrale/IoT/Assignment2_IoT/Fake_RIOT_devices/bin/native/gnrc_icmpv6_echo.a(gnrc_icmpv6_echo.o)
 .text.gnrc_pktbuf_release
                0x0000000000011aad       0x4c /home/silvia/Università/Magistrale/IoT/Assignment2_IoT/Fake_RIOT_devices/bin/native/gnrc_icmpv6_echo.a(gnrc_icmpv6_echo.o)
 .text.gnrc_icmpv6_echo_build
                0x0000000000011af9       0xe6 /home/silvia/Università/Magistrale/IoT/Assignment2_IoT/Fake_RIOT_devices/bin/native/gnrc_icmpv6_echo.a(gnrc_icmpv6_echo.o)
                0x0000000000011af9                gnrc_icmpv6_echo_build
 .text.gnrc_icmpv6_echo_req_handle
                0x0000000000011bdf      0x1c3 /home/silvia/Università/Magistrale/IoT/Assignment2_IoT/Fake_RIOT_devices/bin/native/gnrc_icmpv6_echo.a(gnrc_icmpv6_echo.o)
                0x0000000000011bdf                gnrc_icmpv6_echo_req_handle
 .text.byteorder_swaps
                0x0000000000011da2       0x3d /home/silvia/Università/Magistrale/IoT/Assignment2_IoT/Fake_RIOT_devices/bin/native/gnrc_ipv6.a(gnrc_ipv6.o)
 .text.byteorder_htons
                0x0000000000011ddf       0x60 /home/silvia/Università/Magistrale/IoT/Assignment2_IoT/Fake_RIOT_devices/bin/native/gnrc_ipv6.a(gnrc_ipv6.o)
 .text.byteorder_ntohs
                0x0000000000011e3f       0x49 /home/silvia/Università/Magistrale/IoT/Assignment2_IoT/Fake_RIOT_devices/bin/native/gnrc_ipv6.a(gnrc_ipv6.o)
 .text.gnrc_nettype_from_protnum
                0x0000000000011e88       0x63 /home/silvia/Università/Magistrale/IoT/Assignment2_IoT/Fake_RIOT_devices/bin/native/gnrc_ipv6.a(gnrc_ipv6.o)
 .text.gnrc_nettype_to_protnum
                0x0000000000011eeb       0x62 /home/silvia/Università/Magistrale/IoT/Assignment2_IoT/Fake_RIOT_devices/bin/native/gnrc_ipv6.a(gnrc_ipv6.o)
 .text.gnrc_pkt_len
                0x0000000000011f4d       0x57 /home/silvia/Università/Magistrale/IoT/Assignment2_IoT/Fake_RIOT_devices/bin/native/gnrc_ipv6.a(gnrc_ipv6.o)
 .text.gnrc_pkt_len_upto
                0x0000000000011fa4       0x6b /home/silvia/Università/Magistrale/IoT/Assignment2_IoT/Fake_RIOT_devices/bin/native/gnrc_ipv6.a(gnrc_ipv6.o)
 .text.gnrc_netapi_send
                0x000000000001200f       0x5a /home/silvia/Università/Magistrale/IoT/Assignment2_IoT/Fake_RIOT_devices/bin/native/gnrc_ipv6.a(gnrc_ipv6.o)
 .text.gnrc_netapi_dispatch_receive
                0x0000000000012069       0x5d /home/silvia/Università/Magistrale/IoT/Assignment2_IoT/Fake_RIOT_devices/bin/native/gnrc_ipv6.a(gnrc_ipv6.o)
 .text.ipv6_addr_is_unspecified
                0x00000000000120c6       0x57 /home/silvia/Università/Magistrale/IoT/Assignment2_IoT/Fake_RIOT_devices/bin/native/gnrc_ipv6.a(gnrc_ipv6.o)
 .text.ipv6_addr_is_loopback
                0x000000000001211d       0x57 /home/silvia/Università/Magistrale/IoT/Assignment2_IoT/Fake_RIOT_devices/bin/native/gnrc_ipv6.a(gnrc_ipv6.o)
 .text.ipv6_addr_is_multicast
                0x0000000000012174       0x3f /home/silvia/Università/Magistrale/IoT/Assignment2_IoT/Fake_RIOT_devices/bin/native/gnrc_ipv6.a(gnrc_ipv6.o)
 .text.ipv6_addr_is_link_local
                0x00000000000121b3       0x89 /home/silvia/Università/Magistrale/IoT/Assignment2_IoT/Fake_RIOT_devices/bin/native/gnrc_ipv6.a(gnrc_ipv6.o)
 .text.ipv6_addr_set_loopback
                0x000000000001223c       0x55 /home/silvia/Università/Magistrale/IoT/Assignment2_IoT/Fake_RIOT_devices/bin/native/gnrc_ipv6.a(gnrc_ipv6.o)
 .text.gnrc_pktbuf_release
                0x0000000000012291       0x4c /home/silvia/Università/Magistrale/IoT/Assignment2_IoT/Fake_RIOT_devices/bin/native/gnrc_ipv6.a(gnrc_ipv6.o)
 .text.gnrc_netif_hdr_get_netif
                0x00000000000122dd       0x6d /home/silvia/Università/Magistrale/IoT/Assignment2_IoT/Fake_RIOT_devices/bin/native/gnrc_ipv6.a(gnrc_ipv6.o)
 .text.ipv6_hdr_is
                0x000000000001234a       0x48 /home/silvia/Università/Magistrale/IoT/Assignment2_IoT/Fake_RIOT_devices/bin/native/gnrc_ipv6.a(gnrc_ipv6.o)
 .text.gnrc_ipv6_nib_nc_get_iface
                0x0000000000012392       0x44 /home/silvia/Università/Magistrale/IoT/Assignment2_IoT/Fake_RIOT_devices/bin/native/gnrc_ipv6.a(gnrc_ipv6.o)
 .text.gnrc_ipv6_init
                0x00000000000123d6       0x78 /home/silvia/Università/Magistrale/IoT/Assignment2_IoT/Fake_RIOT_devices/bin/native/gnrc_ipv6.a(gnrc_ipv6.o)
                0x00000000000123d6                gnrc_ipv6_init
 .text._gnrc_ipv6_is_interested
                0x000000000001244e       0x3b /home/silvia/Università/Magistrale/IoT/Assignment2_IoT/Fake_RIOT_devices/bin/native/gnrc_ipv6.a(gnrc_ipv6.o)
 .text._demux   0x0000000000012489       0x9f /home/silvia/Università/Magistrale/IoT/Assignment2_IoT/Fake_RIOT_devices/bin/native/gnrc_ipv6.a(gnrc_ipv6.o)
 .text.gnrc_ipv6_get_header
                0x0000000000012528       0xc3 /home/silvia/Università/Magistrale/IoT/Assignment2_IoT/Fake_RIOT_devices/bin/native/gnrc_ipv6.a(gnrc_ipv6.o)
                0x0000000000012528                gnrc_ipv6_get_header
 .text._dispatch_next_header
                0x00000000000125eb       0xff /home/silvia/Università/Magistrale/IoT/Assignment2_IoT/Fake_RIOT_devices/bin/native/gnrc_ipv6.a(gnrc_ipv6.o)
 .text._event_loop
                0x00000000000126ea      0x152 /home/silvia/Università/Magistrale/IoT/Assignment2_IoT/Fake_RIOT_devices/bin/native/gnrc_ipv6.a(gnrc_ipv6.o)
 .text._send_to_iface
                0x000000000001283c       0xda /home/silvia/Università/Magistrale/IoT/Assignment2_IoT/Fake_RIOT_devices/bin/native/gnrc_ipv6.a(gnrc_ipv6.o)
 .text._create_netif_hdr
                0x0000000000012916       0xa7 /home/silvia/Università/Magistrale/IoT/Assignment2_IoT/Fake_RIOT_devices/bin/native/gnrc_ipv6.a(gnrc_ipv6.o)
 .text._is_ipv6_hdr
                0x00000000000129bd       0x40 /home/silvia/Università/Magistrale/IoT/Assignment2_IoT/Fake_RIOT_devices/bin/native/gnrc_ipv6.a(gnrc_ipv6.o)
 .text._fill_ipv6_hdr
                0x00000000000129fd      0x1e8 /home/silvia/Università/Magistrale/IoT/Assignment2_IoT/Fake_RIOT_devices/bin/native/gnrc_ipv6.a(gnrc_ipv6.o)
 .text._safe_fill_ipv6_hdr
                0x0000000000012be5       0x77 /home/silvia/Università/Magistrale/IoT/Assignment2_IoT/Fake_RIOT_devices/bin/native/gnrc_ipv6.a(gnrc_ipv6.o)
 .text._send_unicast
                0x0000000000012c5c      0x108 /home/silvia/Università/Magistrale/IoT/Assignment2_IoT/Fake_RIOT_devices/bin/native/gnrc_ipv6.a(gnrc_ipv6.o)
 .text._send_multicast_over_iface
                0x0000000000012d64       0x79 /home/silvia/Università/Magistrale/IoT/Assignment2_IoT/Fake_RIOT_devices/bin/native/gnrc_ipv6.a(gnrc_ipv6.o)
 .text._send_multicast
                0x0000000000012ddd       0xe0 /home/silvia/Università/Magistrale/IoT/Assignment2_IoT/Fake_RIOT_devices/bin/native/gnrc_ipv6.a(gnrc_ipv6.o)
 .text._send_to_self
                0x0000000000012ebd       0xad /home/silvia/Università/Magistrale/IoT/Assignment2_IoT/Fake_RIOT_devices/bin/native/gnrc_ipv6.a(gnrc_ipv6.o)
 .text._send    0x0000000000012f6a      0x1de /home/silvia/Università/Magistrale/IoT/Assignment2_IoT/Fake_RIOT_devices/bin/native/gnrc_ipv6.a(gnrc_ipv6.o)
 .text._pkt_not_for_me
                0x0000000000013148       0xba /home/silvia/Università/Magistrale/IoT/Assignment2_IoT/Fake_RIOT_devices/bin/native/gnrc_ipv6.a(gnrc_ipv6.o)
 .text._receive
                0x0000000000013202      0x266 /home/silvia/Università/Magistrale/IoT/Assignment2_IoT/Fake_RIOT_devices/bin/native/gnrc_ipv6.a(gnrc_ipv6.o)
 .text.byteorder_swapl
                0x0000000000013468       0x39 /home/silvia/Università/Magistrale/IoT/Assignment2_IoT/Fake_RIOT_devices/bin/native/gnrc_ipv6_hdr.a(gnrc_ipv6_hdr.o)
 .text.byteorder_htonl
                0x00000000000134a1       0x58 /home/silvia/Università/Magistrale/IoT/Assignment2_IoT/Fake_RIOT_devices/bin/native/gnrc_ipv6_hdr.a(gnrc_ipv6_hdr.o)
 .text.ipv6_addr_set_unspecified
                0x00000000000134f9       0x4e /home/silvia/Università/Magistrale/IoT/Assignment2_IoT/Fake_RIOT_devices/bin/native/gnrc_ipv6_hdr.a(gnrc_ipv6_hdr.o)
 .text.ipv6_addr_set_loopback
                0x0000000000013547       0x55 /home/silvia/Università/Magistrale/IoT/Assignment2_IoT/Fake_RIOT_devices/bin/native/gnrc_ipv6_hdr.a(gnrc_ipv6_hdr.o)
 .text.gnrc_ipv6_hdr_build
                0x000000000001359c      0x101 /home/silvia/Università/Magistrale/IoT/Assignment2_IoT/Fake_RIOT_devices/bin/native/gnrc_ipv6_hdr.a(gnrc_ipv6_hdr.o)
                0x000000000001359c                gnrc_ipv6_hdr_build
 .text.byteorder_swaps
                0x000000000001369d       0x3d /home/silvia/Università/Magistrale/IoT/Assignment2_IoT/Fake_RIOT_devices/bin/native/gnrc_ipv6_nib.a(nib.o)
 .text.byteorder_swapl
                0x00000000000136da       0x39 /home/silvia/Università/Magistrale/IoT/Assignment2_IoT/Fake_RIOT_devices/bin/native/gnrc_ipv6_nib.a(nib.o)
 .text.byteorder_ntohs
                0x0000000000013713       0x49 /home/silvia/Università/Magistrale/IoT/Assignment2_IoT/Fake_RIOT_devices/bin/native/gnrc_ipv6_nib.a(nib.o)
 .text.byteorder_ntohl
                0x000000000001375c       0x43 /home/silvia/Università/Magistrale/IoT/Assignment2_IoT/Fake_RIOT_devices/bin/native/gnrc_ipv6_nib.a(nib.o)
 .text.ipv6_addr_is_unspecified
                0x000000000001379f       0x57 /home/silvia/Università/Magistrale/IoT/Assignment2_IoT/Fake_RIOT_devices/bin/native/gnrc_ipv6_nib.a(nib.o)
 .text.ipv6_addr_is_multicast
                0x00000000000137f6       0x3f /home/silvia/Università/Magistrale/IoT/Assignment2_IoT/Fake_RIOT_devices/bin/native/gnrc_ipv6_nib.a(nib.o)
 .text.ipv6_addr_is_link_local
                0x0000000000013835       0x89 /home/silvia/Università/Magistrale/IoT/Assignment2_IoT/Fake_RIOT_devices/bin/native/gnrc_ipv6_nib.a(nib.o)
 .text.ipv6_addr_is_solicited_node
                0x00000000000138be       0x57 /home/silvia/Università/Magistrale/IoT/Assignment2_IoT/Fake_RIOT_devices/bin/native/gnrc_ipv6_nib.a(nib.o)
 .text.gnrc_netapi_dispatch_send
                0x0000000000013915       0x5d /home/silvia/Università/Magistrale/IoT/Assignment2_IoT/Fake_RIOT_devices/bin/native/gnrc_ipv6_nib.a(nib.o)
 .text.mutex_lock
                0x0000000000013972       0x4c /home/silvia/Università/Magistrale/IoT/Assignment2_IoT/Fake_RIOT_devices/bin/native/gnrc_ipv6_nib.a(nib.o)
 .text._xtimer_usec_from_ticks64
                0x00000000000139be       0x40 /home/silvia/Università/Magistrale/IoT/Assignment2_IoT/Fake_RIOT_devices/bin/native/gnrc_ipv6_nib.a(nib.o)
 .text.xtimer_now64
                0x00000000000139fe       0x5a /home/silvia/Università/Magistrale/IoT/Assignment2_IoT/Fake_RIOT_devices/bin/native/gnrc_ipv6_nib.a(nib.o)
 .text.xtimer_now_usec64
                0x0000000000013a58       0x4e /home/silvia/Università/Magistrale/IoT/Assignment2_IoT/Fake_RIOT_devices/bin/native/gnrc_ipv6_nib.a(nib.o)
 .text.xtimer_usec_from_ticks64
                0x0000000000013aa6       0x4d /home/silvia/Università/Magistrale/IoT/Assignment2_IoT/Fake_RIOT_devices/bin/native/gnrc_ipv6_nib.a(nib.o)
 .text.evtimer_add_msg
                0x0000000000013af3       0x68 /home/silvia/Università/Magistrale/IoT/Assignment2_IoT/Fake_RIOT_devices/bin/native/gnrc_ipv6_nib.a(nib.o)
 .text.gnrc_netif_ipv6_addr_dad_trans
                0x0000000000013b5b       0x4b /home/silvia/Università/Magistrale/IoT/Assignment2_IoT/Fake_RIOT_devices/bin/native/gnrc_ipv6_nib.a(nib.o)
 .text.gnrc_pktbuf_release
                0x0000000000013ba6       0x4c /home/silvia/Università/Magistrale/IoT/Assignment2_IoT/Fake_RIOT_devices/bin/native/gnrc_ipv6_nib.a(nib.o)
 .text.gnrc_pktqueue_add
                0x0000000000013bf2       0x7a /home/silvia/Università/Magistrale/IoT/Assignment2_IoT/Fake_RIOT_devices/bin/native/gnrc_ipv6_nib.a(nib.o)
 .text._nib_onl_get_if
                0x0000000000013c6c       0x44 /home/silvia/Università/Magistrale/IoT/Assignment2_IoT/Fake_RIOT_devices/bin/native/gnrc_ipv6_nib.a(nib.o)
 .text._evtimer_add
                0x0000000000013cb0       0xb1 /home/silvia/Università/Magistrale/IoT/Assignment2_IoT/Fake_RIOT_devices/bin/native/gnrc_ipv6_nib.a(nib.o)
 .text._init_iface_arsm
                0x0000000000013d61       0x5b /home/silvia/Università/Magistrale/IoT/Assignment2_IoT/Fake_RIOT_devices/bin/native/gnrc_ipv6_nib.a(nib.o)
 .text._get_nud_state
                0x0000000000013dbc       0x3e /home/silvia/Università/Magistrale/IoT/Assignment2_IoT/Fake_RIOT_devices/bin/native/gnrc_ipv6_nib.a(nib.o)
 .text.gnrc_ipv6_nib_init
                0x0000000000013dfa       0x96 /home/silvia/Università/Magistrale/IoT/Assignment2_IoT/Fake_RIOT_devices/bin/native/gnrc_ipv6_nib.a(nib.o)
                0x0000000000013dfa                gnrc_ipv6_nib_init
 .text.gnrc_ipv6_nib_init_iface
                0x0000000000013e90      0x164 /home/silvia/Università/Magistrale/IoT/Assignment2_IoT/Fake_RIOT_devices/bin/native/gnrc_ipv6_nib.a(nib.o)
                0x0000000000013e90                gnrc_ipv6_nib_init_iface
 .text._on_link
                0x0000000000013ff4       0xd0 /home/silvia/Università/Magistrale/IoT/Assignment2_IoT/Fake_RIOT_devices/bin/native/gnrc_ipv6_nib.a(nib.o)
 .text.gnrc_ipv6_nib_get_next_hop_l2addr
                0x00000000000140c4      0x2e0 /home/silvia/Università/Magistrale/IoT/Assignment2_IoT/Fake_RIOT_devices/bin/native/gnrc_ipv6_nib.a(nib.o)
                0x00000000000140c4                gnrc_ipv6_nib_get_next_hop_l2addr
 .text.gnrc_ipv6_nib_handle_pkt
                0x00000000000143a4      0x105 /home/silvia/Università/Magistrale/IoT/Assignment2_IoT/Fake_RIOT_devices/bin/native/gnrc_ipv6_nib.a(nib.o)
                0x00000000000143a4                gnrc_ipv6_nib_handle_pkt
 .text.gnrc_ipv6_nib_handle_timer_event
                0x00000000000144a9      0x11b /home/silvia/Università/Magistrale/IoT/Assignment2_IoT/Fake_RIOT_devices/bin/native/gnrc_ipv6_nib.a(nib.o)
                0x00000000000144a9                gnrc_ipv6_nib_handle_timer_event
 .text._min     0x00000000000145c4       0x44 /home/silvia/Università/Magistrale/IoT/Assignment2_IoT/Fake_RIOT_devices/bin/native/gnrc_ipv6_nib.a(nib.o)
 .text._handle_rtr_adv
                0x0000000000014608      0x38c /home/silvia/Università/Magistrale/IoT/Assignment2_IoT/Fake_RIOT_devices/bin/native/gnrc_ipv6_nib.a(nib.o)
 .text._get_l2src
                0x0000000000014994       0x74 /home/silvia/Università/Magistrale/IoT/Assignment2_IoT/Fake_RIOT_devices/bin/native/gnrc_ipv6_nib.a(nib.o)
 .text._check_release_pkt
                0x0000000000014a08       0x51 /home/silvia/Università/Magistrale/IoT/Assignment2_IoT/Fake_RIOT_devices/bin/native/gnrc_ipv6_nib.a(nib.o)
 .text._send_delayed_nbr_adv
                0x0000000000014a59      0x209 /home/silvia/Università/Magistrale/IoT/Assignment2_IoT/Fake_RIOT_devices/bin/native/gnrc_ipv6_nib.a(nib.o)
 .text._handle_nbr_sol
                0x0000000000014c62      0x32e /home/silvia/Università/Magistrale/IoT/Assignment2_IoT/Fake_RIOT_devices/bin/native/gnrc_ipv6_nib.a(nib.o)
 .text._handle_nbr_adv
                0x0000000000014f90      0x2a7 /home/silvia/Università/Magistrale/IoT/Assignment2_IoT/Fake_RIOT_devices/bin/native/gnrc_ipv6_nib.a(nib.o)
 .text._alloc_queue_entry
                0x0000000000015237       0x78 /home/silvia/Università/Magistrale/IoT/Assignment2_IoT/Fake_RIOT_devices/bin/native/gnrc_ipv6_nib.a(nib.o)
 .text._resolve_addr
                0x00000000000152af      0x2aa /home/silvia/Università/Magistrale/IoT/Assignment2_IoT/Fake_RIOT_devices/bin/native/gnrc_ipv6_nib.a(nib.o)
 .text._handle_snd_na