Archive member included to satisfy reference by file (symbol)

/home/silvia/Università/Magistrale/IoT/Assignment2_IoT/Fake_RIOT_devices/bin/native/application_emcute_mqttsn.a(main.o)
                              /usr/lib/gcc/x86_64-linux-gnu/7/../../../../lib32/Scrt1.o (main)
/home/silvia/Università/Magistrale/IoT/Assignment2_IoT/Fake_RIOT_devices/bin/native/board.a(board_init.o)
                              /home/silvia/Università/Magistrale/IoT/Assignment2_IoT/Fake_RIOT_devices/bin/native/cpu/startup.o (board_init)
/home/silvia/Università/Magistrale/IoT/Assignment2_IoT/Fake_RIOT_devices/bin/native/board.a(board.o)
                              /home/silvia/Università/Magistrale/IoT/Assignment2_IoT/Fake_RIOT_devices/bin/native/application_emcute_mqttsn.a(main.o) (native_motor_driver_qdec_simulation)
/home/silvia/Università/Magistrale/IoT/Assignment2_IoT/Fake_RIOT_devices/bin/native/core.a(kernel_init.o)
                              /home/silvia/Università/Magistrale/IoT/Assignment2_IoT/Fake_RIOT_devices/bin/native/cpu/startup.o (kernel_init)
/home/silvia/Università/Magistrale/IoT/Assignment2_IoT/Fake_RIOT_devices/bin/native/core.a(assert.o)
                              /home/silvia/Università/Magistrale/IoT/Assignment2_IoT/Fake_RIOT_devices/bin/native/cpu/startup.o (_assert_failure)
/home/silvia/Università/Magistrale/IoT/Assignment2_IoT/Fake_RIOT_devices/bin/native/core.a(thread.o)
                              /home/silvia/Università/Magistrale/IoT/Assignment2_IoT/Fake_RIOT_devices/bin/native/application_emcute_mqttsn.a(main.o) (thread_create)
/home/silvia/Università/Magistrale/IoT/Assignment2_IoT/Fake_RIOT_devices/bin/native/core.a(msg.o)
                              /home/silvia/Università/Magistrale/IoT/Assignment2_IoT/Fake_RIOT_devices/bin/native/application_emcute_mqttsn.a(main.o) (msg_init_queue)
/home/silvia/Università/Magistrale/IoT/Assignment2_IoT/Fake_RIOT_devices/bin/native/core.a(thread_flags.o)
                              /home/silvia/Università/Magistrale/IoT/Assignment2_IoT/Fake_RIOT_devices/bin/native/core.a(msg.o) (thread_flags_wake)
/home/silvia/Università/Magistrale/IoT/Assignment2_IoT/Fake_RIOT_devices/bin/native/core.a(panic.o)
                              /home/silvia/Università/Magistrale/IoT/Assignment2_IoT/Fake_RIOT_devices/bin/native/core.a(assert.o) (assert_crash_message)
/home/silvia/Università/Magistrale/IoT/Assignment2_IoT/Fake_RIOT_devices/bin/native/core.a(sched.o)
                              /home/silvia/Università/Magistrale/IoT/Assignment2_IoT/Fake_RIOT_devices/bin/native/core.a(thread.o) (sched_num_threads)
/home/silvia/Università/Magistrale/IoT/Assignment2_IoT/Fake_RIOT_devices/bin/native/cpu.a(syscalls.o)
                              /home/silvia/Università/Magistrale/IoT/Assignment2_IoT/Fake_RIOT_devices/bin/native/cpu/startup.o (real_exit)
/home/silvia/Università/Magistrale/IoT/Assignment2_IoT/Fake_RIOT_devices/bin/native/cpu.a(irq_cpu.o)
                              /home/silvia/Università/Magistrale/IoT/Assignment2_IoT/Fake_RIOT_devices/bin/native/cpu.a(syscalls.o) (native_interrupts_enabled)
/home/silvia/Università/Magistrale/IoT/Assignment2_IoT/Fake_RIOT_devices/bin/native/cpu.a(native_cpu.o)
                              /home/silvia/Università/Magistrale/IoT/Assignment2_IoT/Fake_RIOT_devices/bin/native/core.a(thread.o) (thread_stack_init)
/home/silvia/Università/Magistrale/IoT/Assignment2_IoT/Fake_RIOT_devices/bin/native/cpu.a(tramp.o)
                              /home/silvia/Università/Magistrale/IoT/Assignment2_IoT/Fake_RIOT_devices/bin/native/cpu.a(irq_cpu.o) (_native_sig_leave_tramp)
/home/silvia/Università/Magistrale/IoT/Assignment2_IoT/Fake_RIOT_devices/bin/native/emcute.a(emcute.o)
                              /home/silvia/Università/Magistrale/IoT/Assignment2_IoT/Fake_RIOT_devices/bin/native/application_emcute_mqttsn.a(main.o) (emcute_con)
/home/silvia/Università/Magistrale/IoT/Assignment2_IoT/Fake_RIOT_devices/bin/native/gnrc_sock_udp.a(gnrc_sock_udp.o)
                              /home/silvia/Università/Magistrale/IoT/Assignment2_IoT/Fake_RIOT_devices/bin/native/emcute.a(emcute.o) (sock_udp_create)
/home/silvia/Università/Magistrale/IoT/Assignment2_IoT/Fake_RIOT_devices/bin/native/gnrc_udp.a(gnrc_udp.o)
                              /home/silvia/Università/Magistrale/IoT/Assignment2_IoT/Fake_RIOT_devices/bin/native/gnrc_sock_udp.a(gnrc_sock_udp.o) (gnrc_udp_hdr_build)
/home/silvia/Università/Magistrale/IoT/Assignment2_IoT/Fake_RIOT_devices/bin/native/inet_csum.a(inet_csum.o)
                              /home/silvia/Università/Magistrale/IoT/Assignment2_IoT/Fake_RIOT_devices/bin/native/gnrc_udp.a(gnrc_udp.o) (inet_csum_slice)
/home/silvia/Università/Magistrale/IoT/Assignment2_IoT/Fake_RIOT_devices/bin/native/ipv6_addr.a(ipv6_addr.o)
                              /home/silvia/Università/Magistrale/IoT/Assignment2_IoT/Fake_RIOT_devices/bin/native/gnrc_sock_udp.a(gnrc_sock_udp.o) (ipv6_addr_unspecified)
[...]
Memory Configuration

Name             Origin             Length             Attributes
*default*        0x0000000000000000 0xffffffffffffffff

Linker script and memory map

LOAD /usr/lib/gcc/x86_64-linux-gnu/7/../../../../lib32/Scrt1.o
LOAD /usr/lib/gcc/x86_64-linux-gnu/7/../../../../lib32/crti.o
LOAD /usr/lib/gcc/x86_64-linux-gnu/7/32/crtbeginS.o
LOAD /home/silvia/Università/Magistrale/IoT/Assignment2_IoT/Fake_RIOT_devices/bin/native/cpu/startup.o
START GROUP
LOAD /home/silvia/Università/Magistrale/IoT/Assignment2_IoT/Fake_RIOT_devices/bin/native/application_emcute_mqttsn.a
LOAD /home/silvia/Università/Magistrale/IoT/Assignment2_IoT/Fake_RIOT_devices/bin/native/auto_init.a
LOAD /home/silvia/Università/Magistrale/IoT/Assignment2_IoT/Fake_RIOT_devices/bin/native/auto_init_gnrc_netif.a
LOAD /home/silvia/Università/Magistrale/IoT/Assignment2_IoT/Fake_RIOT_devices/bin/native/board.a
LOAD /home/silvia/Università/Magistrale/IoT/Assignment2_IoT/Fake_RIOT_devices/bin/native/core.a
LOAD /home/silvia/Università/Magistrale/IoT/Assignment2_IoT/Fake_RIOT_devices/bin/native/cpu.a
LOAD /home/silvia/Università/Magistrale/IoT/Assignment2_IoT/Fake_RIOT_devices/bin/native/div.a
LOAD /home/silvia/Università/Magistrale/IoT/Assignment2_IoT/Fake_RIOT_devices/bin/native/emcute.a
LOAD /home/silvia/Università/Magistrale/IoT/Assignment2_IoT/Fake_RIOT_devices/bin/native/evtimer.a
LOAD /home/silvia/Università/Magistrale/IoT/Assignment2_IoT/Fake_RIOT_devices/bin/native/fmt.a
LOAD /home/silvia/Università/Magistrale/IoT/Assignment2_IoT/Fake_RIOT_devices/bin/native/gnrc.a
LOAD /home/silvia/Università/Magistrale/IoT/Assignment2_IoT/Fake_RIOT_devices/bin/native/gnrc_icmpv6.a
LOAD /home/silvia/Università/Magistrale/IoT/Assignment2_IoT/Fake_RIOT_devices/bin/native/gnrc_icmpv6_echo.a
LOAD /home/silvia/Università/Magistrale/IoT/Assignment2_IoT/Fake_RIOT_devices/bin/native/gnrc_ipv6.a
LOAD /home/silvia/Università/Magistrale/IoT/Assignment2_IoT/Fake_RIOT_devices/bin/native/gnrc_ipv6_hdr.a
LOAD /home/silvia/Università/Magistrale/IoT/Assignment2_IoT/Fake_RIOT_devices/bin/native/gnrc_ipv6_nib.a
LOAD /home/silvia/Università/Magistrale/IoT/Assignment2_IoT/Fake_RIOT_devices/bin/native/gnrc_ndp.a
LOAD /home/silvia/Università/Magistrale/IoT/Assignment2_IoT/Fake_RIOT_devices/bin/native/gnrc_netapi.a
LOAD /home/silvia/Università/Magistrale/IoT/Assignment2_IoT/Fake_RIOT_devices/bin/native/gnrc_netif.a
LOAD /home/silvia/Università/Magistrale/IoT/Assignment2_IoT/Fake_RIOT_devices/bin/native/gnrc_netif_ethernet.a
LOAD /home/silvia/Università/Magistrale/IoT/Assignment2_IoT/Fake_RIOT_devices/bin/native/gnrc_netif_hdr.a
LOAD /home/silvia/Università/Magistrale/IoT/Assignment2_IoT/Fake_RIOT_devices/bin/native/gnrc_netreg.a
LOAD /home/silvia/Università/Magistrale/IoT/Assignment2_IoT/Fake_RIOT_devices/bin/native/gnrc_pkt.a
LOAD /home/silvia/Università/Magistrale/IoT/Assignment2_IoT/Fake_RIOT_devices/bin/native/gnrc_pktbuf.a
LOAD /home/silvia/Università/Magistrale/IoT/Assignment2_IoT/Fake_RIOT_devices/bin/native/gnrc_pktbuf_static.a
LOAD /home/silvia/Università/Magistrale/IoT/Assignment2_IoT/Fake_RIOT_devices/bin/native/gnrc_sock.a
LOAD /home/silvia/Università/Magistrale/IoT/Assignment2_IoT/Fake_RIOT_devices/bin/native/gnrc_sock_udp.a
LOAD /home/silvia/Università/Magistrale/IoT/Assignment2_IoT/Fake_RIOT_devices/bin/native/gnrc_udp.a
LOAD /home/silvia/Università/Magistrale/IoT/Assignment2_IoT/Fake_RIOT_devices/bin/native/icmpv6.a
LOAD /home/silvia/Università/Magistrale/IoT/Assignment2_IoT/Fake_RIOT_devices/bin/native/inet_csum.a
LOAD /home/silvia/Università/Magistrale/IoT/Assignment2_IoT/Fake_RIOT_devices/bin/native/iolist.a
LOAD /home/silvia/Università/Magistrale/IoT/Assignment2_IoT/Fake_RIOT_devices/bin/native/ipv6_addr.a
LOAD /home/silvia/Università/Magistrale/IoT/Assignment2_IoT/Fake_RIOT_devices/bin/native/ipv6_hdr.a
LOAD /home/silvia/Università/Magistrale/IoT/Assignment2_IoT/Fake_RIOT_devices/bin/native/l2util.a
LOAD /home/silvia/Università/Magistrale/IoT/Assignment2_IoT/Fake_RIOT_devices/bin/native/luid.a
LOAD /home/silvia/Università/Magistrale/IoT/Assignment2_IoT/Fake_RIOT_devices/bin/native/native-drivers.a
LOAD /home/silvia/Università/Magistrale/IoT/Assignment2_IoT/Fake_RIOT_devices/bin/native/netdev_eth.a
LOAD /home/silvia/Università/Magistrale/IoT/Assignment2_IoT/Fake_RIOT_devices/bin/native/netdev_tap.a
LOAD /home/silvia/Università/Magistrale/IoT/Assignment2_IoT/Fake_RIOT_devices/bin/native/periph.a
LOAD /home/silvia/Università/Magistrale/IoT/Assignment2_IoT/Fake_RIOT_devices/bin/native/ps.a
LOAD /home/silvia/Università/Magistrale/IoT/Assignment2_IoT/Fake_RIOT_devices/bin/native/random.a
LOAD /home/silvia/Università/Magistrale/IoT/Assignment2_IoT/Fake_RIOT_devices/bin/native/shell.a
LOAD /home/silvia/Università/Magistrale/IoT/Assignment2_IoT/Fake_RIOT_devices/bin/native/shell_commands.a
LOAD /home/silvia/Università/Magistrale/IoT/Assignment2_IoT/Fake_RIOT_devices/bin/native/sys.a
LOAD /home/silvia/Università/Magistrale/IoT/Assignment2_IoT/Fake_RIOT_devices/bin/native/tinymt32.a
LOAD /home/silvia/Università/Magistrale/IoT/Assignment2_IoT/Fake_RIOT_devices/bin/native/udp.a
LOAD /home/silvia/Università/Magistrale/IoT/Assignment2_IoT/Fake_RIOT_devices/bin/native/xtimer.a
LOAD /home/silvia/Università/Magistrale/IoT/Assignment2_IoT/Fake_RIOT_devices/bin/native/periph_common.a
LOAD /usr/lib/gcc/x86_64-linux-gnu/7/../../../../lib32/libm.so
END GROUP
LOAD /usr/lib/gcc/x86_64-linux-gnu/7/../../../../lib32/libdl.so
LOAD /usr/lib/gcc/x86_64-linux-gnu/7/32/libgcc.a
LOAD /usr/lib/gcc/x86_64-linux-gnu/7/32/libgcc_s.so
START GROUP
LOAD /usr/lib/gcc/x86_64-linux-gnu/7/32/libgcc_s.so.1
LOAD /usr/lib/gcc/x86_64-linux-gnu/7/32/libgcc.a
END GROUP
LOAD /usr/lib/gcc/x86_64-linux-gnu/7/../../../../lib32/libc.so
START GROUP
LOAD /lib32/libc.so.6
LOAD /usr/lib32/libc_nonshared.a
LOAD /lib32/ld-linux.so.2
END GROUP
LOAD /usr/lib/gcc/x86_64-linux-gnu/7/32/libgcc.a
LOAD /usr/lib/gcc/x86_64-linux-gnu/7/32/libgcc_s.so
START GROUP
LOAD /usr/lib/gcc/x86_64-linux-gnu/7/32/libgcc_s.so.1
LOAD /usr/lib/gcc/x86_64-linux-gnu/7/32/libgcc.a
END GROUP
LOAD /usr/lib/gcc/x86_64-linux-gnu/7/32/crtendS.o
LOAD /usr/lib/gcc/x86_64-linux-gnu/7/../../../../lib32/crtn.o
                [!provide]                        PROVIDE (__executable_start = SEGMENT_START ("text-segment", 0x0))
                0x0000000000000154                . = (SEGMENT_START ("text-segment", 0x0) + SIZEOF_HEADERS)

.interp         0x0000000000000154       0x13
 *(.interp)
 .interp        0x0000000000000154       0x13 /usr/lib/gcc/x86_64-linux-gnu/7/../../../../lib32/Scrt1.o

.note.ABI-tag   0x0000000000000168       0x20
 .note.ABI-tag  0x0000000000000168       0x20 /usr/lib/gcc/x86_64-linux-gnu/7/../../../../lib32/Scrt1.o

.note.gnu.build-id
                0x0000000000000188       0x24
 *(.note.gnu.build-id)
 .note.gnu.build-id
                0x0000000000000188       0x24 /usr/lib/gcc/x86_64-linux-gnu/7/../../../../lib32/Scrt1.o

.hash
 *(.hash)

.gnu.hash       0x00000000000001ac       0xb4
 *(.gnu.hash)
 .gnu.hash      0x00000000000001ac       0xb4 /usr/lib/gcc/x86_64-linux-gnu/7/../../../../lib32/Scrt1.o

.dynsym         0x0000000000000260      0x420
 *(.dynsym)
 .dynsym        0x0000000000000260      0x420 /usr/lib/gcc/x86_64-linux-gnu/7/../../../../lib32/Scrt1.o

.dynstr         0x0000000000000680      0x25f
 *(.dynstr)
 .dynstr        0x0000000000000680      0x25f /usr/lib/gcc/x86_64-linux-gnu/7/../../../../lib32/Scrt1.o

.gnu.version    0x00000000000008e0       0x84
 *(.gnu.version)
 .gnu.version   0x00000000000008e0       0x84 /usr/lib/gcc/x86_64-linux-gnu/7/../../../../lib32/Scrt1.o

.gnu.version_d  0x0000000000000964        0x0
 *(.gnu.version_d)
 .gnu.version_d
                0x0000000000000964        0x0 /usr/lib/gcc/x86_64-linux-gnu/7/../../../../lib32/Scrt1.o

.gnu.version_r  0x0000000000000964       0x70
 *(.gnu.version_r)
 .gnu.version_r
                0x0000000000000964       0x70 /usr/lib/gcc/x86_64-linux-gnu/7/../../../../lib32/Scrt1.o

.rel.dyn        0x00000000000009d4      0x420
 *(.rel.init)
 *(.rel.text .rel.text.* .rel.gnu.linkonce.t.*)
 .rel.text.core_panic
                0x00000000000009d4        0x0 /usr/lib/gcc/x86_64-linux-gnu/7/../../../../lib32/Scrt1.o
 .rel.text      0x00000000000009d4       0x38 /usr/lib/gcc/x86_64-linux-gnu/7/../../../../lib32/Scrt1.o
 *(.rel.fini)
 *(.rel.rodata .rel.rodata.* .rel.gnu.linkonce.r.*)
 *(.rel.data.rel.ro .rel.data.rel.ro.* .rel.gnu.linkonce.d.rel.ro.*)
 .rel.data.rel.ro
                0x0000000000000a0c        0x0 /usr/lib/gcc/x86_64-linux-gnu/7/../../../../lib32/Scrt1.o
 .rel.data.rel.ro.local.long_opts
                0x0000000000000a0c       0x40 /usr/lib/gcc/x86_64-linux-gnu/7/../../../../lib32/Scrt1.o
 .rel.data.rel.ro.local.shell_commands
                0x0000000000000a4c       0xa8 /usr/lib/gcc/x86_64-linux-gnu/7/../../../../lib32/Scrt1.o
 .rel.data.rel.ro._shell_command_list
                0x0000000000000af4       0xa8 /usr/lib/gcc/x86_64-linux-gnu/7/../../../../lib32/Scrt1.o
 .rel.data.rel.ro.local.flag_cmds
                0x0000000000000b9c       0x88 /usr/lib/gcc/x86_64-linux-gnu/7/../../../../lib32/Scrt1.o
 .rel.data.rel.ro.ethernet_ops
                0x0000000000000c24       0x20 /usr/lib/gcc/x86_64-linux-gnu/7/../../../../lib32/Scrt1.o
 .rel.data.rel.ro.local.netdev_driver_tap
                0x0000000000000c44       0x30 /usr/lib/gcc/x86_64-linux-gnu/7/../../../../lib32/Scrt1.o
 *(.rel.data .rel.data.* .rel.gnu.linkonce.d.*)
 .rel.data.rel.local
                0x0000000000000c74        0x8 /usr/lib/gcc/x86_64-linux-gnu/7/../../../../lib32/Scrt1.o
 .rel.data.rel.local.main_name
                0x0000000000000c7c        0x8 /usr/lib/gcc/x86_64-linux-gnu/7/../../../../lib32/Scrt1.o
 .rel.data.rel.local.idle_name
                0x0000000000000c84        0x8 /usr/lib/gcc/x86_64-linux-gnu/7/../../../../lib32/Scrt1.o
 .rel.data.rel.local.state_names
                0x0000000000000c8c       0x60 /usr/lib/gcc/x86_64-linux-gnu/7/../../../../lib32/Scrt1.o
 .rel.data.rel.local.INCORRECT_QUOTING.2624
                0x0000000000000cec        0x8 /usr/lib/gcc/x86_64-linux-gnu/7/../../../../lib32/Scrt1.o
 .rel.data.rel.local._netopt_state_str
                0x0000000000000cf4       0x38 /usr/lib/gcc/x86_64-linux-gnu/7/../../../../lib32/Scrt1.o
 .rel.data.rel.local._netopt_bandwidth_str
                0x0000000000000d2c       0x18 /usr/lib/gcc/x86_64-linux-gnu/7/../../../../lib32/Scrt1.o
 .rel.data.rel.local._netopt_coding_rate_str
                0x0000000000000d44       0x20 /usr/lib/gcc/x86_64-linux-gnu/7/../../../../lib32/Scrt1.o
 .rel.data.rel.local._nud_str
                0x0000000000000d64       0x38 /usr/lib/gcc/x86_64-linux-gnu/7/../../../../lib32/Scrt1.o
 *(.rel.tdata .rel.tdata.* .rel.gnu.linkonce.td.*)
 *(.rel.tbss .rel.tbss.* .rel.gnu.linkonce.tb.*)
 *(.rel.ctors)
 *(.rel.dtors)
 *(.rel.got)
 .rel.got       0x0000000000000d9c       0x40 /usr/lib/gcc/x86_64-linux-gnu/7/../../../../lib32/Scrt1.o
 *(.rel.bss .rel.bss.* .rel.gnu.linkonce.b.*)
 .rel.bss       0x0000000000000ddc        0x0 /usr/lib/gcc/x86_64-linux-gnu/7/../../../../lib32/Scrt1.o
 *(.rel.ifunc)
 .rel.ifunc     0x0000000000000ddc        0x0 /usr/lib/gcc/x86_64-linux-gnu/7/../../../../lib32/Scrt1.o
 .rel.fini_array
                0x0000000000000ddc        0x8 /usr/lib/gcc/x86_64-linux-gnu/7/../../../../lib32/Scrt1.o
 .rel.init_array
                0x0000000000000de4       0x10 /usr/lib/gcc/x86_64-linux-gnu/7/../../../../lib32/Scrt1.o

.rel.plt        0x0000000000000df4      0x130
 *(.rel.plt)
 .rel.plt       0x0000000000000df4      0x130 /usr/lib/gcc/x86_64-linux-gnu/7/../../../../lib32/Scrt1.o
                [!provide]                        PROVIDE (__rel_iplt_start = .)
 *(.rel.iplt)
                [!provide]                        PROVIDE (__rel_iplt_end = .)

.init           0x0000000000000f24       0x23
 *(SORT_NONE(.init))
 .init          0x0000000000000f24       0x1e /usr/lib/gcc/x86_64-linux-gnu/7/../../../../lib32/crti.o
                0x0000000000000f24                _init
 .init          0x0000000000000f42        0x5 /usr/lib/gcc/x86_64-linux-gnu/7/../../../../lib32/crtn.o

.plt            0x0000000000000f50      0x270
 *(.plt)
 .plt           0x0000000000000f50      0x270 /usr/lib/gcc/x86_64-linux-gnu/7/../../../../lib32/Scrt1.o
 *(.iplt)

.plt.got        0x00000000000011c0       0x10
 *(.plt.got)
 .plt.got       0x00000000000011c0       0x10 /usr/lib/gcc/x86_64-linux-gnu/7/../../../../lib32/Scrt1.o

.plt.sec
 *(.plt.sec)

.text           0x00000000000011d0    0x23cc4
 *(.text.unlikely .text.*_unlikely .text.unlikely.*)
 *(.text.exit .text.exit.*)
 *(.text.startup .text.startup.*)
 .text.startup  0x00000000000011d0      0x38a /home/silvia/Università/Magistrale/IoT/Assignment2_IoT/Fake_RIOT_devices/bin/native/cpu/startup.o
 *(.text.hot .text.hot.*)
 *(.text .stub .text.* .gnu.linkonce.t.*)
 .text          0x000000000000155a       0x36 /usr/lib/gcc/x86_64-linux-gnu/7/../../../../lib32/Scrt1.o
                0x000000000000155a                _start
 .gnu.linkonce.t.__x86.get_pc_thunk.bx
                0x0000000000001590        0x4 /usr/lib/gcc/x86_64-linux-gnu/7/../../../../lib32/crti.o
                0x0000000000001590                __x86.get_pc_thunk.bx
 *fill*         0x0000000000001594        0xc 
 .text          0x00000000000015a0       0xe9 /usr/lib/gcc/x86_64-linux-gnu/7/32/crtbeginS.o
 .text.__x86.get_pc_thunk.dx
                0x0000000000001689        0x4 /usr/lib/gcc/x86_64-linux-gnu/7/32/crtbeginS.o
                0x0000000000001689                __x86.get_pc_thunk.dx
 .text._native_input
                0x000000000000168d       0x9c /home/silvia/Università/Magistrale/IoT/Assignment2_IoT/Fake_RIOT_devices/bin/native/cpu/startup.o
                0x000000000000168d                _native_input
 .text._native_log_output
                0x0000000000001729      0x162 /home/silvia/Università/Magistrale/IoT/Assignment2_IoT/Fake_RIOT_devices/bin/native/cpu/startup.o
                0x0000000000001729                _native_log_output
 .text.daemonize
                0x000000000000188b      0x106 /home/silvia/Università/Magistrale/IoT/Assignment2_IoT/Fake_RIOT_devices/bin/native/cpu/startup.o
                0x000000000000188b                daemonize
 .text.filter_daemonize_argv
                0x0000000000001991       0xba /home/silvia/Università/Magistrale/IoT/Assignment2_IoT/Fake_RIOT_devices/bin/native/cpu/startup.o
 .text.usage_exit
                0x0000000000001a4b       0xce /home/silvia/Università/Magistrale/IoT/Assignment2_IoT/Fake_RIOT_devices/bin/native/cpu/startup.o
                0x0000000000001a4b                usage_exit
 .text.emcute_thread
                0x0000000000001b19       0x57 /home/silvia/Università/Magistrale/IoT/Assignment2_IoT/Fake_RIOT_devices/bin/native/application_emcute_mqttsn.a(main.o)
 .text.on_pub   0x0000000000001b70       0xb0 /home/silvia/Università/Magistrale/IoT/Assignment2_IoT/Fake_RIOT_devices/bin/native/application_emcute_mqttsn.a(main.o)
 .text.get_qos  0x0000000000001c20       0x6e /home/silvia/Università/Magistrale/IoT/Assignment2_IoT/Fake_RIOT_devices/bin/native/application_emcute_mqttsn.a(main.o)
 .text.cmd_con  0x0000000000001c8e      0x19c /home/silvia/Università/Magistrale/IoT/Assignment2_IoT/Fake_RIOT_devices/bin/native/application_emcute_mqttsn.a(main.o)
 .text.cmd_discon
                0x0000000000001e2a       0x9c /home/silvia/Università/Magistrale/IoT/Assignment2_IoT/Fake_RIOT_devices/bin/native/application_emcute_mqttsn.a(main.o)
 .text.cmd_pub  0x0000000000001ec6      0x17a /home/silvia/Università/Magistrale/IoT/Assignment2_IoT/Fake_RIOT_devices/bin/native/application_emcute_mqttsn.a(main.o)
 .text.cmd_sub  0x0000000000002040      0x1ea /home/silvia/Università/Magistrale/IoT/Assignment2_IoT/Fake_RIOT_devices/bin/native/application_emcute_mqttsn.a(main.o)
 .text.cmd_unsub
                0x000000000000222a      0x180 /home/silvia/Università/Magistrale/IoT/Assignment2_IoT/Fake_RIOT_devices/bin/native/application_emcute_mqttsn.a(main.o)
 .text.cmd_will
                0x00000000000023aa       0xf9 /home/silvia/Università/Magistrale/IoT/Assignment2_IoT/Fake_RIOT_devices/bin/native/application_emcute_mqttsn.a(main.o)
 .text.get_next_value
                0x00000000000024a3       0x89 /home/silvia/Università/Magistrale/IoT/Assignment2_IoT/Fake_RIOT_devices/bin/native/application_emcute_mqttsn.a(main.o)
                0x00000000000024a3                get_next_value
 .text.publish_sensor_data
                0x000000000000252c       0xed /home/silvia/Università/Magistrale/IoT/Assignment2_IoT/Fake_RIOT_devices/bin/native/application_emcute_mqttsn.a(main.o)
                0x000000000000252c                publish_sensor_data
 .text.cmd_publish_environmental_station_data
                0x0000000000002619      0x5f7 /home/silvia/Università/Magistrale/IoT/Assignment2_IoT/Fake_RIOT_devices/bin/native/application_emcute_mqttsn.a(main.o)
 .text.main     0x0000000000002c10       0xe5 /home/silvia/Università/Magistrale/IoT/Assignment2_IoT/Fake_RIOT_devices/bin/native/application_emcute_mqttsn.a(main.o)
                0x0000000000002c10                main
 .text.__x86.get_pc_thunk.ax
                0x0000000000002cf5        0x4 /home/silvia/Università/Magistrale/IoT/Assignment2_IoT/Fake_RIOT_devices/bin/native/application_emcute_mqttsn.a(main.o)
                0x0000000000002cf5                __x86.get_pc_thunk.ax
 .text.board_init
                0x0000000000002cf9       0x50 /home/silvia/Università/Magistrale/IoT/Assignment2_IoT/Fake_RIOT_devices/bin/native/board.a(board_init.o)
                0x0000000000002cf9                board_init
 .text.main_trampoline
                0x0000000000002d49       0x5a /home/silvia/Università/Magistrale/IoT/Assignment2_IoT/Fake_RIOT_devices/bin/native/core.a(kernel_init.o)
 .text.idle_thread
                0x0000000000002da3       0x2a /home/silvia/Università/Magistrale/IoT/Assignment2_IoT/Fake_RIOT_devices/bin/native/core.a(kernel_init.o)
 .text.kernel_init
                0x0000000000002dcd       0x7d /home/silvia/Università/Magistrale/IoT/Assignment2_IoT/Fake_RIOT_devices/bin/native/core.a(kernel_init.o)
                0x0000000000002dcd                kernel_init
 .text._assert_failure
                0x0000000000002e4a       0x52 /home/silvia/Università/Magistrale/IoT/Assignment2_IoT/Fake_RIOT_devices/bin/native/core.a(assert.o)
                0x0000000000002e4a                _assert_failure
 .text.clist_lpoprpush
                0x0000000000002e9c       0x4a /home/silvia/Università/Magistrale/IoT/Assignment2_IoT/Fake_RIOT_devices/bin/native/core.a(thread.o)
 .text.cib_init
                0x0000000000002ee6       0x8b /home/silvia/Università/Magistrale/IoT/Assignment2_IoT/Fake_RIOT_devices/bin/native/core.a(thread.o)
 .text.thread_yield
                0x0000000000002f71       0x8a /home/silvia/Università/Magistrale/IoT/Assignment2_IoT/Fake_RIOT_devices/bin/native/core.a(thread.o)
                0x0000000000002f71                thread_yield
 .text.thread_add_to_list
                0x0000000000002ffb       0xbe /home/silvia/Università/Magistrale/IoT/Assignment2_IoT/Fake_RIOT_devices/bin/native/core.a(thread.o)
                0x0000000000002ffb                thread_add_to_list
 .text.thread_measure_stack_free
                0x00000000000030b9       0x5c /home/silvia/Università/Magistrale/IoT/Assignment2_IoT/Fake_RIOT_devices/bin/native/core.a(thread.o)
                0x00000000000030b9                thread_measure_stack_free
 .text.thread_create
                0x0000000000003115      0x277 /home/silvia/Università/Magistrale/IoT/Assignment2_IoT/Fake_RIOT_devices/bin/native/core.a(thread.o)
                0x0000000000003115                thread_create
 .text.pid_is_valid
                0x000000000000338c       0x4f /home/silvia/Università/Magistrale/IoT/Assignment2_IoT/Fake_RIOT_devices/bin/native/core.a(msg.o)
 .text.list_remove_head
                0x00000000000033db       0x4f /home/silvia/Università/Magistrale/IoT/Assignment2_IoT/Fake_RIOT_devices/bin/native/core.a(msg.o)
 .text.cib_init
                0x000000000000342a       0x8b /home/silvia/Università/Magistrale/IoT/Assignment2_IoT/Fake_RIOT_devices/bin/native/core.a(msg.o)
 .text.cib_avail
                0x00000000000034b5       0x43 /home/silvia/Università/Magistrale/IoT/Assignment2_IoT/Fake_RIOT_devices/bin/native/core.a(msg.o)
 .text.cib_get  0x00000000000034f8       0x62 /home/silvia/Università/Magistrale/IoT/Assignment2_IoT/Fake_RIOT_devices/bin/native/core.a(msg.o)
 .text.cib_put  0x000000000000355a       0x72 /home/silvia/Università/Magistrale/IoT/Assignment2_IoT/Fake_RIOT_devices/bin/native/core.a(msg.o)
 .text.thread_has_msg_queue
                0x00000000000035cc       0x42 /home/silvia/Università/Magistrale/IoT/Assignment2_IoT/Fake_RIOT_devices/bin/native/core.a(msg.o)
 .text.queue_msg
                0x000000000000360e       0xa9 /home/silvia/Università/Magistrale/IoT/Assignment2_IoT/Fake_RIOT_devices/bin/native/core.a(msg.o)
 .text.msg_send
                0x00000000000036b7       0x99 /home/silvia/Università/Magistrale/IoT/Assignment2_IoT/Fake_RIOT_devices/bin/native/core.a(msg.o)
                0x00000000000036b7                msg_send
 .text.msg_try_send
                0x0000000000003750       0x99 /home/silvia/Università/Magistrale/IoT/Assignment2_IoT/Fake_RIOT_devices/bin/native/core.a(msg.o)
                0x0000000000003750                msg_try_send
 .text._msg_send
                0x00000000000037e9      0x1da /home/silvia/Università/Magistrale/IoT/Assignment2_IoT/Fake_RIOT_devices/bin/native/core.a(msg.o)
 .text.msg_send_to_self
                0x00000000000039c3       0x7b /home/silvia/Università/Magistrale/IoT/Assignment2_IoT/Fake_RIOT_devices/bin/native/core.a(msg.o)
                0x00000000000039c3                msg_send_to_self
 .text.msg_send_int
                0x0000000000003a3e       0xcf /home/silvia/Università/Magistrale/IoT/Assignment2_IoT/Fake_RIOT_devices/bin/native/core.a(msg.o)
                0x0000000000003a3e                msg_send_int
 .text.msg_send_receive
                0x0000000000003b0d       0xc9 /home/silvia/Università/Magistrale/IoT/Assignment2_IoT/Fake_RIOT_devices/bin/native/core.a(msg.o)
                0x0000000000003b0d                msg_send_receive
 .text.msg_reply
                0x0000000000003bd6       0xf0 /home/silvia/Università/Magistrale/IoT/Assignment2_IoT/Fake_RIOT_devices/bin/native/core.a(msg.o)
                0x0000000000003bd6                msg_reply
 .text.msg_try_receive
                0x0000000000003cc6       0x44 /home/silvia/Università/Magistrale/IoT/Assignment2_IoT/Fake_RIOT_devices/bin/native/core.a(msg.o)
                0x0000000000003cc6                msg_try_receive
 .text.msg_receive
                0x0000000000003d0a       0x44 /home/silvia/Università/Magistrale/IoT/Assignment2_IoT/Fake_RIOT_devices/bin/native/core.a(msg.o)
                0x0000000000003d0a                msg_receive
 .text._msg_receive
                0x0000000000003d4e      0x21b /home/silvia/Università/Magistrale/IoT/Assignment2_IoT/Fake_RIOT_devices/bin/native/core.a(msg.o)
 .text.msg_init_queue
                0x0000000000003f69       0x66 /home/silvia/Università/Magistrale/IoT/Assignment2_IoT/Fake_RIOT_devices/bin/native/core.a(msg.o)
                0x0000000000003f69                msg_init_queue
 .text._thread_flags_clear_atomic
                0x0000000000003fcf       0x81 /home/silvia/Università/Magistrale/IoT/Assignment2_IoT/Fake_RIOT_devices/bin/native/core.a(thread_flags.o)
 .text._thread_flags_wait
                0x0000000000004050       0x7d /home/silvia/Università/Magistrale/IoT/Assignment2_IoT/Fake_RIOT_devices/bin/native/core.a(thread_flags.o)
 .text.thread_flags_clear
                0x00000000000040cd       0x5c /home/silvia/Università/Magistrale/IoT/Assignment2_IoT/Fake_RIOT_devices/bin/native/core.a(thread_flags.o)
                0x00000000000040cd                thread_flags_clear
 .text._thread_flags_wait_any
                0x0000000000004129       0x83 /home/silvia/Università/Magistrale/IoT/Assignment2_IoT/Fake_RIOT_devices/bin/native/core.a(thread_flags.o)
 .text.thread_flags_wait_any
                0x00000000000041ac       0x64 /home/silvia/Università/Magistrale/IoT/Assignment2_IoT/Fake_RIOT_devices/bin/native/core.a(thread_flags.o)
                0x00000000000041ac                thread_flags_wait_any
 .text.thread_flags_wake
                0x0000000000004210       0xaf /home/silvia/Università/Magistrale/IoT/Assignment2_IoT/Fake_RIOT_devices/bin/native/core.a(thread_flags.o)
                0x0000000000004210                thread_flags_wake
 .text.thread_flags_set
                0x00000000000042bf      0x101 /home/silvia/Università/Magistrale/IoT/Assignment2_IoT/Fake_RIOT_devices/bin/native/core.a(thread_flags.o)
                0x00000000000042bf                thread_flags_set
 .text.panic_arch
                0x00000000000043c0       0x2f /home/silvia/Università/Magistrale/IoT/Assignment2_IoT/Fake_RIOT_devices/bin/native/core.a(panic.o)
                0x00000000000043c0                panic_arch
 .text.core_panic
                0x00000000000043ef       0xa1 /home/silvia/Università/Magistrale/IoT/Assignment2_IoT/Fake_RIOT_devices/bin/native/core.a(panic.o)
                0x00000000000043ef                core_panic
 .text.bitarithm_lsb
                0x0000000000004490       0x51 /home/silvia/Università/Magistrale/IoT/Assignment2_IoT/Fake_RIOT_devices/bin/native/core.a(sched.o)
 .text.clist_rpush
                0x00000000000044e1       0x6c /home/silvia/Università/Magistrale/IoT/Assignment2_IoT/Fake_RIOT_devices/bin/native/core.a(sched.o)
 .text.clist_lpop
                0x000000000000454d       0x72 /home/silvia/Università/Magistrale/IoT/Assignment2_IoT/Fake_RIOT_devices/bin/native/core.a(sched.o)
 .text.sched_run
                0x00000000000045bf       0xc3 /home/silvia/Università/Magistrale/IoT/Assignment2_IoT/Fake_RIOT_devices/bin/native/core.a(sched.o)
                0x00000000000045bf                sched_run
 .text.sched_set_status
                0x0000000000004682      0x11d /home/silvia/Università/Magistrale/IoT/Assignment2_IoT/Fake_RIOT_devices/bin/native/core.a(sched.o)
                0x0000000000004682                sched_set_status
 .text.sched_switch
                0x000000000000479f       0x90 /home/silvia/Università/Magistrale/IoT/Assignment2_IoT/Fake_RIOT_devices/bin/native/core.a(sched.o)
                0x000000000000479f                sched_switch
 .text.sched_task_exit
                0x000000000000482f       0x67 /home/silvia/Università/Magistrale/IoT/Assignment2_IoT/Fake_RIOT_devices/bin/native/core.a(sched.o)
                0x000000000000482f                sched_task_exit
 .text._native_syscall_enter
                0x0000000000004896       0x43 /home/silvia/Università/Magistrale/IoT/Assignment2_IoT/Fake_RIOT_devices/bin/native/cpu.a(syscalls.o)
                0x0000000000004896                _native_syscall_enter
 .text._native_syscall_leave
                0x00000000000048d9      0x137 /home/silvia/Università/Magistrale/IoT/Assignment2_IoT/Fake_RIOT_devices/bin/native/cpu.a(syscalls.o)
                0x00000000000048d9                _native_syscall_leave
 .text.malloc   0x0000000000004a10       0xa8 /home/silvia/Università/Magistrale/IoT/Assignment2_IoT/Fake_RIOT_devices/bin/native/cpu.a(syscalls.o)
                0x0000000000004a10                malloc
 .text.free     0x0000000000004ab8       0x55 /home/silvia/Università/Magistrale/IoT/Assignment2_IoT/Fake_RIOT_devices/bin/native/cpu.a(syscalls.o)
                0x0000000000004ab8                free
 .text.calloc   0x0000000000004b0d       0xb1 /home/silvia/Università/Magistrale/IoT/Assignment2_IoT/Fake_RIOT_devices/bin/native/cpu.a(syscalls.o)
                0x0000000000004b0d                calloc
 .text.realloc  0x0000000000004bbe       0x63 /home/silvia/Università/Magistrale/IoT/Assignment2_IoT/Fake_RIOT_devices/bin/native/cpu.a(syscalls.o)
                0x0000000000004bbe                realloc
 .text._native_write
                0x0000000000004c21       0x6c /home/silvia/Università/Magistrale/IoT/Assignment2_IoT/Fake_RIOT_devices/bin/native/cpu.a(syscalls.o)
                0x0000000000004c21                _native_write
 .text._native_writev
                0x0000000000004c8d       0x6c /home/silvia/Università/Magistrale/IoT/Assignment2_IoT/Fake_RIOT_devices/bin/native/cpu.a(syscalls.o)
                0x0000000000004c8d                _native_writev
 .text.putchar  0x0000000000004cf9       0x4c /home/silvia/Università/Magistrale/IoT/Assignment2_IoT/Fake_RIOT_devices/bin/native/cpu.a(syscalls.o)
                0x0000000000004cf9                putchar
 .text.puts     0x0000000000004d45       0x6d /home/silvia/Università/Magistrale/IoT/Assignment2_IoT/Fake_RIOT_devices/bin/native/cpu.a(syscalls.o)
                0x0000000000004d45                puts
 .text.make_message
                0x0000000000004db2       0xd8 /home/silvia/Università/Magistrale/IoT/Assignment2_IoT/Fake_RIOT_devices/bin/native/cpu.a(syscalls.o)
                0x0000000000004db2                make_message
 .text.printf   0x0000000000004e8a       0x5c /home/silvia/Università/Magistrale/IoT/Assignment2_IoT/Fake_RIOT_devices/bin/native/cpu.a(syscalls.o)
                0x0000000000004e8a                printf
 .text.vprintf  0x0000000000004ee6       0x55 /home/silvia/Università/Magistrale/IoT/Assignment2_IoT/Fake_RIOT_devices/bin/native/cpu.a(syscalls.o)
                0x0000000000004ee6                vprintf
 .text.fprintf  0x0000000000004f3b       0x5b /home/silvia/Università/Magistrale/IoT/Assignment2_IoT/Fake_RIOT_devices/bin/native/cpu.a(syscalls.o)
                0x0000000000004f3b                fprintf
 .text.vfprintf
                0x0000000000004f96       0xb5 /home/silvia/Università/Magistrale/IoT/Assignment2_IoT/Fake_RIOT_devices/bin/native/cpu.a(syscalls.o)
                0x0000000000004f96                vfprintf
 .text.vwarn    0x000000000000504b      0x14e /home/silvia/Università/Magistrale/IoT/Assignment2_IoT/Fake_RIOT_devices/bin/native/cpu.a(syscalls.o)
                0x000000000000504b                vwarn
 .text.vwarnx   0x0000000000005199      0x103 /home/silvia/Università/Magistrale/IoT/Assignment2_IoT/Fake_RIOT_devices/bin/native/cpu.a(syscalls.o)
                0x0000000000005199                vwarnx
 .text.verr     0x000000000000529c       0x4e /home/silvia/Università/Magistrale/IoT/Assignment2_IoT/Fake_RIOT_devices/bin/native/cpu.a(syscalls.o)
                0x000000000000529c                verr
 .text.verrx    0x00000000000052ea       0x4e /home/silvia/Università/Magistrale/IoT/Assignment2_IoT/Fake_RIOT_devices/bin/native/cpu.a(syscalls.o)
                0x00000000000052ea                verrx
 .text.warn     0x0000000000005338       0x4d /home/silvia/Università/Magistrale/IoT/Assignment2_IoT/Fake_RIOT_devices/bin/native/cpu.a(syscalls.o)
                0x0000000000005338                warn
 .text.warnx    0x0000000000005385       0x4d /home/silvia/Università/Magistrale/IoT/Assignment2_IoT/Fake_RIOT_devices/bin/native/cpu.a(syscalls.o)
                0x0000000000005385                warnx
 .text.err      0x00000000000053d2       0x3f /home/silvia/Università/Magistrale/IoT/Assignment2_IoT/Fake_RIOT_devices/bin/native/cpu.a(syscalls.o)
                0x00000000000053d2                err
 .text.errx     0x0000000000005411       0x3f /home/silvia/Università/Magistrale/IoT/Assignment2_IoT/Fake_RIOT_devices/bin/native/cpu.a(syscalls.o)
                0x0000000000005411                errx
 .text.getpid   0x0000000000005450       0x46 /home/silvia/Università/Magistrale/IoT/Assignment2_IoT/Fake_RIOT_devices/bin/native/cpu.a(syscalls.o)
                0x0000000000005450                getpid
 .text._native_init_syscalls
                0x0000000000005496      0x5af /home/silvia/Università/Magistrale/IoT/Assignment2_IoT/Fake_RIOT_devices/bin/native/cpu.a(syscalls.o)
                0x0000000000005496                _native_init_syscalls
 .text.thread_isr_stack_pointer
                0x0000000000005a45       0x35 /home/silvia/Università/Magistrale/IoT/Assignment2_IoT/Fake_RIOT_devices/bin/native/cpu.a(irq_cpu.o)
                0x0000000000005a45                thread_isr_stack_pointer
 .text.thread_isr_stack_start
                0x0000000000005a7a       0x35 /home/silvia/Università/Magistrale/IoT/Assignment2_IoT/Fake_RIOT_devices/bin/native/cpu.a(irq_cpu.o)
                0x0000000000005a7a                thread_isr_stack_start
 .text.irq_disable
                0x0000000000005aaf       0x85 /home/silvia/Università/Magistrale/IoT/Assignment2_IoT/Fake_RIOT_devices/bin/native/cpu.a(irq_cpu.o)
                0x0000000000005aaf                irq_disable
 .text.irq_enable
                0x0000000000005b34       0xa5 /home/silvia/Università/Magistrale/IoT/Assignment2_IoT/Fake_RIOT_devices/bin/native/cpu.a(irq_cpu.o)
                0x0000000000005b34                irq_enable
 .text.irq_restore
                0x0000000000005bd9       0x47 /home/silvia/Università/Magistrale/IoT/Assignment2_IoT/Fake_RIOT_devices/bin/native/cpu.a(irq_cpu.o)
                0x0000000000005bd9                irq_restore
 .text.irq_is_in
                0x0000000000005c20       0x35 /home/silvia/Università/Magistrale/IoT/Assignment2_IoT/Fake_RIOT_devices/bin/native/cpu.a(irq_cpu.o)
                0x0000000000005c20                irq_is_in
 .text._native_popsig
                0x0000000000005c55       0x9f /home/silvia/Università/Magistrale/IoT/Assignment2_IoT/Fake_RIOT_devices/bin/native/cpu.a(irq_cpu.o)
                0x0000000000005c55                _native_popsig
 .text.native_irq_handler
                0x0000000000005cf4       0x8f /home/silvia/Università/Magistrale/IoT/Assignment2_IoT/Fake_RIOT_devices/bin/native/cpu.a(irq_cpu.o)
                0x0000000000005cf4                native_irq_handler
 .text.isr_set_sigmask
                0x0000000000005d83       0x60 /home/silvia/Università/Magistrale/IoT/Assignment2_IoT/Fake_RIOT_devices/bin/native/cpu.a(irq_cpu.o)
                0x0000000000005d83                isr_set_sigmask
 .text.native_isr_entry
                0x0000000000005de3      0x18f /home/silvia/Università/Magistrale/IoT/Assignment2_IoT/Fake_RIOT_devices/bin/native/cpu.a(irq_cpu.o)
                0x0000000000005de3                native_isr_entry
 .text.set_signal_handler
                0x0000000000005f72      0x15f /home/silvia/Università/Magistrale/IoT/Assignment2_IoT/Fake_RIOT_devices/bin/native/cpu.a(irq_cpu.o)
                0x0000000000005f72                set_signal_handler
 .text.register_interrupt
                0x00000000000060d1       0x77 /home/silvia/Università/Magistrale/IoT/Assignment2_IoT/Fake_RIOT_devices/bin/native/cpu.a(irq_cpu.o)
                0x00000000000060d1                register_interrupt
 .text.unregister_interrupt
                0x0000000000006148       0x72 /home/silvia/Università/Magistrale/IoT/Assignment2_IoT/Fake_RIOT_devices/bin/native/cpu.a(irq_cpu.o)
                0x0000000000006148                unregister_interrupt
 .text.native_shutdown
                0x00000000000061ba       0x4e /home/silvia/Università/Magistrale/IoT/Assignment2_IoT/Fake_RIOT_devices/bin/native/cpu.a(irq_cpu.o)
 .text.native_interrupt_init
                0x0000000000006208      0x3bc /home/silvia/Università/Magistrale/IoT/Assignment2_IoT/Fake_RIOT_devices/bin/native/cpu.a(irq_cpu.o)
                0x0000000000006208                native_interrupt_init
 .text._native_mod_ctx_leave_sigh
                0x00000000000065c4       0x54 /home/silvia/Università/Magistrale/IoT/Assignment2_IoT/Fake_RIOT_devices/bin/native/cpu.a(native_cpu.o)
 .text.thread_isr_stack_usage
                0x0000000000006618       0x33 /home/silvia/Università/Magistrale/IoT/Assignment2_IoT/Fake_RIOT_devices/bin/native/cpu.a(native_cpu.o)
                0x0000000000006618                thread_isr_stack_usage
 .text.thread_stack_init
                0x000000000000664b      0x106 /home/silvia/Università/Magistrale/IoT/Assignment2_IoT/Fake_RIOT_devices/bin/native/cpu.a(native_cpu.o)
                0x000000000000664b                thread_stack_init
 .text.isr_cpu_switch_context_exit
                0x0000000000006751       0x97 /home/silvia/Università/Magistrale/IoT/Assignment2_IoT/Fake_RIOT_devices/bin/native/cpu.a(native_cpu.o)
                0x0000000000006751                isr_cpu_switch_context_exit
 .text.cpu_switch_context_exit
                0x00000000000067e8       0xd1 /home/silvia/Università/Magistrale/IoT/Assignment2_IoT/Fake_RIOT_devices/bin/native/cpu.a(native_cpu.o)
                0x00000000000067e8                cpu_switch_context_exit
 .text.isr_thread_yield
                0x00000000000068b9       0x95 /home/silvia/Università/Magistrale/IoT/Assignment2_IoT/Fake_RIOT_devices/bin/native/cpu.a(native_cpu.o)
                0x00000000000068b9                isr_thread_yield
 .text.thread_yield_higher
                0x000000000000694e      0x100 /home/silvia/Università/Magistrale/IoT/Assignment2_IoT/Fake_RIOT_devices/bin/native/cpu.a(native_cpu.o)
                0x000000000000694e                thread_yield_higher
 .text.native_cpu_init
                0x0000000000006a4e       0xa2 /home/silvia/Università/Magistrale/IoT/Assignment2_IoT/Fake_RIOT_devices/bin/native/cpu.a(native_cpu.o)
                0x0000000000006a4e                native_cpu_init
 .text          0x0000000000006af0       0x3f /home/silvia/Università/Magistrale/IoT/Assignment2_IoT/Fake_RIOT_devices/bin/native/cpu.a(tramp.o)
                0x0000000000006af0                _native_sig_leave_tramp
                0x0000000000006b1e                _native_sig_leave_handler
 .text.mutex_init
                0x0000000000006b2f       0x3e /home/silvia/Università/Magistrale/IoT/Assignment2_IoT/Fake_RIOT_devices/bin/native/emcute.a(emcute.o)
 .text.mutex_lock
                0x0000000000006b6d       0x4c /home/silvia/Università/Magistrale/IoT/Assignment2_IoT/Fake_RIOT_devices/bin/native/emcute.a(emcute.o)
 .text._xtimer_usec_from_ticks
                0x0000000000006bb9       0x37 /home/silvia/Università/Magistrale/IoT/Assignment2_IoT/Fake_RIOT_devices/bin/native/emcute.a(emcute.o)
 .text._xtimer_ticks_from_usec
                0x0000000000006bf0       0x37 /home/silvia/Università/Magistrale/IoT/Assignment2_IoT/Fake_RIOT_devices/bin/native/emcute.a(emcute.o)
 .text._xtimer_lltimer_now
                0x0000000000006c27       0x42 /home/silvia/Università/Magistrale/IoT/Assignment2_IoT/Fake_RIOT_devices/bin/native/emcute.a(emcute.o)
 .text._xtimer_now
                0x0000000000006c69       0x33 /home/silvia/Università/Magistrale/IoT/Assignment2_IoT/Fake_RIOT_devices/bin/native/emcute.a(emcute.o)
 .text.xtimer_now
                0x0000000000006c9c       0x49 /home/silvia/Università/Magistrale/IoT/Assignment2_IoT/Fake_RIOT_devices/bin/native/emcute.a(emcute.o)
 .text.xtimer_now_usec
                0x0000000000006ce5       0x4b /home/silvia/Università/Magistrale/IoT/Assignment2_IoT/Fake_RIOT_devices/bin/native/emcute.a(emcute.o)
 .text.xtimer_set
                0x0000000000006d30       0x5d /home/silvia/Università/Magistrale/IoT/Assignment2_IoT/Fake_RIOT_devices/bin/native/emcute.a(emcute.o)
 .text.xtimer_usec_from_ticks
                0x0000000000006d8d       0x43 /home/silvia/Università/Magistrale/IoT/Assignment2_IoT/Fake_RIOT_devices/bin/native/emcute.a(emcute.o)
 .text.byteorder_bebuftohs
                0x0000000000006dd0       0x50 /home/silvia/Università/Magistrale/IoT/Assignment2_IoT/Fake_RIOT_devices/bin/native/emcute.a(emcute.o)
 .text.byteorder_htobebufs
                0x0000000000006e20       0x59 /home/silvia/Università/Magistrale/IoT/Assignment2_IoT/Fake_RIOT_devices/bin/native/emcute.a(emcute.o)
 .text.set_len  0x0000000000006e79       0x7d /home/silvia/Università/Magistrale/IoT/Assignment2_IoT/Fake_RIOT_devices/bin/native/emcute.a(emcute.o)
 .text.get_len  0x0000000000006ef6       0x79 /home/silvia/Università/Magistrale/IoT/Assignment2_IoT/Fake_RIOT_devices/bin/native/emcute.a(emcute.o)
 .text.time_evt
                0x0000000000006f6f       0x4c /home/silvia/Università/Magistrale/IoT/Assignment2_IoT/Fake_RIOT_devices/bin/native/emcute.a(emcute.o)
 .text.syncsend
                0x0000000000006fbb      0x118 /home/silvia/Università/Magistrale/IoT/Assignment2_IoT/Fake_RIOT_devices/bin/native/emcute.a(emcute.o)
 .text.on_disconnect
                0x00000000000070d3       0x69 /home/silvia/Università/Magistrale/IoT/Assignment2_IoT/Fake_RIOT_devices/bin/native/emcute.a(emcute.o)
 .text.on_ack   0x000000000000713c       0xf1 /home/silvia/Università/Magistrale/IoT/Assignment2_IoT/Fake_RIOT_devices/bin/native/emcute.a(emcute.o)
 .text.on_publish
                0x000000000000722d      0x1a2 /home/silvia/Università/Magistrale/IoT/Assignment2_IoT/Fake_RIOT_devices/bin/native/emcute.a(emcute.o)
 .text.on_pingreq
                0x00000000000073cf       0x5c /home/silvia/Università/Magistrale/IoT/Assignment2_IoT/Fake_RIOT_devices/bin/native/emcute.a(emcute.o)
 .text.on_pingresp
                0x000000000000742b       0x2f /home/silvia/Università/Magistrale/IoT/Assignment2_IoT/Fake_RIOT_devices/bin/native/emcute.a(emcute.o)
 .text.send_ping
                0x000000000000745a       0x66 /home/silvia/Università/Magistrale/IoT/Assignment2_IoT/Fake_RIOT_devices/bin/native/emcute.a(emcute.o)
 .text.emcute_con
                0x00000000000074c0      0x2f6 /home/silvia/Università/Magistrale/IoT/Assignment2_IoT/Fake_RIOT_devices/bin/native/emcute.a(emcute.o)
                0x00000000000074c0                emcute_con
 .text.emcute_discon
                0x00000000000077b6       0x77 /home/silvia/Università/Magistrale/IoT/Assignment2_IoT/Fake_RIOT_devices/bin/native/emcute.a(emcute.o)
                0x00000000000077b6                emcute_discon
 .text.emcute_reg
                0x000000000000782d      0x175 /home/silvia/Università/Magistrale/IoT/Assignment2_IoT/Fake_RIOT_devices/bin/native/emcute.a(emcute.o)
                0x000000000000782d                emcute_reg
 .text.emcute_pub
                0x00000000000079a2      0x1fc /home/silvia/Università/Magistrale/IoT/Assignment2_IoT/Fake_RIOT_devices/bin/native/emcute.a(emcute.o)
                0x00000000000079a2                emcute_pub
 .text.emcute_sub
                0x0000000000007b9e      0x1d5 /home/silvia/Università/Magistrale/IoT/Assignment2_IoT/Fake_RIOT_devices/bin/native/emcute.a(emcute.o)
                0x0000000000007b9e                emcute_sub
 .text.emcute_unsub
                0x0000000000007d73      0x190 /home/silvia/Università/Magistrale/IoT/Assignment2_IoT/Fake_RIOT_devices/bin/native/emcute.a(emcute.o)
                0x0000000000007d73                emcute_unsub
 .text.emcute_willupd_topic
                0x0000000000007f03      0x11e /home/silvia/Università/Magistrale/IoT/Assignment2_IoT/Fake_RIOT_devices/bin/native/emcute.a(emcute.o)
                0x0000000000007f03                emcute_willupd_topic
 .text.emcute_willupd_msg
                0x0000000000008021      0x101 /home/silvia/Università/Magistrale/IoT/Assignment2_IoT/Fake_RIOT_devices/bin/native/emcute.a(emcute.o)
                0x0000000000008021                emcute_willupd_msg
 .text.emcute_run
                0x0000000000008122      0x32b /home/silvia/Università/Magistrale/IoT/Assignment2_IoT/Fake_RIOT_devices/bin/native/emcute.a(emcute.o)
                0x0000000000008122                emcute_run
 .text.byteorder_swaps
                0x000000000000844d       0x3d /home/silvia/Università/Magistrale/IoT/Assignment2_IoT/Fake_RIOT_devices/bin/native/gnrc_sock_udp.a(gnrc_sock_udp.o)
 .text.byteorder_ntohs
                0x000000000000848a       0x49 /home/silvia/Università/Magistrale/IoT/Assignment2_IoT/Fake_RIOT_devices/bin/native/gnrc_sock_udp.a(gnrc_sock_udp.o)
 .text.gnrc_pktbuf_release
                0x00000000000084d3       0x4c /home/silvia/Università/Magistrale/IoT/Assignment2_IoT/Fake_RIOT_devices/bin/native/gnrc_sock_udp.a(gnrc_sock_udp.o)
 .text.gnrc_af_not_supported
                0x000000000000851f       0x3b /home/silvia/Università/Magistrale/IoT/Assignment2_IoT/Fake_RIOT_devices/bin/native/gnrc_sock_udp.a(gnrc_sock_udp.o)
 .text.gnrc_ep_addr_any
                0x000000000000855a       0x8d /home/silvia/Università/Magistrale/IoT/Assignment2_IoT/Fake_RIOT_devices/bin/native/gnrc_sock_udp.a(gnrc_sock_udp.o)
 .text.gnrc_ep_set
                0x00000000000085e7       0x83 /home/silvia/Università/Magistrale/IoT/Assignment2_IoT/Fake_RIOT_devices/bin/native/gnrc_sock_udp.a(gnrc_sock_udp.o)
 .text._dyn_port_used
                0x000000000000866a       0x3a /home/silvia/Università/Magistrale/IoT/Assignment2_IoT/Fake_RIOT_devices/bin/native/gnrc_sock_udp.a(gnrc_sock_udp.o)
 .text._get_dyn_port
                0x00000000000086a4       0xb1 /home/silvia/Università/Magistrale/IoT/Assignment2_IoT/Fake_RIOT_devices/bin/native/gnrc_sock_udp.a(gnrc_sock_udp.o)
 .text.sock_udp_create
                0x0000000000008755      0x1f8 /home/silvia/Università/Magistrale/IoT/Assignment2_IoT/Fake_RIOT_devices/bin/native/gnrc_sock_udp.a(gnrc_sock_udp.o)
                0x0000000000008755                sock_udp_create
 .text.sock_udp_recv
                0x000000000000894d      0x20b /home/silvia/Università/Magistrale/IoT/Assignment2_IoT/Fake_RIOT_devices/bin/native/gnrc_sock_udp.a(gnrc_sock_udp.o)
                0x000000000000894d                sock_udp_recv
 .text.sock_udp_send
                0x0000000000008b58      0x2e1 /home/silvia/Università/Magistrale/IoT/Assignment2_IoT/Fake_RIOT_devices/bin/native/gnrc_sock_udp.a(gnrc_sock_udp.o)
                0x0000000000008b58                sock_udp_send
 .text.byteorder_swaps
                0x0000000000008e39       0x3d /home/silvia/Università/Magistrale/IoT/Assignment2_IoT/Fake_RIOT_devices/bin/native/gnrc_udp.a(gnrc_udp.o)
 .text.byteorder_htons
                0x0000000000008e76       0x60 /home/silvia/Università/Magistrale/IoT/Assignment2_IoT/Fake_RIOT_devices/bin/native/gnrc_udp.a(gnrc_udp.o)
 .text.byteorder_ntohs
                0x0000000000008ed6       0x49 /home/silvia/Università/Magistrale/IoT/Assignment2_IoT/Fake_RIOT_devices/bin/native/gnrc_udp.a(gnrc_udp.o)
 .text.inet_csum
                0x0000000000008f1f       0x62 /home/silvia/Università/Magistrale/IoT/Assignment2_IoT/Fake_RIOT_devices/bin/native/gnrc_udp.a(gnrc_udp.o)
 .text.ipv6_hdr_inet_csum
                0x0000000000008f81       0x96 /home/silvia/Università/Magistrale/IoT/Assignment2_IoT/Fake_RIOT_devices/bin/native/gnrc_udp.a(gnrc_udp.o)
 .text.gnrc_pkt_len
                0x0000000000009017       0x57 /home/silvia/Università/Magistrale/IoT/Assignment2_IoT/Fake_RIOT_devices/bin/native/gnrc_udp.a(gnrc_udp.o)
 .text.gnrc_netapi_dispatch_send
                0x000000000000906e       0x5d /home/silvia/Università/Magistrale/IoT/Assignment2_IoT/Fake_RIOT_devices/bin/native/gnrc_udp.a(gnrc_udp.o)
 .text.gnrc_netapi_dispatch_receive
                0x00000000000090cb       0x5d /home/silvia/Università/Magistrale/IoT/Assignment2_IoT/Fake_RIOT_devices/bin/native/gnrc_udp.a(gnrc_udp.o)
 .text.gnrc_pktbuf_release
                0x0000000000009128       0x4c /home/silvia/Università/Magistrale/IoT/Assignment2_IoT/Fake_RIOT_devices/bin/native/gnrc_udp.a(gnrc_udp.o)
 .text._calc_csum
                0x0000000000009174      0x110 /home/silvia/Università/Magistrale/IoT/Assignment2_IoT/Fake_RIOT_devices/bin/native/gnrc_udp.a(gnrc_udp.o)
 .text._receive
                0x0000000000009284      0x191 /home/silvia/Università/Magistrale/IoT/Assignment2_IoT/Fake_RIOT_devices/bin/native/gnrc_udp.a(gnrc_udp.o)
 .text._send    0x0000000000009415      0x184 /home/silvia/Università/Magistrale/IoT/Assignment2_IoT/Fake_RIOT_devices/bin/native/gnrc_udp.a(gnrc_udp.o)
 .text._event_loop
                0x0000000000009599       0xf5 /home/silvia/Università/Magistrale/IoT/Assignment2_IoT/Fake_RIOT_devices/bin/native/gnrc_udp.a(gnrc_udp.o)
 .text.gnrc_udp_calc_csum
                0x000000000000968e       0xb3 /home/silvia/Università/Magistrale/IoT/Assignment2_IoT/Fake_RIOT_devices/bin/native/gnrc_udp.a(gnrc_udp.o)
                0x000000000000968e                gnrc_udp_calc_csum
 .text.gnrc_udp_hdr_build
                0x0000000000009741       0xf7 /home/silvia/Università/Magistrale/IoT/Assignment2_IoT/Fake_RIOT_devices/bin/native/gnrc_udp.a(gnrc_udp.o)
                0x0000000000009741                gnrc_udp_hdr_build
 .text.gnrc_udp_init
                0x0000000000009838       0x79 /home/silvia/Università/Magistrale/IoT/Assignment2_IoT/Fake_RIOT_devices/bin/native/gnrc_udp.a(gnrc_udp.o)
                0x0000000000009838                gnrc_udp_init
 .text.__x86.get_pc_thunk.si
                0x00000000000098b1        0x4 /home/silvia/Università/Magistrale/IoT/Assignment2_IoT/Fake_RIOT_devices/bin/native/gnrc_udp.a(gnrc_udp.o)
                0x00000000000098b1                __x86.get_pc_thunk.si
 .text.inet_csum_slice
                0x00000000000098b5      0x113 /home/silvia/Università/Magistrale/IoT/Assignment2_IoT/Fake_RIOT_devices/bin/native/inet_csum.a(inet_csum.o)
                0x00000000000098b5                inet_csum_slice
 .text.ipv6_addr_equal
                0x00000000000099c8       0xa9 /home/silvia/Università/Magistrale/IoT/Assignment2_IoT/Fake_RIOT_devices/bin/native/ipv6_addr.a(ipv6_addr.o)
                0x00000000000099c8                ipv6_addr_equal
 .text.ipv6_addr_match_prefix
                0x0000000000009a71       0xe2 /home/silvia/Università/Magistrale/IoT/Assignment2_IoT/Fake_RIOT_devices/bin/native/ipv6_addr.a(ipv6_addr.o)
                0x0000000000009a71                ipv6_addr_match_prefix
 .text.ipv6_addr_init_prefix
                0x0000000000009b53       0xeb /home/silvia/Università/Magistrale/IoT/Assignment2_IoT/Fake_RIOT_devices/bin/native/ipv6_addr.a(ipv6_addr.o)
                0x0000000000009b53                ipv6_addr_init_prefix
 .text.ipv6_addr_split
                0x0000000000009c3e       0x99 /home/silvia/Università/Magistrale/IoT/Assignment2_IoT/Fake_RIOT_devices/bin/native/ipv6_addr.a(ipv6_addr.o)
                0x0000000000009c3e                ipv6_addr_split
 .text.ipv6_addr_to_str
                0x0000000000009cd7      0x33b /home/silvia/Università/Magistrale/IoT/Assignment2_IoT/Fake_RIOT_devices/bin/native/ipv6_addr.a(ipv6_addr_to_str.o)
                0x0000000000009cd7                ipv6_addr_to_str
 .text.ipv6_addr_set_unspecified
                0x000000000000a012       0x4e /home/silvia/Università/Magistrale/IoT/Assignment2_IoT/Fake_RIOT_devices/bin/native/ipv6_addr.a(ipv6_addr_from_str.o)
 .text.ipv6_addr_from_str
                0x000000000000a060      0x289 /home/silvia/Università/Magistrale/IoT/Assignment2_IoT/Fake_RIOT_devices/bin/native/ipv6_addr.a(ipv6_addr_from_str.o)
                0x000000000000a060                ipv6_addr_from_str
 .text._native_LED_GREEN_ON
                0x000000000000a2e9       0x48 /home/silvia/Università/Magistrale/IoT/Assignment2_IoT/Fake_RIOT_devices/bin/native/native-drivers.a(native-led.o)
                0x000000000000a2e9                _native_LED_GREEN_ON
 .text._native_LED_RED_OFF
                0x000000000000a331       0x48 /home/silvia/Università/Magistrale/IoT/Assignment2_IoT/Fake_RIOT_devices/bin/native/native-drivers.a(native-led.o)
                0x000000000000a331                _native_LED_RED_OFF
 .text.pm_set_lowest
                0x000000000000a379       0x89 /home/silvia/Università/Magistrale/IoT/Assignment2_IoT/Fake_RIOT_devices/bin/native/periph.a(pm.o)
                0x000000000000a379                pm_set_lowest
 .text.pm_off   0x000000000000a402       0x3e /home/silvia/Università/Magistrale/IoT/Assignment2_IoT/Fake_RIOT_devices/bin/native/periph.a(pm.o)
                0x000000000000a402                pm_off
 .text.pm_reboot
                0x000000000000a440       0x81 /home/silvia/Università/Magistrale/IoT/Assignment2_IoT/Fake_RIOT_devices/bin/native/periph.a(pm.o)
                0x000000000000a440                pm_reboot
 .text.tty_uart_setup
                0x000000000000a4c1       0x5f /home/silvia/Università/Magistrale/IoT/Assignment2_IoT/Fake_RIOT_devices/bin/native/periph.a(uart.o)
                0x000000000000a4c1                tty_uart_setup
 .text.ts2ticks
                0x000000000000a520       0x61 /home/silvia/Università/Magistrale/IoT/Assignment2_IoT/Fake_RIOT_devices/bin/native/periph.a(timer.o)
 .text.native_isr_timer
                0x000000000000a581       0x47 /home/silvia/Università/Magistrale/IoT/Assignment2_IoT/Fake_RIOT_devices/bin/native/periph.a(timer.o)
                0x000000000000a581                native_isr_timer
 .text.timer_init
                0x000000000000a5c8       0xb0 /home/silvia/Università/Magistrale/IoT/Assignment2_IoT/Fake_RIOT_devices/bin/native/periph.a(timer.o)
                0x000000000000a5c8                timer_init
 .text.do_timer_set
                0x000000000000a678       0xd7 /home/silvia/Università/Magistrale/IoT/Assignment2_IoT/Fake_RIOT_devices/bin/native/periph.a(timer.o)
 .text.timer_set
                0x000000000000a74f       0x6d /home/silvia/Università/Magistrale/IoT/Assignment2_IoT/Fake_RIOT_devices/bin/native/periph.a(timer.o)
                0x000000000000a74f                timer_set
 .text.timer_set_absolute
                0x000000000000a7bc       0x69 /home/silvia/Università/Magistrale/IoT/Assignment2_IoT/Fake_RIOT_devices/bin/native/periph.a(timer.o)
                0x000000000000a7bc                timer_set_absolute
 .text.timer_read
                0x000000000000a825       0x97 /home/silvia/Università/Magistrale/IoT/Assignment2_IoT/Fake_RIOT_devices/bin/native/periph.a(timer.o)
                0x000000000000a825                timer_read
 .text.ps       0x000000000000a8bc      0x1d1 /home/silvia/Università/Magistrale/IoT/Assignment2_IoT/Fake_RIOT_devices/bin/native/ps.a(ps.o)
                0x000000000000a8bc                ps
 .text.flush_if_needed
                0x000000000000aa8d       0x2f /home/silvia/Università/Magistrale/IoT/Assignment2_IoT/Fake_RIOT_devices/bin/native/shell.a(shell.o)
 .text.find_handler
                0x000000000000aabc       0xa5 /home/silvia/Università/Magistrale/IoT/Assignment2_IoT/Fake_RIOT_devices/bin/native/shell.a(shell.o)
 .text.print_help
                0x000000000000ab61       0xcc /home/silvia/Università/Magistrale/IoT/Assignment2_IoT/Fake_RIOT_devices/bin/native/shell.a(shell.o)
 .text.handle_input_line
                0x000000000000ac2d      0x32f /home/silvia/Università/Magistrale/IoT/Assignment2_IoT/Fake_RIOT_devices/bin/native/shell.a(shell.o)
 .text.readline
                0x000000000000af5c      0x126 /home/silvia/Università/Magistrale/IoT/Assignment2_IoT/Fake_RIOT_devices/bin/native/shell.a(shell.o)
 .text.print_prompt
                0x000000000000b082       0x53 /home/silvia/Università/Magistrale/IoT/Assignment2_IoT/Fake_RIOT_devices/bin/native/shell.a(shell.o)
 .text.shell_run
                0x000000000000b0d5       0x80 /home/silvia/Università/Magistrale/IoT/Assignment2_IoT/Fake_RIOT_devices/bin/native/shell.a(shell.o)
                0x000000000000b0d5                shell_run
 .text._reboot_handler
                0x000000000000b155       0x4c /home/silvia/Università/Magistrale/IoT/Assignment2_IoT/Fake_RIOT_devices/bin/native/shell_commands.a(sc_sys.o)
                0x000000000000b155                _reboot_handler
 .text._ps_handler
                0x000000000000b1a1       0x4c /home/silvia/Università/Magistrale/IoT/Assignment2_IoT/Fake_RIOT_devices/bin/native/shell_commands.a(sc_ps.o)
                0x000000000000b1a1                _ps_handler
 .text._xtimer_lltimer_now
                0x000000000000b1ed       0x42 /home/silvia/Università/Magistrale/IoT/Assignment2_IoT/Fake_RIOT_devices/bin/native/shell_commands.a(sc_random.o)
 .text._xtimer_now
                0x000000000000b22f       0x33 /home/silvia/Università/Magistrale/IoT/Assignment2_IoT/Fake_RIOT_devices/bin/native/shell_commands.a(sc_random.o)
 .text._random_init
                0x000000000000b262       0xa4 /home/silvia/Università/Magistrale/IoT/Assignment2_IoT/Fake_RIOT_devices/bin/native/shell_commands.a(sc_random.o)
                0x000000000000b262                _random_init
 .text._random_get
                0x000000000000b306       0x5c /home/silvia/Università/Magistrale/IoT/Assignment2_IoT/Fake_RIOT_devices/bin/native/shell_commands.a(sc_random.o)
                0x000000000000b306                _random_get
 .text.ipv6_addr_is_multicast
                0x000000000000b362       0x3f /home/silvia/Università/Magistrale/IoT/Assignment2_IoT/Fake_RIOT_devices/bin/native/shell_commands.a(sc_gnrc_netif.o)
 .text.ipv6_addr_is_link_local
                0x000000000000b3a1       0x89 /home/silvia/Università/Magistrale/IoT/Assignment2_IoT/Fake_RIOT_devices/bin/native/shell_commands.a(sc_gnrc_netif.o)
 .text.gnrc_netapi_get
                0x000000000000b42a       0x7a /home/silvia/Università/Magistrale/IoT/Assignment2_IoT/Fake_RIOT_devices/bin/native/shell_commands.a(sc_gnrc_netif.o)
 .text.gnrc_netapi_set
                0x000000000000b4a4       0x7a /home/silvia/Università/Magistrale/IoT/Assignment2_IoT/Fake_RIOT_devices/bin/native/shell_commands.a(sc_gnrc_netif.o)
 .text._is_number
                0x000000000000b51e       0x64 /home/silvia/Università/Magistrale/IoT/Assignment2_IoT/Fake_RIOT_devices/bin/native/shell_commands.a(sc_gnrc_netif.o)
 .text._is_iface
                0x000000000000b582       0x51 /home/silvia/Università/Magistrale/IoT/Assignment2_IoT/Fake_RIOT_devices/bin/native/shell_commands.a(sc_gnrc_netif.o)
 .text._set_usage
                0x000000000000b5d3       0x61 /home/silvia/Università/Magistrale/IoT/Assignment2_IoT/Fake_RIOT_devices/bin/native/shell_commands.a(sc_gnrc_netif.o)
 .text._flag_usage
                0x000000000000b634       0xa4 /home/silvia/Università/Magistrale/IoT/Assignment2_IoT/Fake_RIOT_devices/bin/native/shell_commands.a(sc_gnrc_netif.o)
 .text._add_usage
                0x000000000000b6d8       0x51 /home/silvia/Università/Magistrale/IoT/Assignment2_IoT/Fake_RIOT_devices/bin/native/shell_commands.a(sc_gnrc_netif.o)
 .text._del_usage
                0x000000000000b729       0x51 /home/silvia/Università/Magistrale/IoT/Assignment2_IoT/Fake_RIOT_devices/bin/native/shell_commands.a(sc_gnrc_netif.o)
 .text._print_netopt
                0x000000000000b77a      0x238 /home/silvia/Università/Magistrale/IoT/Assignment2_IoT/Fake_RIOT_devices/bin/native/shell_commands.a(sc_gnrc_netif.o)
 .text._newline
                0x000000000000b9b2       0x65 /home/silvia/Università/Magistrale/IoT/Assignment2_IoT/Fake_RIOT_devices/bin/native/shell_commands.a(sc_gnrc_netif.o)
 .text._netif_list_flag
                0x000000000000ba17       0xae /home/silvia/Università/Magistrale/IoT/Assignment2_IoT/Fake_RIOT_devices/bin/native/shell_commands.a(sc_gnrc_netif.o)
 .text._netif_list_ipv6
                0x000000000000bac5      0x162 /home/silvia/Università/Magistrale/IoT/Assignment2_IoT/Fake_RIOT_devices/bin/native/shell_commands.a(sc_gnrc_netif.o)
 .text._netif_list_groups
                0x000000000000bc27       0x90 /home/silvia/Università/Magistrale/IoT/Assignment2_IoT/Fake_RIOT_devices/bin/native/shell_commands.a(sc_gnrc_netif.o)
 .text._netif_list
                0x000000000000bcb7      0x9ad /home/silvia/Università/Magistrale/IoT/Assignment2_IoT/Fake_RIOT_devices/bin/native/shell_commands.a(sc_gnrc_netif.o)
 .text._netif_set_u32
                0x000000000000c664      0x1a5 /home/silvia/Università/Magistrale/IoT/Assignment2_IoT/Fake_RIOT_devices/bin/native/shell_commands.a(sc_gnrc_netif.o)
 .text._netif_set_bandwidth
                0x000000000000c809      0x10f /home/silvia/Università/Magistrale/IoT/Assignment2_IoT/Fake_RIOT_devices/bin/native/shell_commands.a(sc_gnrc_netif.o)
 .text._netif_set_coding_rate
                0x000000000000c918      0x12e /home/silvia/Università/Magistrale/IoT/Assignment2_IoT/Fake_RIOT_devices/bin/native/shell_commands.a(sc_gnrc_netif.o)
 .text._netif_set_u16
                0x000000000000ca46      0x1cc /home/silvia/Università/Magistrale/IoT/Assignment2_IoT/Fake_RIOT_devices/bin/native/shell_commands.a(sc_gnrc_netif.o)
 .text._netif_set_i16
                0x000000000000cc12       0xf4 /home/silvia/Università/Magistrale/IoT/Assignment2_IoT/Fake_RIOT_devices/bin/native/shell_commands.a(sc_gnrc_netif.o)
 .text._netif_set_u8
                0x000000000000cd06       0xff /home/silvia/Università/Magistrale/IoT/Assignment2_IoT/Fake_RIOT_devices/bin/native/shell_commands.a(sc_gnrc_netif.o)
 .text._netif_set_flag
                0x000000000000ce05       0xab /home/silvia/Università/Magistrale/IoT/Assignment2_IoT/Fake_RIOT_devices/bin/native/shell_commands.a(sc_gnrc_netif.o)
 .text._netif_set_addr
                0x000000000000ceb0      0x115 /home/silvia/Università/Magistrale/IoT/Assignment2_IoT/Fake_RIOT_devices/bin/native/shell_commands.a(sc_gnrc_netif.o)
 .text._netif_set_state
                0x000000000000cfc5      0x26e /home/silvia/Università/Magistrale/IoT/Assignment2_IoT/Fake_RIOT_devices/bin/native/shell_commands.a(sc_gnrc_netif.o)
 .text._hex_to_int
                0x000000000000d233       0x78 /home/silvia/Università/Magistrale/IoT/Assignment2_IoT/Fake_RIOT_devices/bin/native/shell_commands.a(sc_gnrc_netif.o)
 .text._netif_set_encrypt_key
                0x000000000000d2ab      0x293 /home/silvia/Università/Magistrale/IoT/Assignment2_IoT/Fake_RIOT_devices/bin/native/shell_commands.a(sc_gnrc_netif.o)
 .text._usage   0x000000000000d53e       0x89 /home/silvia/Università/Magistrale/IoT/Assignment2_IoT/Fake_RIOT_devices/bin/native/shell_commands.a(sc_gnrc_netif.o)
 .text._netif_set
                0x000000000000d5c7      0x4be /home/silvia/Università/Magistrale/IoT/Assignment2_IoT/Fake_RIOT_devices/bin/native/shell_commands.a(sc_gnrc_netif.o)
 .text._netif_flag
                0x000000000000da85       0xc7 /home/silvia/Università/Magistrale/IoT/Assignment2_IoT/Fake_RIOT_devices/bin/native/shell_commands.a(sc_gnrc_netif.o)
 .text._get_prefix_len
                0x000000000000db4c       0x60 /home/silvia/Università/Magistrale/IoT/Assignment2_IoT/Fake_RIOT_devices/bin/native/shell_commands.a(sc_gnrc_netif.o)
 .text._netif_add
                0x000000000000dbac      0x1dc /home/silvia/Università/Magistrale/IoT/Assignment2_IoT/Fake_RIOT_devices/bin/native/shell_commands.a(sc_gnrc_netif.o)
 .text._netif_del
                0x000000000000dd88      0x112 /home/silvia/Università/Magistrale/IoT/Assignment2_IoT/Fake_RIOT_devices/bin/native/shell_commands.a(sc_gnrc_netif.o)
 .text._gnrc_netif_config
                0x000000000000de9a      0x2a7 /home/silvia/Università/Magistrale/IoT/Assignment2_IoT/Fake_RIOT_devices/bin/native/shell_commands.a(sc_gnrc_netif.o)
                0x000000000000de9a                _gnrc_netif_config
 .text.ipv6_addr_split_prefix
                0x000000000000e141       0x50 /home/silvia/Università/Magistrale/IoT/Assignment2_IoT/Fake_RIOT_devices/bin/native/shell_commands.a(sc_gnrc_ipv6_nib.o)
 .text._gnrc_ipv6_nib
                0x000000000000e191      0x135 /home/silvia/Università/Magistrale/IoT/Assignment2_IoT/Fake_RIOT_devices/bin/native/shell_commands.a(sc_gnrc_ipv6_nib.o)
                0x000000000000e191                _gnrc_ipv6_nib
 .text._usage   0x000000000000e2c6       0x54 /home/silvia/Università/Magistrale/IoT/Assignment2_IoT/Fake_RIOT_devices/bin/native/shell_commands.a(sc_gnrc_ipv6_nib.o)
 .text._usage_nib_neigh
                0x000000000000e31a       0xbe /home/silvia/Università/Magistrale/IoT/Assignment2_IoT/Fake_RIOT_devices/bin/native/shell_commands.a(sc_gnrc_ipv6_nib.o)
 .text._usage_nib_prefix
                0x000000000000e3d8       0xbe /home/silvia/Università/Magistrale/IoT/Assignment2_IoT/Fake_RIOT_devices/bin/native/shell_commands.a(sc_gnrc_ipv6_nib.o)
 .text._usage_nib_route
                0x000000000000e496       0xbe /home/silvia/Università/Magistrale/IoT/Assignment2_IoT/Fake_RIOT_devices/bin/native/shell_commands.a(sc_gnrc_ipv6_nib.o)
 .text._get_iface
                0x000000000000e554       0x5a /home/silvia/Università/Magistrale/IoT/Assignment2_IoT/Fake_RIOT_devices/bin/native/shell_commands.a(sc_gnrc_ipv6_nib.o)
 .text._nib_neigh
                0x000000000000e5ae      0x2d2 /home/silvia/Università/Magistrale/IoT/Assignment2_IoT/Fake_RIOT_devices/bin/native/shell_commands.a(sc_gnrc_ipv6_nib.o)
 .text._nib_prefix
                0x000000000000e880      0x375 /home/silvia/Università/Magistrale/IoT/Assignment2_IoT/Fake_RIOT_devices/bin/native/shell_commands.a(sc_gnrc_ipv6_nib.o)
 .text._nib_route
                0x000000000000ebf5      0x33a /home/silvia/Università/Magistrale/IoT/Assignment2_IoT/Fake_RIOT_devices/bin/native/shell_commands.a(sc_gnrc_ipv6_nib.o)
 .text.bf_set   0x000000000000ef2f       0x6e /home/silvia/Università/Magistrale/IoT/Assignment2_IoT/Fake_RIOT_devices/bin/native/shell_commands.a(sc_gnrc_icmpv6_echo.o)
 .text.bf_unset
                0x000000000000ef9d       0x6a /home/silvia/Università/Magistrale/IoT/Assignment2_IoT/Fake_RIOT_devices/bin/native/shell_commands.a(sc_gnrc_icmpv6_echo.o)
 .text.bf_isset
                0x000000000000f007       0x6a /home/silvia/Università/Magistrale/IoT/Assignment2_IoT/Fake_RIOT_devices/bin/native/shell_commands.a(sc_gnrc_icmpv6_echo.o)
 .text.byteorder_swaps
                0x000000000000f071       0x3d /home/silvia/Università/Magistrale/IoT/Assignment2_IoT/Fake_RIOT_devices/bin/native/shell_commands.a(sc_gnrc_icmpv6_echo.o)
 .text.byteorder_ntohs
                0x000000000000f0ae       0x49 /home/silvia/Università/Magistrale/IoT/Assignment2_IoT/Fake_RIOT_devices/bin/native/shell_commands.a(sc_gnrc_icmpv6_echo.o)
 .text.cib_avail
                0x000000000000f0f7       0x43 /home/silvia/Università/Magistrale/IoT/Assignment2_IoT/Fake_RIOT_devices/bin/native/shell_commands.a(sc_gnrc_icmpv6_echo.o)
 .text.gnrc_netapi_dispatch_send
                0x000000000000f13a       0x5d /home/silvia/Università/Magistrale/IoT/Assignment2_IoT/Fake_RIOT_devices/bin/native/shell_commands.a(sc_gnrc_icmpv6_echo.o)
 .text.ipv6_addr_split_iface
                0x000000000000f197       0x4d /home/silvia/Università/Magistrale/IoT/Assignment2_IoT/Fake_RIOT_devices/bin/native/shell_commands.a(sc_gnrc_icmpv6_echo.o)
 .text._xtimer_usec_from_ticks
                0x000000000000f1e4       0x37 /home/silvia/Università/Magistrale/IoT/Assignment2_IoT/Fake_RIOT_devices/bin/native/shell_commands.a(sc_gnrc_icmpv6_echo.o)
 .text._xtimer_ticks_from_usec
                0x000000000000f21b       0x37 /home/silvia/Università/Magistrale/IoT/Assignment2_IoT/Fake_RIOT_devices/bin/native/shell_commands.a(sc_gnrc_icmpv6_echo.o)
 .text._xtimer_lltimer_now
                0x000000000000f252       0x42 /home/silvia/Università/Magistrale/IoT/Assignment2_IoT/Fake_RIOT_devices/bin/native/shell_commands.a(sc_gnrc_icmpv6_echo.o)
 .text._xtimer_now
                0x000000000000f294       0x33 /home/silvia/Università/Magistrale/IoT/Assignment2_IoT/Fake_RIOT_devices/bin/native/shell_commands.a(sc_gnrc_icmpv6_echo.o)
 .text.xtimer_now
                0x000000000000f2c7       0x49 /home/silvia/Università/Magistrale/IoT/Assignment2_IoT/Fake_RIOT_devices/bin/native/shell_commands.a(sc_gnrc_icmpv6_echo.o)
 .text.xtimer_now_usec
                0x000000000000f310       0x4b /home/silvia/Università/Magistrale/IoT/Assignment2_IoT/Fake_RIOT_devices/bin/native/shell_commands.a(sc_gnrc_icmpv6_echo.o)
 .text.xtimer_set_msg
                0x000000000000f35b       0x74 /home/silvia/Università/Magistrale/IoT/Assignment2_IoT/Fake_RIOT_devices/bin/native/shell_commands.a(sc_gnrc_icmpv6_echo.o)
 .text.xtimer_usec_from_ticks
                0x000000000000f3cf       0x43 /home/silvia/Università/Magistrale/IoT/Assignment2_IoT/Fake_RIOT_devices/bin/native/shell_commands.a(sc_gnrc_icmpv6_echo.o)
 .text.gnrc_pktbuf_release
                0x000000000000f412       0x4c /home/silvia/Università/Magistrale/IoT/Assignment2_IoT/Fake_RIOT_devices/bin/native/shell_commands.a(sc_gnrc_icmpv6_echo.o)
 .text._gnrc_icmpv6_ping
                0x000000000000f45e      0x284 /home/silvia/Università/Magistrale/IoT/Assignment2_IoT/Fake_RIOT_devices/bin/native/shell_commands.a(sc_gnrc_icmpv6_echo.o)
                0x000000000000f45e                _gnrc_icmpv6_ping
 .text._usage   0x000000000000f6e2       0xbb /home/silvia/Università/Magistrale/IoT/Assignment2_IoT/Fake_RIOT_devices/bin/native/shell_commands.a(sc_gnrc_icmpv6_echo.o)
 .text._configure
                0x000000000000f79d      0x2c2 /home/silvia/Università/Magistrale/IoT/Assignment2_IoT/Fake_RIOT_devices/bin/native/shell_commands.a(sc_gnrc_icmpv6_echo.o)
 .text._pinger  0x000000000000fa5f      0x27f /home/silvia/Università/Magistrale/IoT/Assignment2_IoT/Fake_RIOT_devices/bin/native/shell_commands.a(sc_gnrc_icmpv6_echo.o)
 .text._print_reply
                0x000000000000fcde      0x255 /home/silvia/Università/Magistrale/IoT/Assignment2_IoT/Fake_RIOT_devices/bin/native/shell_commands.a(sc_gnrc_icmpv6_echo.o)
 .text._handle_reply
                0x000000000000ff33      0x102 /home/silvia/Università/Magistrale/IoT/Assignment2_IoT/Fake_RIOT_devices/bin/native/shell_commands.a(sc_gnrc_icmpv6_echo.o)
 .text._finish  0x0000000000010035      0x1b2 /home/silvia/Università/Magistrale/IoT/Assignment2_IoT/Fake_RIOT_devices/bin/native/shell_commands.a(sc_gnrc_icmpv6_echo.o)
 .text._xtimer_lltimer_now
                0x00000000000101e7       0x42 /home/silvia/Università/Magistrale/IoT/Assignment2_IoT/Fake_RIOT_devices/bin/native/xtimer.a(xtimer_core.o)
 .text._xtimer_lltimer_mask
                0x0000000000010229       0x37 /home/silvia/Università/Magistrale/IoT/Assignment2_IoT/Fake_RIOT_devices/bin/native/xtimer.a(xtimer_core.o)
 .text._xtimer_now
                0x0000000000010260       0x33 /home/silvia/Università/Magistrale/IoT/Assignment2_IoT/Fake_RIOT_devices/bin/native/xtimer.a(xtimer_core.o)
 .text._xtimer_spin
                0x0000000000010293       0x4b /home/silvia/Università/Magistrale/IoT/Assignment2_IoT/Fake_RIOT_devices/bin/native/xtimer.a(xtimer_core.o)
 .text._is_set  0x00000000000102de       0x54 /home/silvia/Università/Magistrale/IoT/Assignment2_IoT/Fake_RIOT_devices/bin/native/xtimer.a(xtimer_core.o)
 .text.xtimer_spin_until
                0x0000000000010332       0x4b /home/silvia/Università/Magistrale/IoT/Assignment2_IoT/Fake_RIOT_devices/bin/native/xtimer.a(xtimer_core.o)
 .text.xtimer_init
                0x000000000001037d       0x5b /home/silvia/Università/Magistrale/IoT/Assignment2_IoT/Fake_RIOT_devices/bin/native/xtimer.a(xtimer_core.o)
                0x000000000001037d                xtimer_init
 .text._xtimer_now_internal
                0x00000000000103d8       0x72 /home/silvia/Università/Magistrale/IoT/Assignment2_IoT/Fake_RIOT_devices/bin/native/xtimer.a(xtimer_core.o)
 .text._xtimer_now64
                0x000000000001044a       0x66 /home/silvia/Università/Magistrale/IoT/Assignment2_IoT/Fake_RIOT_devices/bin/native/xtimer.a(xtimer_core.o)
                0x000000000001044a                _xtimer_now64
 .text._xtimer_set64
                0x00000000000104b0      0x103 /home/silvia/Università/Magistrale/IoT/Assignment2_IoT/Fake_RIOT_devices/bin/native/xtimer.a(xtimer_core.o)
                0x00000000000104b0                _xtimer_set64
 .text._xtimer_set
                0x00000000000105b3       0x9c /home/silvia/Università/Magistrale/IoT/Assignment2_IoT/Fake_RIOT_devices/bin/native/xtimer.a(xtimer_core.o)
                0x00000000000105b3                _xtimer_set
 .text._periph_timer_callback
                0x000000000001064f       0x40 /home/silvia/Università/Magistrale/IoT/Assignment2_IoT/Fake_RIOT_devices/bin/native/xtimer.a(xtimer_core.o)
 .text._shoot   0x000000000001068f       0x4a /home/silvia/Università/Magistrale/IoT/Assignment2_IoT/Fake_RIOT_devices/bin/native/xtimer.a(xtimer_core.o)
 .text._lltimer_set
                0x00000000000106d9       0x64 /home/silvia/Università/Magistrale/IoT/Assignment2_IoT/Fake_RIOT_devices/bin/native/xtimer.a(xtimer_core.o)
 .text._xtimer_set_absolute
                0x000000000001073d      0x189 /home/silvia/Università/Magistrale/IoT/Assignment2_IoT/Fake_RIOT_devices/bin/native/xtimer.a(xtimer_core.o)
                0x000000000001073d                _xtimer_set_absolute
 .text._add_timer_to_list
                0x00000000000108c6       0x72 /home/silvia/Università/Magistrale/IoT/Assignment2_IoT/Fake_RIOT_devices/bin/native/xtimer.a(xtimer_core.o)
 .text._add_timer_to_long_list
                0x0000000000010938       0x96 /home/silvia/Università/Magistrale/IoT/Assignment2_IoT/Fake_RIOT_devices/bin/native/xtimer.a(xtimer_core.o)
 .text._remove_timer_from_list
                0x00000000000109ce       0x6d /home/silvia/Università/Magistrale/IoT/Assignment2_IoT/Fake_RIOT_devices/bin/native/xtimer.a(xtimer_core.o)
 .text._remove  0x0000000000010a3b       0xd2 /home/silvia/Università/Magistrale/IoT/Assignment2_IoT/Fake_RIOT_devices/bin/native/xtimer.a(xtimer_core.o)
 .text.xtimer_remove
                0x0000000000010b0d       0x71 /home/silvia/Università/Magistrale/IoT/Assignment2_IoT/Fake_RIOT_devices/bin/native/xtimer.a(xtimer_core.o)
                0x0000000000010b0d                xtimer_remove
 .text._time_left
                0x0000000000010b7e       0x66 /home/silvia/Università/Magistrale/IoT/Assignment2_IoT/Fake_RIOT_devices/bin/native/xtimer.a(xtimer_core.o)
 .text._this_high_period
                0x0000000000010be4       0x39 /home/silvia/Università/Magistrale/IoT/Assignment2_IoT/Fake_RIOT_devices/bin/native/xtimer.a(xtimer_core.o)
 .text._compare
                0x0000000000010c1d       0x6e /home/silvia/Università/Magistrale/IoT/Assignment2_IoT/Fake_RIOT_devices/bin/native/xtimer.a(xtimer_core.o)
 .text._merge_lists
                0x0000000000010c8b       0xa9 /home/silvia/Università/Magistrale/IoT/Assignment2_IoT/Fake_RIOT_devices/bin/native/xtimer.a(xtimer_core.o)
 .text._select_long_timers
                0x0000000000010d34       0xde /home/silvia/Università/Magistrale/IoT/Assignment2_IoT/Fake_RIOT_devices/bin/native/xtimer.a(xtimer_core.o)
 .text._next_period
                0x0000000000010e12       0x5a /home/silvia/Università/Magistrale/IoT/Assignment2_IoT/Fake_RIOT_devices/bin/native/xtimer.a(xtimer_core.o)
 .text._timer_callback
                0x0000000000010e6c      0x1f0 /home/silvia/Università/Magistrale/IoT/Assignment2_IoT/Fake_RIOT_devices/bin/native/xtimer.a(xtimer_core.o)
 .text._callback_msg
                0x000000000001105c       0x5a /home/silvia/Università/Magistrale/IoT/Assignment2_IoT/Fake_RIOT_devices/bin/native/xtimer.a(xtimer.o)
 .text._setup_msg
                0x00000000000110b6       0x64 /home/silvia/Università/Magistrale/IoT/Assignment2_IoT/Fake_RIOT_devices/bin/native/xtimer.a(xtimer.o)
 .text._xtimer_set_msg
                0x000000000001111a       0x76 /home/silvia/Università/Magistrale/IoT/Assignment2_IoT/Fake_RIOT_devices/bin/native/xtimer.a(xtimer.o)
                0x000000000001111a                _xtimer_set_msg
 .text.periph_init
                0x0000000000011190       0x3c /home/silvia/Università/Magistrale/IoT/Assignment2_IoT/Fake_RIOT_devices/bin/native/periph_common.a(init.o)
                0x0000000000011190                periph_init
 .text.auto_init
                0x00000000000111cc       0x58 /home/silvia/Università/Magistrale/IoT/Assignment2_IoT/Fake_RIOT_devices/bin/native/auto_init.a(auto_init.o)
                0x00000000000111cc                auto_init
 .text.auto_init_netdev_tap
                0x0000000000011224       0xc4 /home/silvia/Università/Magistrale/IoT/Assignment2_IoT/Fake_RIOT_devices/bin/native/auto_init_gnrc_netif.a(auto_init_netdev_tap.o)
                0x0000000000011224                auto_init_netdev_tap
 .text.list_remove_head
                0x00000000000112e8       0x4f /home/silvia/Università/Magistrale/IoT/Assignment2_IoT/Fake_RIOT_devices/bin/native/core.a(mutex.o)
 .text._mutex_lock
                0x0000000000011337       0xf3 /home/silvia/Università/Magistrale/IoT/Assignment2_IoT/Fake_RIOT_devices/bin/native/core.a(mutex.o)
                0x0000000000011337                _mutex_lock
 .text.mutex_unlock
                0x000000000001142a       0xef /home/silvia/Università/Magistrale/IoT/Assignment2_IoT/Fake_RIOT_devices/bin/native/core.a(mutex.o)
                0x000000000001142a                mutex_unlock
 .text._async_io_isr
                0x0000000000011519      0x1f9 /home/silvia/Università/Magistrale/IoT/Assignment2_IoT/Fake_RIOT_devices/bin/native/cpu.a(async_read.o)
 .text.native_async_read_setup
                0x0000000000011712       0x4a /home/silvia/Università/Magistrale/IoT/Assignment2_IoT/Fake_RIOT_devices/bin/native/cpu.a(async_read.o)
                0x0000000000011712                native_async_read_setup
 .text.native_async_read_cleanup
                0x000000000001175c       0x74 /home/silvia/Università/Magistrale/IoT/Assignment2_IoT/Fake_RIOT_devices/bin/native/cpu.a(async_read.o)
                0x000000000001175c                native_async_read_cleanup
 .text.native_async_read_continue
                0x00000000000117d0       0x35 /home/silvia/Università/Magistrale/IoT/Assignment2_IoT/Fake_RIOT_devices/bin/native/cpu.a(async_read.o)
                0x00000000000117d0                native_async_read_continue
 .text.native_async_read_add_handler
                0x0000000000011805      0x105 /home/silvia/Università/Magistrale/IoT/Assignment2_IoT/Fake_RIOT_devices/bin/native/cpu.a(async_read.o)
                0x0000000000011805                native_async_read_add_handler
 .text.fmt_byte_hex
                0x000000000001190a       0x7e /home/silvia/Università/Magistrale/IoT/Assignment2_IoT/Fake_RIOT_devices/bin/native/fmt.a(fmt.o)
                0x000000000001190a                fmt_byte_hex
 .text.gnrc_netapi_dispatch_send
                0x0000000000011988       0x5d /home/silvia/Università/Magistrale/IoT/Assignment2_IoT/Fake_RIOT_devices/bin/native/gnrc_icmpv6_echo.a(gnrc_icmpv6_echo.o)
 .text.byteorder_swaps
                0x00000000000119e5       0x3d /home/silvia/Università/Magistrale/IoT/Assignment2_IoT/Fake_RIOT_devices/bin/native/gnrc_icmpv6_echo.a(gnrc_icmpv6_echo.o)
 .text.byteorder_htons
                0x0000000000011a22       0x60 /home/silvia/Università/Magistrale/IoT/Assignment2_IoT/Fake_RIOT_devices/bin/native/gnrc_icmpv6_echo.a(gnrc_icmpv6_echo.o)
 .text.byteorder_ntohs
                0x0000000000011a82       0x49 /home/silvia/Università/Magistrale/IoT/Assignment2_IoT/Fake_RIOT_devices/bin/native/gnrc_icmpv6_echo.a(gnrc_icmpv6_echo.o)
 .text.ipv6_addr_is_multicast
                0x0000000000011acb       0x3f /home/silvia/Università/Magistrale/IoT/Assignment2_IoT/Fake_RIOT_devices/bin/native/gnrc_icmpv6_echo.a(gnrc_icmpv6_echo.o)
 .text.gnrc_pktbuf_release
                0x0000000000011b0a       0x4c /home/silvia/Università/Magistrale/IoT/Assignment2_IoT/Fake_RIOT_devices/bin/native/gnrc_icmpv6_echo.a(gnrc_icmpv6_echo.o)
 .text.gnrc_icmpv6_echo_build
                0x0000000000011b56       0xe6 /home/silvia/Università/Magistrale/IoT/Assignment2_IoT/Fake_RIOT_devices/bin/native/gnrc_icmpv6_echo.a(gnrc_icmpv6_echo.o)
                0x0000000000011b56                gnrc_icmpv6_echo_build
 .text.gnrc_icmpv6_echo_req_handle
                0x0000000000011c3c      0x1c3 /home/silvia/Università/Magistrale/IoT/Assignment2_IoT/Fake_RIOT_devices/bin/native/gnrc_icmpv6_echo.a(gnrc_icmpv6_echo.o)
                0x0000000000011c3c                gnrc_icmpv6_echo_req_handle
 .text.byteorder_swaps
                0x0000000000011dff       0x3d /home/silvia/Università/Magistrale/IoT/Assignment2_IoT/Fake_RIOT_devices/bin/native/gnrc_ipv6.a(gnrc_ipv6.o)
 .text.byteorder_htons
                0x0000000000011e3c       0x60 /home/silvia/Università/Magistrale/IoT/Assignment2_IoT/Fake_RIOT_devices/bin/native/gnrc_ipv6.a(gnrc_ipv6.o)
 .text.byteorder_ntohs
                0x0000000000011e9c       0x49 /home/silvia/Università/Magistrale/IoT/Assignment2_IoT/Fake_RIOT_devices/bin/native/gnrc_ipv6.a(gnrc_ipv6.o)
 .text.gnrc_nettype_from_protnum
                0x0000000000011ee5       0x63 /home/silvia/Università/Magistrale/IoT/Assignment2_IoT/Fake_RIOT_devices/bin/native/gnrc_ipv6.a(gnrc_ipv6.o)
 .text.gnrc_nettype_to_protnum
                0x0000000000011f48       0x62 /home/silvia/Università/Magistrale/IoT/Assignment2_IoT/Fake_RIOT_devices/bin/native/gnrc_ipv6.a(gnrc_ipv6.o)
 .text.gnrc_pkt_len
                0x0000000000011faa       0x57 /home/silvia/Università/Magistrale/IoT/Assignment2_IoT/Fake_RIOT_devices/bin/native/gnrc_ipv6.a(gnrc_ipv6.o)
 .text.gnrc_pkt_len_upto
                0x0000000000012001       0x6b /home/silvia/Università/Magistrale/IoT/Assignment2_IoT/Fake_RIOT_devices/bin/native/gnrc_ipv6.a(gnrc_ipv6.o)
 .text.gnrc_netapi_send
                0x000000000001206c       0x5a /home/silvia/Università/Magistrale/IoT/Assignment2_IoT/Fake_RIOT_devices/bin/native/gnrc_ipv6.a(gnrc_ipv6.o)
 .text.gnrc_netapi_dispatch_receive
                0x00000000000120c6       0x5d /home/silvia/Università/Magistrale/IoT/Assignment2_IoT/Fake_RIOT_devices/bin/native/gnrc_ipv6.a(gnrc_ipv6.o)
 .text.ipv6_addr_is_unspecified
                0x0000000000012123       0x57 /home/silvia/Università/Magistrale/IoT/Assignment2_IoT/Fake_RIOT_devices/bin/native/gnrc_ipv6.a(gnrc_ipv6.o)
 .text.ipv6_addr_is_loopback
                0x000000000001217a       0x57 /home/silvia/Università/Magistrale/IoT/Assignment2_IoT/Fake_RIOT_devices/bin/native/gnrc_ipv6.a(gnrc_ipv6.o)
 .text.ipv6_addr_is_multicast
                0x00000000000121d1       0x3f /home/silvia/Università/Magistrale/IoT/Assignment2_IoT/Fake_RIOT_devices/bin/native/gnrc_ipv6.a(gnrc_ipv6.o)
 .text.ipv6_addr_is_link_local
                0x0000000000012210       0x89 /home/silvia/Università/Magistrale/IoT/Assignment2_IoT/Fake_RIOT_devices/bin/native/gnrc_ipv6.a(gnrc_ipv6.o)
 .text.ipv6_addr_set_loopback
                0x0000000000012299       0x55 /home/silvia/Università/Magistrale/IoT/Assignment2_IoT/Fake_RIOT_devices/bin/native/gnrc_ipv6.a(gnrc_ipv6.o)
 .text.gnrc_pktbuf_release
                0x00000000000122ee       0x4c /home/silvia/Università/Magistrale/IoT/Assignment2_IoT/Fake_RIOT_devices/bin/native/gnrc_ipv6.a(gnrc_ipv6.o)
 .text.gnrc_netif_hdr_get_netif
                0x000000000001233a       0x6d /home/silvia/Università/Magistrale/IoT/Assignment2_IoT/Fake_RIOT_devices/bin/native/gnrc_ipv6.a(gnrc_ipv6.o)
 .text.ipv6_hdr_is
                0x00000000000123a7       0x48 /home/silvia/Università/Magistrale/IoT/Assignment2_IoT/Fake_RIOT_devices/bin/native/gnrc_ipv6.a(gnrc_ipv6.o)
 .text.gnrc_ipv6_nib_nc_get_iface
                0x00000000000123ef       0x44 /home/silvia/Università/Magistrale/IoT/Assignment2_IoT/Fake_RIOT_devices/bin/native/gnrc_ipv6.a(gnrc_ipv6.o)
 .text.gnrc_ipv6_init
                0x0000000000012433       0x78 /home/silvia/Università/Magistrale/IoT/Assignment2_IoT/Fake_RIOT_devices/bin/native/gnrc_ipv6.a(gnrc_ipv6.o)
                0x0000000000012433                gnrc_ipv6_init
 .text._gnrc_ipv6_is_interested
                0x00000000000124ab       0x3b /home/silvia/Università/Magistrale/IoT/Assignment2_IoT/Fake_RIOT_devices/bin/native/gnrc_ipv6.a(gnrc_ipv6.o)
 .text._demux   0x00000000000124e6       0x9f /home/silvia/Università/Magistrale/IoT/Assignment2_IoT/Fake_RIOT_devices/bin/native/gnrc_ipv6.a(gnrc_ipv6.o)
 .text.gnrc_ipv6_get_header
                0x0000000000012585       0xc3 /home/silvia/Università/Magistrale/IoT/Assignment2_IoT/Fake_RIOT_devices/bin/native/gnrc_ipv6.a(gnrc_ipv6.o)
                0x0000000000012585                gnrc_ipv6_get_header
 .text._dispatch_next_header
                0x0000000000012648       0xff /home/silvia/Università/Magistrale/IoT/Assignment2_IoT/Fake_RIOT_devices/bin/native/gnrc_ipv6.a(gnrc_ipv6.o)
 .text._event_loop
                0x0000000000012747      0x152 /home/silvia/Università/Magistrale/IoT/Assignment2_IoT/Fake_RIOT_devices/bin/native/gnrc_ipv6.a(gnrc_ipv6.o)
 .text._send_to_iface
                0x0000000000012899       0xda /home/silvia/Università/Magistrale/IoT/Assignment2_IoT/Fake_RIOT_devices/bin/native/gnrc_ipv6.a(gnrc_ipv6.o)
 .text._create_netif_hdr
                0x0000000000012973       0xa7 /home/silvia/Università/Magistrale/IoT/Assignment2_IoT/Fake_RIOT_devices/bin/native/gnrc_ipv6.a(gnrc_ipv6.o)
 .text._is_ipv6_hdr
                0x0000000000012a1a       0x40 /home/silvia/Università/Magistrale/IoT/Assignment2_IoT/Fake_RIOT_devices/bin/native/gnrc_ipv6.a(gnrc_ipv6.o)
 .text._fill_ipv6_hdr
                0x0000000000012a5a      0x1e8 /home/silvia/Università/Magistrale/IoT/Assignment2_IoT/Fake_RIOT_devices/bin/native/gnrc_ipv6.a(gnrc_ipv6.o)
 .text._safe_fill_ipv6_hdr
                0x0000000000012c42       0x77 /home/silvia/Università/Magistrale/IoT/Assignment2_IoT/Fake_RIOT_devices/bin/native/gnrc_ipv6.a(gnrc_ipv6.o)
 .text._send_unicast
                0x0000000000012cb9      0x108 /home/silvia/Università/Magistrale/IoT/Assignment2_IoT/Fake_RIOT_devices/bin/native/gnrc_ipv6.a(gnrc_ipv6.o)
 .text._send_multicast_over_iface
                0x0000000000012dc1       0x79 /home/silvia/Università/Magistrale/IoT/Assignment2_IoT/Fake_RIOT_devices/bin/native/gnrc_ipv6.a(gnrc_ipv6.o)
 .text._send_multicast
                0x0000000000012e3a       0xe0 /home/silvia/Università/Magistrale/IoT/Assignment2_IoT/Fake_RIOT_devices/bin/native/gnrc_ipv6.a(gnrc_ipv6.o)
 .text._send_to_self
                0x0000000000012f1a       0xad /home/silvia/Università/Magistrale/IoT/Assignment2_IoT/Fake_RIOT_devices/bin/native/gnrc_ipv6.a(gnrc_ipv6.o)
 .text._send    0x0000000000012fc7      0x1de /home/silvia/Università/Magistrale/IoT/Assignment2_IoT/Fake_RIOT_devices/bin/native/gnrc_ipv6.a(gnrc_ipv6.o)
 .text._pkt_not_for_me
                0x00000000000131a5       0xba /home/silvia/Università/Magistrale/IoT/Assignment2_IoT/Fake_RIOT_devices/bin/native/gnrc_ipv6.a(gnrc_ipv6.o)
 .text._receive
                0x000000000001325f      0x266 /home/silvia/Università/Magistrale/IoT/Assignment2_IoT/Fake_RIOT_devices/bin/native/gnrc_ipv6.a(gnrc_ipv6.o)
 .text.byteorder_swapl
                0x00000000000134c5       0x39 /home/silvia/Università/Magistrale/IoT/Assignment2_IoT/Fake_RIOT_devices/bin/native/gnrc_ipv6_hdr.a(gnrc_ipv6_hdr.o)
 .text.byteorder_htonl
                0x00000000000134fe       0x58 /home/silvia/Università/Magistrale/IoT/Assignment2_IoT/Fake_RIOT_devices/bin/native/gnrc_ipv6_hdr.a(gnrc_ipv6_hdr.o)
 .text.ipv6_addr_set_unspecified
                0x0000000000013556       0x4e /home/silvia/Università/Magistrale/IoT/Assignment2_IoT/Fake_RIOT_devices/bin/native/gnrc_ipv6_hdr.a(gnrc_ipv6_hdr.o)
 .text.ipv6_addr_set_loopback
                0x00000000000135a4       0x55 /home/silvia/Università/Magistrale/IoT/Assignment2_IoT/Fake_RIOT_devices/bin/native/gnrc_ipv6_hdr.a(gnrc_ipv6_hdr.o)
 .text.gnrc_ipv6_hdr_build
                0x00000000000135f9      0x101 /home/silvia/Università/Magistrale/IoT/Assignment2_IoT/Fake_RIOT_devices/bin/native/gnrc_ipv6_hdr.a(gnrc_ipv6_hdr.o)
                0x00000000000135f9                gnrc_ipv6_hdr_build
 .text.byteorder_swaps
                0x00000000000136fa       0x3d /home/silvia/Università/Magistrale/IoT/Assignment2_IoT/Fake_RIOT_devices/bin/native/gnrc_ipv6_nib.a(nib.o)
 .text.byteorder_swapl
                0x0000000000013737       0x39 /home/silvia/Università/Magistrale/IoT/Assignment2_IoT/Fake_RIOT_devices/bin/native/gnrc_ipv6_nib.a(nib.o)
 .text.byteorder_ntohs
                0x0000000000013770       0x49 /home/silvia/Università/Magistrale/IoT/Assignment2_IoT/Fake_RIOT_devices/bin/native/gnrc_ipv6_nib.a(nib.o)
 .text.byteorder_ntohl
                0x00000000000137b9       0x43 /home/silvia/Università/Magistrale/IoT/Assignment2_IoT/Fake_RIOT_devices/bin/native/gnrc_ipv6_nib.a(nib.o)
 .text.ipv6_addr_is_unspecified
                0x00000000000137fc       0x57 /home/silvia/Università/Magistrale/IoT/Assignment2_IoT/Fake_RIOT_devices/bin/native/gnrc_ipv6_nib.a(nib.o)
 .text.ipv6_addr_is_multicast
                0x0000000000013853       0x3f /home/silvia/Università/Magistrale/IoT/Assignment2_IoT/Fake_RIOT_devices/bin/native/gnrc_ipv6_nib.a(nib.o)
 .text.ipv6_addr_is_link_local
                0x0000000000013892       0x89 /home/silvia/Università/Magistrale/IoT/Assignment2_IoT/Fake_RIOT_devices/bin/native/gnrc_ipv6_nib.a(nib.o)
 .text.ipv6_addr_is_solicited_node
                0x000000000001391b       0x57 /home/silvia/Università/Magistrale/IoT/Assignment2_IoT/Fake_RIOT_devices/bin/native/gnrc_ipv6_nib.a(nib.o)
 .text.gnrc_netapi_dispatch_send
                0x0000000000013972       0x5d /home/silvia/Università/Magistrale/IoT/Assignment2_IoT/Fake_RIOT_devices/bin/native/gnrc_ipv6_nib.a(nib.o)
 .text.mutex_lock
                0x00000000000139cf       0x4c /home/silvia/Università/Magistrale/IoT/Assignment2_IoT/Fake_RIOT_devices/bin/native/gnrc_ipv6_nib.a(nib.o)
 .text._xtimer_usec_from_ticks64
                0x0000000000013a1b       0x40 /home/silvia/Università/Magistrale/IoT/Assignment2_IoT/Fake_RIOT_devices/bin/native/gnrc_ipv6_nib.a(nib.o)
 .text.xtimer_now64
                0x0000000000013a5b       0x5a /home/silvia/Università/Magistrale/IoT/Assignment2_IoT/Fake_RIOT_devices/bin/native/gnrc_ipv6_nib.a(nib.o)
 .text.xtimer_now_usec64
                0x0000000000013ab5       0x4e /home/silvia/Università/Magistrale/IoT/Assignment2_IoT/Fake_RIOT_devices/bin/native/gnrc_ipv6_nib.a(nib.o)
 .text.xtimer_usec_from_ticks64
                0x0000000000013b03       0x4d /home/silvia/Università/Magistrale/IoT/Assignment2_IoT/Fake_RIOT_devices/bin/native/gnrc_ipv6_nib.a(nib.o)
 .text.evtimer_add_msg
                0x0000000000013b50       0x68 /home/silvia/Università/Magistrale/IoT/Assignment2_IoT/Fake_RIOT_devices/bin/native/gnrc_ipv6_nib.a(nib.o)
 .text.gnrc_netif_ipv6_addr_dad_trans
                0x0000000000013bb8       0x4b /home/silvia/Università/Magistrale/IoT/Assignment2_IoT/Fake_RIOT_devices/bin/native/gnrc_ipv6_nib.a(nib.o)
 .text.gnrc_pktbuf_release
                0x0000000000013c03       0x4c /home/silvia/Università/Magistrale/IoT/Assignment2_IoT/Fake_RIOT_devices/bin/native/gnrc_ipv6_nib.a(nib.o)
 .text.gnrc_pktqueue_add
                0x0000000000013c4f       0x7a /home/silvia/Università/Magistrale/IoT/Assignment2_IoT/Fake_RIOT_devices/bin/native/gnrc_ipv6_nib.a(nib.o)
 .text._nib_onl_get_if
                0x0000000000013cc9       0x44 /home/silvia/Università/Magistrale/IoT/Assignment2_IoT/Fake_RIOT_devices/bin/native/gnrc_ipv6_nib.a(nib.o)
 .text._evtimer_add
                0x0000000000013d0d       0xb1 /home/silvia/Università/Magistrale/IoT/Assignment2_IoT/Fake_RIOT_devices/bin/native/gnrc_ipv6_nib.a(nib.o)
 .text._init_iface_arsm
                0x0000000000013dbe       0x5b /home/silvia/Università/Magistrale/IoT/Assignment2_IoT/Fake_RIOT_devices/bin/native/gnrc_ipv6_nib.a(nib.o)
 .text._get_nud_state
                0x0000000000013e19       0x3e /home/silvia/Università/Magistrale/IoT/Assignment2_IoT/Fake_RIOT_devices/bin/native/gnrc_ipv6_nib.a(nib.o)
 .text.gnrc_ipv6_nib_init
                0x0000000000013e57       0x96 /home/silvia/Università/Magistrale/IoT/Assignment2_IoT/Fake_RIOT_devices/bin/native/gnrc_ipv6_nib.a(nib.o)
                0x0000000000013e57                gnrc_ipv6_nib_init
 .text.gnrc_ipv6_nib_init_iface
                0x0000000000013eed      0x164 /home/silvia/Università/Magistrale/IoT/Assignment2_IoT/Fake_RIOT_devices/bin/native/gnrc_ipv6_nib.a(nib.o)
                0x0000000000013eed                gnrc_ipv6_nib_init_iface
 .text._on_link
                0x0000000000014051       0xd0 /home/silvia/Università/Magistrale/IoT/Assignment2_IoT/Fake_RIOT_devices/bin/native/gnrc_ipv6_nib.a(nib.o)
 .text.gnrc_ipv6_nib_get_next_hop_l2addr
                0x0000000000014121      0x2e0 /home/silvia/Università/Magistrale/IoT/Assignment2_IoT/Fake_RIOT_devices/bin/native/gnrc_ipv6_nib.a(nib.o)
                0x0000000000014121                gnrc_ipv6_nib_get_next_hop_l2addr
 .text.gnrc_ipv6_nib_handle_pkt
                0x0000000000014401      0x105 /home/silvia/Università/Magistrale/IoT/Assignment2_IoT/Fake_RIOT_devices/bin/native/gnrc_ipv6_nib.a(nib.o)
                0x0000000000014401                gnrc_ipv6_nib_handle_pkt
 .text.gnrc_ipv6_nib_handle_timer_event
                0x0000000000014506      0x11b /home/silvia/Università/Magistrale/IoT/Assignment2_IoT/Fake_RIOT_devices/bin/native/gnrc_ipv6_nib.a(nib.o)
                0x0000000000014506                gnrc_ipv6_nib_handle_timer_event
 .text._min     0x0000000000014621       0x44 /home/silvia/Università/Magistrale/IoT/Assignment2_IoT/Fake_RIOT_devices/bin/native/gnrc_ipv6_nib.a(nib.o)
 .text._handle_rtr_adv
                0x0000000000014665      0x38c /home/silvia/Università/Magistrale/IoT/Assignment2_IoT/Fake_RIOT_devices/bin/native/gnrc_ipv6_nib.a(nib.o)
 .text._get_l2src
                0x00000000000149f1       0x74 /home/silvia/Università/Magistrale/IoT/Assignment2_IoT/Fake_RIOT_devices/bin/native/gnrc_ipv6_nib.a(nib.o)
 .text._check_release_pkt
                0x0000000000014a65       0x51 /home/silvia/Università/Magistrale/IoT/Assignment2_IoT/Fake_RIOT_devices/bin/native/gnrc_ipv6_nib.a(nib.o)
 .text._send_delayed_nbr_adv
                0x0000000000014ab6      0x209 /home/silvia/Università/Magistrale/IoT/Assignment2_IoT/Fake_RIOT_devices/bin/native/gnrc_ipv6_nib.a(nib.o)
 .text._handle_nbr_sol
                0x0000000000014cbf      0x32e /home/silvia/Università/Magistrale/IoT/Assignment2_IoT/Fake_RIOT_devices/bin/native/gnrc_ipv6_nib.a(nib.o)
 .text._handle_nbr_adv
                0x0000000000014fed      0x2a7 /home/silvia/Università/Magistrale/IoT/Assignment2_IoT/Fake_RIOT_devices/bin/native/gnrc_ipv6_nib.a(nib.o)
 .text._alloc_queue_entry
                0x0000000000015294       0x78 /home/silvia/Università/Magistrale/IoT/Assignment2_IoT/Fake_RIOT_devices/bin/native/gnrc_ipv6_nib.a(nib.o)
 .text._resolve_addr
                0x000000000001530c      0x2aa /home/silvia/Università/Magistrale/IoT/Assignment2_IoT/Fake_RIOT_devices/bin/native/gnrc_ipv6_nib.a(nib.o)
 .text._handle_snd_na
                0x00000000000155b6       0x63 /home/silvia/Università/Magistrale/IoT/Assignment2_IoT/Fake_RIOT_devices/bin/native/gnrc_ipv6_nib.a(nib.o)
 .text._handle_pfx_timeout
                0x0000000000015619      0x1fb /home/silvia/Università/Magistrale/IoT/Assignment2_IoT/Fake_RIOT_devices/bin/native/gnrc_ipv6_nib.a(nib.o)
 .text._handle_rtr_timeout